<html>
<body>
<pre>
<h1>礦ision Build Log</h1>
<h2>Tool Versions:</h2>
IDE-Version: μVision V5.18.0.0
Copyright (C) 2016 ARM Ltd and ARM Germany GmbH. All rights reserved.
License Information: 软件安装管家 1162550817@qq.com, Microsoft, LIC=LJWEV-PYXXQ-D1VPR-K7NHW-X1RV2-YKPLG
 
Tool Versions:
Toolchain:       MDK-ARM Professional  Version: 5.18
Toolchain Path:  D:\BaiduNetdiskDownload\keil5\ARM\ARMCC\Bin
C Compiler:      Armcc.exe V5.06 update 1 (build 61)
Assembler:       Armasm.exe V5.06 update 1 (build 61)
Linker/Locator:  ArmLink.exe V5.06 update 1 (build 61)
Library Manager: ArmAr.exe V5.06 update 1 (build 61)
Hex Converter:   FromElf.exe V5.06 update 1 (build 61)
CPU DLL:         SARMCM3.DLL V5.18
Dialog DLL:      DCM.DLL V1.13.6.0
Target DLL:      Segger\JL2CM3.dll V2.99.18.0
Dialog DLL:      TCM.DLL V1.14.8.0
 
<h2>Project:</h2>
D:\控制\19赛季程序\英雄功率加跟随\英雄去抖\RM战车.uvprojx
Project File Date:  09/07/2019

<h2>Output:</h2>
*** Using Compiler 'V5.06 update 1 (build 61)', folder: 'D:\BaiduNetdiskDownload\keil5\ARM\ARMCC\Bin'
Build target 'Target 1'
compiling main.c...
USER\main.c(56): warning:  #1035-D: single-precision operand implicitly converted to double-precision
  		xiao_yaw=(float)stcAngle.Angle[2]/32768*180+180.0;
USER\main.c: 1 warning, 0 errors
linking...
Program Size: Code=22368 RO-data=448 RW-data=2120 ZI-data=4224  
FromELF: creating hex file...
".\Objects\RM战车.axf" - 0 Error(s), 1 Warning(s).

<h2>Software Packages used:</h2>

Package Vendor: ARM
                http://www.keil.com/pack/ARM.CMSIS.4.5.0.pack
                ARM::CMSIS:CORE:4.3.0
                CMSIS (Cortex Microcontroller Software Interface Standard)
   * Component: CORE Version: 4.3.0

<h2>Collection of Component include folders:</h2>
  D:\控制\19赛季程序\英雄功率加跟随\英雄去抖\RTE
  D:\BaiduNetdiskDownload\keil5\ARM\PACK\ARM\CMSIS\4.5.0\CMSIS\Include

<h2>Collection of Component Files used:</h2>

   * Component: ARM::CMSIS:CORE:4.3.0
Build Time Elapsed:  00:00:05
</pre>
</body>
</html>
