<html>
<body>
<pre>
<h1>礦ision Build Log</h1>
<h2>Tool Versions:</h2>
IDE-Version: μVision V5.14.0.0
Copyright (C) 2015 ARM Ltd and ARM Germany GmbH. All rights reserved.
License Information: ZJX ZJX, ZJX, LIC=----
 
Tool Versions:
Toolchain:       MDK-Lite  Version: 5.14.0.0
Toolchain Path:  E:\mdk5\STM32F1xx_DFP\ARM\ARMCC\Bin
C Compiler:      Armcc.exe V5.05 update 1 (build 106)
Assembler:       Armasm.exe V5.05 update 1 (build 106)
Linker/Locator:  ArmLink.exe V5.05 update 1 (build 106)
Library Manager: ArmAr.exe V5.05 update 1 (build 106)
Hex Converter:   FromElf.exe V5.05 update 1 (build 106)
CPU DLL:         SARMCM3.DLL V5.14.0.0
Dialog DLL:      DCM.DLL V1.13.1.0
Target DLL:      Segger\JL2CM3.dll V2.99.13.0
Dialog DLL:      TCM.DLL V1.14.4.0
 
<h2>Project:</h2>
E:\robomaster\20赛季调车\12.31-中期形态-英雄云台\英雄去抖\RM战车.uvprojx
Project File Date:  09/07/2019

<h2>Output:</h2>
Build target 'Target 1'
compiling ControlTask.c...
Task\ControlTask.c(454): warning:  #223-D: function "abs" declared implicitly
                 total_current=abs(CM1SpeedPID.output)+abs(CM2SpeedPID.output)+abs(CM3SpeedPID.output)+abs(CM4SpeedPID.output);
Task\ControlTask.c(903): warning:  #1035-D: single-precision operand implicitly converted to double-precision
        Key_mouse.ch3=RC_CH3 + Key_Ctl_CH3 * Forward_Backword_Value/0.8;                        //ch3
Task\ControlTask.c: 2 warnings, 0 errors
linking...
Program Size: Code=26540 RO-data=692 RW-data=2060 ZI-data=4220  
FromELF: creating hex file...
".\Objects\RM战车.axf" - 0 Error(s), 2 Warning(s).

<h2>Software Packages used:</h2>

Package Vendor: ARM
                http://www.keil.com/pack/ARM.CMSIS.4.2.0.pack
                ARM::CMSIS:CORE:3.40.0
                CMSIS (Cortex Microcontroller Software Interface Standard)
   * Component: CORE Version: 3.40.0

<h2>Collection of Component include folders:</h2>
  E:\robomaster\20赛季调车\12.31-中期形态-英雄云台\英雄去抖\RTE
  E:\mdk5\STM32F1xx_DFP\ARM\PACK\ARM\CMSIS\4.2.0\CMSIS\Include
  E:\mdk5\STM32F1xx_DFP\ARM\PACK\Keil\STM32F4xx_DFP\2.9.0

<h2>Collection of Component Files used:</h2>

   * Component: ARM::CMSIS:CORE:3.40.0
      Source file:   CMSIS\UserCodeTemplates\ARM\ITM_Retarget.c
</pre>
</body>
</html>
