Component: ARM Compiler 5.05 update 1 (build 106) Tool: armlink [4d0efa]

==============================================================================

Section Cross References

    main.o(i.analysis_powerA_rest_power) refers to f2d.o(.text) for __aeabi_f2d
    main.o(i.analysis_powerA_rest_power) refers to cdrcmple.o(.text) for __aeabi_cdrcmple
    main.o(i.analysis_powerA_rest_power) refers to main.o(.data) for s
    main.o(i.main) refers to bsp.o(i.BSP_Init) for BSP_Init
    main.o(i.main) refers to delay.o(i.delay_ms) for delay_ms
    main.o(i.main) refers to test_imu.o(i.MPU6050_Init) for MPU6050_Init
    main.o(i.main) refers to test_imu.o(i.IST8310_Init) for IST8310_Init
    main.o(i.main) refers to imu.o(i.Init_Quaternion) for Init_Quaternion
    main.o(i.main) refers to timer.o(i.TIM6_Start) for TIM6_Start
    main.o(i.main) refers to stm32f4xx_gpio.o(i.GPIO_SetBits) for GPIO_SetBits
    main.o(i.main) refers to main.o(i.analysis_powerA_rest_power) for analysis_powerA_rest_power
    main.o(i.main) refers to imu.o(i.IMU_getYawPitchRoll) for IMU_getYawPitchRoll
    main.o(i.main) refers to imu.o(i.GetPitchYawGxGyGz) for GetPitchYawGxGyGz
    main.o(i.main) refers to lbpid.o(i.Gimbal_Set) for Gimbal_Set
    main.o(i.main) refers to usart3.o(.data) for usart3_rest
    main.o(i.main) refers to imu.o(.bss) for angle
    main.o(i.main) refers to test_imu.o(.bss) for MPU6050_Real_Data
    main.o(i.main) refers to can1.o(.data) for REAL_YY
    main.o(i.main) refers to main.o(.data) for Yaw_test
    led.o(i.Led_Config) refers to stm32f4xx_rcc.o(i.RCC_AHB1PeriphClockCmd) for RCC_AHB1PeriphClockCmd
    led.o(i.Led_Config) refers to stm32f4xx_gpio.o(i.GPIO_Init) for GPIO_Init
    led.o(i.Led_Config) refers to stm32f4xx_gpio.o(i.GPIO_SetBits) for GPIO_SetBits
    timer.o(i.TIM2_Config) refers to stm32f4xx_rcc.o(i.RCC_APB1PeriphClockCmd) for RCC_APB1PeriphClockCmd
    timer.o(i.TIM2_Config) refers to stm32f4xx_tim.o(i.TIM_ARRPreloadConfig) for TIM_ARRPreloadConfig
    timer.o(i.TIM2_Config) refers to stm32f4xx_tim.o(i.TIM_TimeBaseInit) for TIM_TimeBaseInit
    timer.o(i.TIM2_Config) refers to stm32f4xx_tim.o(i.TIM_Cmd) for TIM_Cmd
    timer.o(i.TIM2_IRQHandler) refers to stm32f4xx_tim.o(i.TIM_GetITStatus) for TIM_GetITStatus
    timer.o(i.TIM2_IRQHandler) refers to stm32f4xx_tim.o(i.TIM_ClearITPendingBit) for TIM_ClearITPendingBit
    timer.o(i.TIM2_IRQHandler) refers to stm32f4xx_tim.o(i.TIM_ClearFlag) for TIM_ClearFlag
    timer.o(i.TIM6_Config) refers to stm32f4xx_rcc.o(i.RCC_APB1PeriphClockCmd) for RCC_APB1PeriphClockCmd
    timer.o(i.TIM6_Config) refers to misc.o(i.NVIC_Init) for NVIC_Init
    timer.o(i.TIM6_Config) refers to stm32f4xx_tim.o(i.TIM_TimeBaseInit) for TIM_TimeBaseInit
    timer.o(i.TIM6_DAC_IRQHandler) refers to stm32f4xx_tim.o(i.TIM_GetITStatus) for TIM_GetITStatus
    timer.o(i.TIM6_DAC_IRQHandler) refers to stm32f4xx_tim.o(i.TIM_ClearITPendingBit) for TIM_ClearITPendingBit
    timer.o(i.TIM6_DAC_IRQHandler) refers to stm32f4xx_tim.o(i.TIM_ClearFlag) for TIM_ClearFlag
    timer.o(i.TIM6_Start) refers to stm32f4xx_tim.o(i.TIM_Cmd) for TIM_Cmd
    timer.o(i.TIM6_Start) refers to stm32f4xx_tim.o(i.TIM_ITConfig) for TIM_ITConfig
    timer.o(i.TIM6_Start) refers to stm32f4xx_tim.o(i.TIM_ClearFlag) for TIM_ClearFlag
    timer.o(i.TIM6_Stop) refers to stm32f4xx_tim.o(i.TIM_Cmd) for TIM_Cmd
    timer.o(i.TIM6_Stop) refers to stm32f4xx_tim.o(i.TIM_ITConfig) for TIM_ITConfig
    timer.o(i.TIM6_Stop) refers to stm32f4xx_tim.o(i.TIM_ClearFlag) for TIM_ClearFlag
    usart1.o(i.USART1_Config) refers to stm32f4xx_rcc.o(i.RCC_AHB1PeriphClockCmd) for RCC_AHB1PeriphClockCmd
    usart1.o(i.USART1_Config) refers to stm32f4xx_rcc.o(i.RCC_APB2PeriphClockCmd) for RCC_APB2PeriphClockCmd
    usart1.o(i.USART1_Config) refers to stm32f4xx_gpio.o(i.GPIO_PinAFConfig) for GPIO_PinAFConfig
    usart1.o(i.USART1_Config) refers to stm32f4xx_gpio.o(i.GPIO_StructInit) for GPIO_StructInit
    usart1.o(i.USART1_Config) refers to stm32f4xx_gpio.o(i.GPIO_Init) for GPIO_Init
    usart1.o(i.USART1_Config) refers to stm32f4xx_usart.o(i.USART_DeInit) for USART_DeInit
    usart1.o(i.USART1_Config) refers to stm32f4xx_usart.o(i.USART_StructInit) for USART_StructInit
    usart1.o(i.USART1_Config) refers to stm32f4xx_usart.o(i.USART_Init) for USART_Init
    usart1.o(i.USART1_Config) refers to stm32f4xx_usart.o(i.USART_DMACmd) for USART_DMACmd
    usart1.o(i.USART1_Config) refers to stm32f4xx_dma.o(i.DMA_DeInit) for DMA_DeInit
    usart1.o(i.USART1_Config) refers to stm32f4xx_dma.o(i.DMA_StructInit) for DMA_StructInit
    usart1.o(i.USART1_Config) refers to stm32f4xx_dma.o(i.DMA_Init) for DMA_Init
    usart1.o(i.USART1_Config) refers to stm32f4xx_dma.o(i.DMA_DoubleBufferModeConfig) for DMA_DoubleBufferModeConfig
    usart1.o(i.USART1_Config) refers to stm32f4xx_dma.o(i.DMA_DoubleBufferModeCmd) for DMA_DoubleBufferModeCmd
    usart1.o(i.USART1_Config) refers to stm32f4xx_dma.o(i.DMA_Cmd) for DMA_Cmd
[...]
    i.EXTI_ClearFlag                         0x080016a8   Section        0  stm32f4xx_exti.o(i.EXTI_ClearFlag)
    i.EXTI_ClearITPendingBit                 0x080016b4   Section        0  stm32f4xx_exti.o(i.EXTI_ClearITPendingBit)
    i.EXTI_GetITStatus                       0x080016c0   Section        0  stm32f4xx_exti.o(i.EXTI_GetITStatus)
    i.EXTI_Init                              0x080016e8   Section        0  stm32f4xx_exti.o(i.EXTI_Init)
    i.EncoderProcess                         0x0800177c   Section        0  canbustask.o(i.EncoderProcess)
    i.Encoder_Start                          0x08001854   Section        0  encoder.o(i.Encoder_Start)
    i.GPIO_Init                              0x08001864   Section        0  stm32f4xx_gpio.o(i.GPIO_Init)
    i.GPIO_PinAFConfig                       0x080018f4   Section        0  stm32f4xx_gpio.o(i.GPIO_PinAFConfig)
    i.GPIO_ResetBits                         0x0800193a   Section        0  stm32f4xx_gpio.o(i.GPIO_ResetBits)
    i.GPIO_SetBits                           0x0800193e   Section        0  stm32f4xx_gpio.o(i.GPIO_SetBits)
    i.GPIO_StructInit                        0x08001942   Section        0  stm32f4xx_gpio.o(i.GPIO_StructInit)
    i.GetInputMode                           0x08001954   Section        0  remotetask.o(i.GetInputMode)
    i.GetLostCounter                         0x08001960   Section        0  supervisetask.o(i.GetLostCounter)
    i.GetPitchYawGxGyGz                      0x08001978   Section        0  imu.o(i.GetPitchYawGxGyGz)
    i.GetRemoteSwitchAction                  0x08001ae0   Section        0  remotetask.o(i.GetRemoteSwitchAction)
    i.GetWorkState                           0x08001b5c   Section        0  controltask.o(i.GetWorkState)
    i.Get_Time_Micros                        0x08001b68   Section        0  timer.o(i.Get_Time_Micros)
    i.GimbalAngleLimit                       0x08001b70   Section        0  remotetask.o(i.GimbalAngleLimit)
    i.Gimbal_Set                             0x08001c1c   Section        0  lbpid.o(i.Gimbal_Set)
    i.HardFault_Handler                      0x08001c8c   Section        0  stm32f4xx_it.o(i.HardFault_Handler)
    i.IMU_AHRSupdate                         0x08001c90   Section        0  imu.o(i.IMU_AHRSupdate)
    i.IMU_Get_Data                           0x08002454   Section        0  test_imu.o(i.IMU_Get_Data)
    i.IMU_getQ                               0x080024fc   Section        0  imu.o(i.IMU_getQ)
    i.IMU_getValues                          0x08002548   Section        0  imu.o(i.IMU_getValues)
    i.IMU_getYawPitchRoll                    0x0800260c   Section        0  imu.o(i.IMU_getYawPitchRoll)
    i.IST8310_Init                           0x08002848   Section        0  test_imu.o(i.IST8310_Init)
    i.IST_Reg_Read_By_MPU                    0x0800293a   Section        0  test_imu.o(i.IST_Reg_Read_By_MPU)
    IST_Reg_Read_By_MPU                      0x0800293b   Thumb Code    58  test_imu.o(i.IST_Reg_Read_By_MPU)
    i.IST_Reg_Write_By_MPU                   0x08002974   Section        0  test_imu.o(i.IST_Reg_Write_By_MPU)
    IST_Reg_Write_By_MPU                     0x08002975   Thumb Code    64  test_imu.o(i.IST_Reg_Write_By_MPU)
    i.Init_Quaternion                        0x080029b4   Section        0  imu.o(i.Init_Quaternion)
    i.Led_Config                             0x08002c6c   Section        0  led.o(i.Led_Config)
    i.LostCounterFeed                        0x08002d58   Section        0  lost_counter.o(i.LostCounterFeed)
    i.MPU6050_AverageFilter                  0x08002d60   Section        0  test_imu.o(i.MPU6050_AverageFilter)
    i.MPU6050_Init                           0x08002f54   Section        0  test_imu.o(i.MPU6050_Init)
    i.MPU6050_IntConfig                      0x08002fd0   Section        0  mpu6500_interrupt.o(i.MPU6050_IntConfig)
    i.MPU6050_Read_Reg                       0x08003050   Section        0  test_imu.o(i.MPU6050_Read_Reg)
    i.MPU6050_Read_Regs                      0x08003098   Section        0  test_imu.o(i.MPU6050_Read_Regs)
    i.MPU6050_Write_Reg                      0x080030f4   Section        0  test_imu.o(i.MPU6050_Write_Reg)
    i.MPU6050_getMotion6                     0x08003130   Section        0  test_imu.o(i.MPU6050_getMotion6)
    i.MPU_Auto_Read_IST_config               0x080031b4   Section        0  test_imu.o(i.MPU_Auto_Read_IST_config)
    MPU_Auto_Read_IST_config                 0x080031b5   Thumb Code   140  test_imu.o(i.MPU_Auto_Read_IST_config)
    i.MemManage_Handler                      0x08003240   Section        0  stm32f4xx_it.o(i.MemManage_Handler)
    i.MouseKeyControlProcess                 0x08003244   Section        0  remotetask.o(i.MouseKeyControlProcess)
    i.MouseShootControl                      0x08003414   Section        0  remotetask.o(i.MouseShootControl)
    i.NMI_Handler                            0x0800352c   Section        0  stm32f4xx_it.o(i.NMI_Handler)
    i.NVIC_Init                              0x08003530   Section        0  misc.o(i.NVIC_Init)
    i.NVIC_PriorityGroupConfig               0x080035a8   Section        0  misc.o(i.NVIC_PriorityGroupConfig)
    i.PID_Calc                               0x080035bc   Section        0  pid.o(i.PID_Calc)
    i.PID_Reset                              0x08003694   Section        0  pid.o(i.PID_Reset)
    i.PWM_Config                             0x080036bc   Section        0  gun.o(i.PWM_Config)
    i.PendSV_Handler                         0x080037e4   Section        0  stm32f4xx_it.o(i.PendSV_Handler)
    i.Pitch_PID                              0x080037e8   Section        0  lbpid.o(i.Pitch_PID)
    i.RCC_AHB1PeriphClockCmd                 0x08003964   Section        0  stm32f4xx_rcc.o(i.RCC_AHB1PeriphClockCmd)
    i.RCC_APB1PeriphClockCmd                 0x08003984   Section        0  stm32f4xx_rcc.o(i.RCC_APB1PeriphClockCmd)
    i.RCC_APB1PeriphResetCmd                 0x080039a4   Section        0  stm32f4xx_rcc.o(i.RCC_APB1PeriphResetCmd)
    i.RCC_APB2PeriphClockCmd                 0x080039c4   Section        0  stm32f4xx_rcc.o(i.RCC_APB2PeriphClockCmd)
    i.RCC_APB2PeriphResetCmd                 0x080039e4   Section        0  stm32f4xx_rcc.o(i.RCC_APB2PeriphResetCmd)
    i.RCC_GetClocksFreq                      0x08003a04   Section        0  stm32f4xx_rcc.o(i.RCC_GetClocksFreq)
    i.RampCalc                               0x08003aec   Section        0  ramp.o(i.RampCalc)
    i.RampInit                               0x08003b16   Section        0  ramp.o(i.RampInit)
    i.RampIsOverflow                         0x08003b18   Section        0  ramp.o(i.RampIsOverflow)
    i.RampResetCounter                       0x08003b2a   Section        0  ramp.o(i.RampResetCounter)
    i.RampSetCounter                         0x08003b30   Section        0  ramp.o(i.RampSetCounter)
    i.RampSetScale                           0x08003b34   Section        0  ramp.o(i.RampSetScale)
    i.RemoteControlProcess                   0x08003b38   Section        0  remotetask.o(i.RemoteControlProcess)
    i.RemoteDataPrcess                       0x08003d28   Section        0  remotetask.o(i.RemoteDataPrcess)
    i.RemoteShootControl                     0x08003e10   Section        0  remotetask.o(i.RemoteShootControl)
    i.SPI5_Init                              0x08003f10   Section        0  spi.o(i.SPI5_Init)
    i.SPI5_ReadWriteByte                     0x08003fbc   Section        0  spi.o(i.SPI5_ReadWriteByte)
    i.SPI_Cmd                                0x08003ff4   Section        0  stm32f4xx_spi.o(i.SPI_Cmd)
    i.SPI_I2S_GetFlagStatus                  0x0800400c   Section        0  stm32f4xx_spi.o(i.SPI_I2S_GetFlagStatus)
    i.SPI_I2S_ReceiveData                    0x0800401e   Section        0  stm32f4xx_spi.o(i.SPI_I2S_ReceiveData)
    i.SPI_I2S_SendData                       0x08004024   Section        0  stm32f4xx_spi.o(i.SPI_I2S_SendData)
    i.SPI_Init                               0x08004028   Section        0  stm32f4xx_spi.o(i.SPI_Init)
    i.SVC_Handler                            0x08004064   Section        0  stm32f4xx_it.o(i.SVC_Handler)
    i.SYSCFG_EXTILineConfig                  0x08004068   Section        0  stm32f4xx_syscfg.o(i.SYSCFG_EXTILineConfig)
    i.SetInputMode                           0x080040a8   Section        0  remotetask.o(i.SetInputMode)
    i.SetShootState                          0x080040d0   Section        0  remotetask.o(i.SetShootState)
    i.SetSysClock                            0x080040dc   Section        0  system_stm32f4xx.o(i.SetSysClock)
    SetSysClock                              0x080040dd   Thumb Code   220  system_stm32f4xx.o(i.SetSysClock)
    i.Set_Gimbal_Current                     0x080041c8   Section        0  canbustask.o(i.Set_Gimbal_Current)
    i.SystemInit                             0x0800421c   Section        0  system_stm32f4xx.o(i.SystemInit)
    i.TIM2_Config                            0x08004284   Section        0  timer.o(i.TIM2_Config)
    i.TIM2_IRQHandler                        0x080042c0   Section        0  timer.o(i.TIM2_IRQHandler)
    i.TIM6_Config                            0x080042e0   Section        0  timer.o(i.TIM6_Config)
    i.TIM6_DAC_IRQHandler                    0x0800432c   Section        0  timer.o(i.TIM6_DAC_IRQHandler)
    i.TIM6_Start                             0x08004350   Section        0  timer.o(i.TIM6_Start)
    i.TIM_ARRPreloadConfig                   0x08004374   Section        0  stm32f4xx_tim.o(i.TIM_ARRPreloadConfig)
    i.TIM_ClearFlag                          0x0800438c   Section        0  stm32f4xx_tim.o(i.TIM_ClearFlag)
    i.TIM_ClearITPendingBit                  0x08004392   Section        0  stm32f4xx_tim.o(i.TIM_ClearITPendingBit)
    i.TIM_Cmd                                0x08004398   Section        0  stm32f4xx_tim.o(i.TIM_Cmd)
    i.TIM_GetITStatus                        0x080043b0   Section        0  stm32f4xx_tim.o(i.TIM_GetITStatus)
    i.TIM_ITConfig                           0x080043d2   Section        0  stm32f4xx_tim.o(i.TIM_ITConfig)
    i.TIM_OC1Init                            0x080043e4   Section        0  stm32f4xx_tim.o(i.TIM_OC1Init)
    i.TIM_OC1PreloadConfig                   0x08004460   Section        0  stm32f4xx_tim.o(i.TIM_OC1PreloadConfig)
    i.TIM_OC2Init                            0x08004474   Section        0  stm32f4xx_tim.o(i.TIM_OC2Init)
    i.TIM_OC2PreloadConfig                   0x08004518   Section        0  stm32f4xx_tim.o(i.TIM_OC2PreloadConfig)
    i.TIM_TimeBaseInit                       0x08004534   Section        0  stm32f4xx_tim.o(i.TIM_TimeBaseInit)
    i.USART1_Config                          0x080045b8   Section        0  usart1.o(i.USART1_Config)
    i.USART1_IRQHandler                      0x080046f8   Section        0  usart1.o(i.USART1_IRQHandler)
    i.USART2_Config                          0x080047c8   Section        0  usart2.o(i.USART2_Config)
    i.USART2_IRQHandler                      0x08004874   Section        0  usart2.o(i.USART2_IRQHandler)
    i.USART3_Config                          0x0800497c   Section        0  usart3.o(i.USART3_Config)
    i.USART3_IRQHandler                      0x08004a28   Section        0  usart3.o(i.USART3_IRQHandler)
    i.USART_ClearFlag                        0x08004b38   Section        0  stm32f4xx_usart.o(i.USART_ClearFlag)
    i.USART_Cmd                              0x08004b4a   Section        0  stm32f4xx_usart.o(i.USART_Cmd)
    i.USART_DMACmd                           0x08004b62   Section        0  stm32f4xx_usart.o(i.USART_DMACmd)
    i.USART_DeInit                           0x08004b74   Section        0  stm32f4xx_usart.o(i.USART_DeInit)
    i.USART_GetITStatus                      0x08004c28   Section        0  stm32f4xx_usart.o(i.USART_GetITStatus)
    i.USART_ITConfig                         0x08004c7c   Section        0  stm32f4xx_usart.o(i.USART_ITConfig)
    i.USART_Init                             0x08004cc8   Section        0  stm32f4xx_usart.o(i.USART_Init)
    i.USART_ReceiveData                      0x08004d9c   Section        0  stm32f4xx_usart.o(i.USART_ReceiveData)
    i.USART_StructInit                       0x08004da6   Section        0  stm32f4xx_usart.o(i.USART_StructInit)
    i.UsageFault_Handler                     0x08004dbe   Section        0  stm32f4xx_it.o(i.UsageFault_Handler)
    i.Yaw_PID                                0x08004dc4   Section        0  lbpid.o(i.Yaw_PID)
    i.__ARM_fpclassify                       0x08004f3c   Section        0  fpclassify.o(i.__ARM_fpclassify)
    i.__hardfp_asin                          0x08004f70   Section        0  asin.o(i.__hardfp_asin)
    i.__hardfp_atan                          0x080052d0   Section        0  atan.o(i.__hardfp_atan)
    i.__hardfp_atan2                         0x080055a8   Section        0  atan2.o(i.__hardfp_atan2)
    i.__hardfp_fabs                          0x08005798   Section        0  fabs.o(i.__hardfp_fabs)
    i.__hardfp_sqrt                          0x080057ac   Section        0  sqrt.o(i.__hardfp_sqrt)
    i.__kernel_poly                          0x08005826   Section        0  poly.o(i.__kernel_poly)
    i.__mathlib_dbl_infnan                   0x0800591e   Section        0  dunder.o(i.__mathlib_dbl_infnan)
    i.__mathlib_dbl_infnan2                  0x08005932   Section        0  dunder.o(i.__mathlib_dbl_infnan2)
    i.__mathlib_dbl_invalid                  0x08005948   Section        0  dunder.o(i.__mathlib_dbl_invalid)
    i.__mathlib_dbl_underflow                0x08005968   Section        0  dunder.o(i.__mathlib_dbl_underflow)
    i.__scatterload_copy                     0x08005988   Section       14  handlers.o(i.__scatterload_copy)
    i.__scatterload_null                     0x08005996   Section        2  handlers.o(i.__scatterload_null)
    i.__scatterload_zeroinit                 0x08005998   Section       14  handlers.o(i.__scatterload_zeroinit)
    i.__set_errno                            0x080059a8   Section        0  errno.o(i.__set_errno)
    i.analysis_powerA_rest_power             0x080059b4   Section        0  main.o(i.analysis_powerA_rest_power)
    i.atan                                   0x08005a20   Section        0  atan.o(i.atan)
    i.delay_ms                               0x08005a30   Section        0  delay.o(i.delay_ms)
    i.delay_us                               0x08005a4c   Section        0  delay.o(i.delay_us)
    i.fabs                                   0x08005a66   Section        0  fabs.o(i.fabs)
    i.invSqrt                                0x08005a80   Section        0  imu.o(i.invSqrt)
    i.main                                   0x08005abc   Section        0  main.o(i.main)
    i.sqrt                                   0x08005b7c   Section        0  sqrt.o(i.sqrt)
    .constdata                               0x08005bec   Section       24  test_imu.o(.constdata)
    .constdata                               0x08005c08   Section       80  asin.o(.constdata)
    pS                                       0x08005c08   Data          48  asin.o(.constdata)
    qS                                       0x08005c38   Data          32  asin.o(.constdata)
    .constdata                               0x08005c58   Section      152  atan.o(.constdata)
    atanhi                                   0x08005c58   Data          32  atan.o(.constdata)
    atanlo                                   0x08005c78   Data          32  atan.o(.constdata)
    aTodd                                    0x08005c98   Data          40  atan.o(.constdata)
    aTeven                                   0x08005cc0   Data          48  atan.o(.constdata)
    .constdata                               0x08005cf0   Section        8  qnan.o(.constdata)
    .data                                    0x20000000   Section       48  main.o(.data)
    .data                                    0x20000030   Section        4  usart1.o(.data)
    this_time_rx_len                         0x20000030   Data           4  usart1.o(.data)
    .data                                    0x20000034   Section        9  usart3.o(.data)
    ct                                       0x2000003c   Data           1  usart3.o(.data)
    .data                                    0x20000040   Section       98  can1.o(.data)
    .data                                    0x200000a2   Section        2  usart2.o(.data)
    cnt                                      0x200000a3   Data           1  usart2.o(.data)
    .data                                    0x200000a4   Section       16  stm32f4xx_rcc.o(.data)
    APBAHBPrescTable                         0x200000a4   Data          16  stm32f4xx_rcc.o(.data)
    .data                                    0x200000b4   Section      116  imu.o(.data)
    gx                                       0x200000d0   Data           4  imu.o(.data)
    gy                                       0x200000d4   Data           4  imu.o(.data)
    gz                                       0x200000d8   Data           4  imu.o(.data)
    ax                                       0x200000dc   Data           4  imu.o(.data)
    ay                                       0x200000e0   Data           4  imu.o(.data)
    az                                       0x200000e4   Data           4  imu.o(.data)
    mx                                       0x200000e8   Data           4  imu.o(.data)
    my                                       0x200000ec   Data           4  imu.o(.data)
    mz                                       0x200000f0   Data           4  imu.o(.data)
    .data                                    0x20000128   Section        1  mpu6500_interrupt.o(.data)
    .data                                    0x20000129   Section       19  test_imu.o(.data)
    MPU_Tx                                   0x2000012a   Data           1  test_imu.o(.data)
    MPU_Rx                                   0x2000012b   Data           1  test_imu.o(.data)
    MPU_Tx                                   0x2000012c   Data           1  test_imu.o(.data)
    MPU_Tx                                   0x2000012d   Data           1  test_imu.o(.data)
    MPU_Tx_buff                              0x2000012e   Data          14  test_imu.o(.data)
    .data                                    0x20000140   Section     1016  controltask.o(.data)
    time_tick_1ms                            0x20000528   Data           4  controltask.o(.data)
    normalFlag                               0x2000052e   Data           1  controltask.o(.data)
    standbyFlag                              0x2000052f   Data           1  controltask.o(.data)
    modeChangeDelayCnt                       0x20000530   Data           4  controltask.o(.data)
    angleSave                                0x20000534   Data           4  controltask.o(.data)
    .data                                    0x20000538   Section      128  remotetask.o(.data)
    shootState                               0x20000541   Data           1  remotetask.o(.data)
    inputmode                                0x20000542   Data           1  remotetask.o(.data)
    switch_cnt                               0x200005b0   Data           4  remotetask.o(.data)
    forward_back_speed                       0x200005b4   Data           2  remotetask.o(.data)
    left_right_speed                         0x200005b6   Data           2  remotetask.o(.data)
    .data                                    0x200005b8   Section       60  supervisetask.o(.data)
    timeSpanCount                            0x200005e8   Data           4  supervisetask.o(.data)
    tempCount                                0x200005ec   Data           4  supervisetask.o(.data)
    sec                                      0x200005f0   Data           4  supervisetask.o(.data)
    .data                                    0x200005f4   Section      144  lbpid.o(.data)
    .data                                    0x20000684   Section        4  errno.o(.data)
    _errno                                   0x20000684   Data           4  errno.o(.data)
    .bss                                     0x20000688   Section       60  usart1.o(.bss)
    sbus_rx_buffer                           0x20000688   Data          60  usart1.o(.bss)
    .bss                                     0x200006c4   Section       16  can1.o(.bss)
    .bss                                     0x200006d4   Section       30  usart2.o(.bss)
    .bss                                     0x200006f4   Section       64  imu.o(.bss)
    q                                        0x20000718   Data          16  imu.o(.bss)
    .bss                                     0x20000734   Section      244  test_imu.o(.bss)
    .bss                                     0x20000828   Section      448  canbustask.o(.bss)
    .bss                                     0x200009e8   Section       71  remotetask.o(.bss)
    switch1                                  0x20000a18   Data          23  remotetask.o(.bss)
    STACK                                    0x20000a30   Section     2560  startup_stm32f4xx.o(STACK)

    Global Symbols

    Symbol Name                              Value     Ov Type        Size  Object(Section)

    BuildAttributes$$THM_ISAv4$E$P$D$K$B$S$7EM$VFPi3$EXTD16$VFPS$VFMA$PE$A:L22UL41UL21$X:L11$S22US41US21$IEEE1$IW$USESV6$~STKCKD$USESV7$~SHL$OTIME$ROPI$IEEEX$EBA8$MICROLIB$REQ8$PRES8$EABIv2 0x00000000   Number         0  anon$$obj.o ABSOLUTE
    __ARM_use_no_argv                        0x00000000   Number         0  main.o ABSOLUTE
    __cpp_initialize__aeabi_                  - Undefined Weak Reference
    __cxa_finalize                            - Undefined Weak Reference
    _clock_init                               - Undefined Weak Reference
    _microlib_exit                            - Undefined Weak Reference
    __Vectors_Size                           0x00000188   Number         0  startup_stm32f4xx.o ABSOLUTE
    __Vectors                                0x08000000   Data           4  startup_stm32f4xx.o(RESET)
    __Vectors_End                            0x08000188   Data           0  startup_stm32f4xx.o(RESET)
    __main                                   0x08000189   Thumb Code     0  entry.o(.ARM.Collect$$$$00000000)
    _main_stk                                0x08000189   Thumb Code     0  entry2.o(.ARM.Collect$$$$00000001)
    _main_scatterload                        0x0800018d   Thumb Code     0  entry5.o(.ARM.Collect$$$$00000004)
    __main_after_scatterload                 0x08000191   Thumb Code     0  entry5.o(.ARM.Collect$$$$00000004)
    _main_clock                              0x08000191   Thumb Code     0  entry7b.o(.ARM.Collect$$$$00000008)
    _main_cpp_init                           0x08000191   Thumb Code     0  entry8b.o(.ARM.Collect$$$$0000000A)
    _main_init                               0x08000191   Thumb Code     0  entry9a.o(.ARM.Collect$$$$0000000B)
    __rt_final_cpp                           0x08000199   Thumb Code     0  entry10a.o(.ARM.Collect$$$$0000000D)
    __rt_final_exit                          0x08000199   Thumb Code     0  entry11a.o(.ARM.Collect$$$$0000000F)
    Reset_Handler                            0x0800019d   Thumb Code     8  startup_stm32f4xx.o(.text)
    SysTick_Handler                          0x080001b5   Thumb Code     2  startup_stm32f4xx.o(.text)
    ADC_IRQHandler                           0x080001b7   Thumb Code     0  startup_stm32f4xx.o(.text)
    CAN1_RX1_IRQHandler                      0x080001b7   Thumb Code     0  startup_stm32f4xx.o(.text)
    CAN1_SCE_IRQHandler                      0x080001b7   Thumb Code     0  startup_stm32f4xx.o(.text)
    CAN1_TX_IRQHandler                       0x080001b7   Thumb Code     0  startup_stm32f4xx.o(.text)
    CAN2_RX0_IRQHandler                      0x080001b7   Thumb Code     0  startup_stm32f4xx.o(.text)
    CAN2_RX1_IRQHandler                      0x080001b7   Thumb Code     0  startup_stm32f4xx.o(.text)
    CAN2_SCE_IRQHandler                      0x080001b7   Thumb Code     0  startup_stm32f4xx.o(.text)
    CAN2_TX_IRQHandler                       0x080001b7   Thumb Code     0  startup_stm32f4xx.o(.text)
    CRYP_IRQHandler                          0x080001b7   Thumb Code     0  startup_stm32f4xx.o(.text)
    DCMI_IRQHandler                          0x080001b7   Thumb Code     0  startup_stm32f4xx.o(.text)
    DMA1_Stream0_IRQHandler                  0x080001b7   Thumb Code     0  startup_stm32f4xx.o(.text)
    DMA1_Stream1_IRQHandler                  0x080001b7   Thumb Code     0  startup_stm32f4xx.o(.text)
    DMA1_Stream2_IRQHandler                  0x080001b7   Thumb Code     0  startup_stm32f4xx.o(.text)
    DMA1_Stream3_IRQHandler                  0x080001b7   Thumb Code     0  startup_stm32f4xx.o(.text)
    DMA1_Stream4_IRQHandler                  0x080001b7   Thumb Code     0  startup_stm32f4xx.o(.text)
    DMA1_Stream5_IRQHandler                  0x080001b7   Thumb Code     0  startup_stm32f4xx.o(.text)
    DMA1_Stream6_IRQHandler                  0x080001b7   Thumb Code     0  startup_stm32f4xx.o(.text)
    DMA1_Stream7_IRQHandler                  0x080001b7   Thumb Code     0  startup_stm32f4xx.o(.text)
    DMA2_Stream0_IRQHandler                  0x080001b7   Thumb Code     0  startup_stm32f4xx.o(.text)
    DMA2_Stream1_IRQHandler                  0x080001b7   Thumb Code     0  startup_stm32f4xx.o(.text)
    DMA2_Stream2_IRQHandler                  0x080001b7   Thumb Code     0  startup_stm32f4xx.o(.text)
    DMA2_Stream3_IRQHandler                  0x080001b7   Thumb Code     0  startup_stm32f4xx.o(.text)
    DMA2_Stream4_IRQHandler                  0x080001b7   Thumb Code     0  startup_stm32f4xx.o(.text)
    DMA2_Stream5_IRQHandler                  0x080001b7   Thumb Code     0  startup_stm32f4xx.o(.text)
    DMA2_Stream6_IRQHandler                  0x080001b7   Thumb Code     0  startup_stm32f4xx.o(.text)
    DMA2_Stream7_IRQHandler                  0x080001b7   Thumb Code     0  startup_stm32f4xx.o(.text)
    ETH_IRQHandler                           0x080001b7   Thumb Code     0  startup_stm32f4xx.o(.text)
    ETH_WKUP_IRQHandler                      0x080001b7   Thumb Code     0  startup_stm32f4xx.o(.text)
    EXTI0_IRQHandler                         0x080001b7   Thumb Code     0  startup_stm32f4xx.o(.text)
    EXTI15_10_IRQHandler                     0x080001b7   Thumb Code     0  startup_stm32f4xx.o(.text)
    EXTI2_IRQHandler                         0x080001b7   Thumb Code     0  startup_stm32f4xx.o(.text)
    EXTI3_IRQHandler                         0x080001b7   Thumb Code     0  startup_stm32f4xx.o(.text)
    EXTI4_IRQHandler                         0x080001b7   Thumb Code     0  startup_stm32f4xx.o(.text)
    EXTI9_5_IRQHandler                       0x080001b7   Thumb Code     0  startup_stm32f4xx.o(.text)
    FLASH_IRQHandler                         0x080001b7   Thumb Code     0  startup_stm32f4xx.o(.text)
    FPU_IRQHandler                           0x080001b7   Thumb Code     0  startup_stm32f4xx.o(.text)
    FSMC_IRQHandler                          0x080001b7   Thumb Code     0  startup_stm32f4xx.o(.text)
    HASH_RNG_IRQHandler                      0x080001b7   Thumb Code     0  startup_stm32f4xx.o(.text)
    I2C1_ER_IRQHandler                       0x080001b7   Thumb Code     0  startup_stm32f4xx.o(.text)
    I2C1_EV_IRQHandler                       0x080001b7   Thumb Code     0  startup_stm32f4xx.o(.text)
    I2C2_ER_IRQHandler                       0x080001b7   Thumb Code     0  startup_stm32f4xx.o(.text)
    I2C2_EV_IRQHandler                       0x080001b7   Thumb Code     0  startup_stm32f4xx.o(.text)
    I2C3_ER_IRQHandler                       0x080001b7   Thumb Code     0  startup_stm32f4xx.o(.text)
    I2C3_EV_IRQHandler                       0x080001b7   Thumb Code     0  startup_stm32f4xx.o(.text)
    OTG_FS_IRQHandler                        0x080001b7   Thumb Code     0  startup_stm32f4xx.o(.text)
    OTG_FS_WKUP_IRQHandler                   0x080001b7   Thumb Code     0  startup_stm32f4xx.o(.text)
    OTG_HS_EP1_IN_IRQHandler                 0x080001b7   Thumb Code     0  startup_stm32f4xx.o(.text)
    OTG_HS_EP1_OUT_IRQHandler                0x080001b7   Thumb Code     0  startup_stm32f4xx.o(.text)
    OTG_HS_IRQHandler                        0x080001b7   Thumb Code     0  startup_stm32f4xx.o(.text)
    OTG_HS_WKUP_IRQHandler                   0x080001b7   Thumb Code     0  startup_stm32f4xx.o(.text)
    PVD_IRQHandler                           0x080001b7   Thumb Code     0  startup_stm32f4xx.o(.text)
    RCC_IRQHandler                           0x080001b7   Thumb Code     0  startup_stm32f4xx.o(.text)
    RTC_Alarm_IRQHandler                     0x080001b7   Thumb Code     0  startup_stm32f4xx.o(.text)
    RTC_WKUP_IRQHandler                      0x080001b7   Thumb Code     0  startup_stm32f4xx.o(.text)
    SDIO_IRQHandler                          0x080001b7   Thumb Code     0  startup_stm32f4xx.o(.text)
    SPI1_IRQHandler                          0x080001b7   Thumb Code     0  startup_stm32f4xx.o(.text)
    SPI2_IRQHandler                          0x080001b7   Thumb Code     0  startup_stm32f4xx.o(.text)
    SPI3_IRQHandler                          0x080001b7   Thumb Code     0  startup_stm32f4xx.o(.text)
    TAMP_STAMP_IRQHandler                    0x080001b7   Thumb Code     0  startup_stm32f4xx.o(.text)
    TIM1_BRK_TIM9_IRQHandler                 0x080001b7   Thumb Code     0  startup_stm32f4xx.o(.text)
    TIM1_CC_IRQHandler                       0x080001b7   Thumb Code     0  startup_stm32f4xx.o(.text)
    TIM1_TRG_COM_TIM11_IRQHandler            0x080001b7   Thumb Code     0  startup_stm32f4xx.o(.text)
    TIM1_UP_TIM10_IRQHandler                 0x080001b7   Thumb Code     0  startup_stm32f4xx.o(.text)
    TIM3_IRQHandler                          0x080001b7   Thumb Code     0  startup_stm32f4xx.o(.text)
    TIM4_IRQHandler                          0x080001b7   Thumb Code     0  startup_stm32f4xx.o(.text)
    TIM5_IRQHandler                          0x080001b7   Thumb Code     0  startup_stm32f4xx.o(.text)
    TIM7_IRQHandler                          0x080001b7   Thumb Code     0  startup_stm32f4xx.o(.text)
    TIM8_BRK_TIM12_IRQHandler                0x080001b7   Thumb Code     0  startup_stm32f4xx.o(.text)
    TIM8_CC_IRQHandler                       0x080001b7   Thumb Code     0  startup_stm32f4xx.o(.text)
    TIM8_TRG_COM_TIM14_IRQHandler            0x080001b7   Thumb Code     0  startup_stm32f4xx.o(.text)
    TIM8_UP_TIM13_IRQHandler                 0x080001b7   Thumb Code     0  startup_stm32f4xx.o(.text)
    UART4_IRQHandler                         0x080001b7   Thumb Code     0  startup_stm32f4xx.o(.text)
    UART5_IRQHandler                         0x080001b7   Thumb Code     0  startup_stm32f4xx.o(.text)
    USART6_IRQHandler                        0x080001b7   Thumb Code     0  startup_stm32f4xx.o(.text)
    WWDG_IRQHandler                          0x080001b7   Thumb Code     0  startup_stm32f4xx.o(.text)
    __aeabi_memcpy                           0x080001c1   Thumb Code    36  memcpya.o(.text)
    __aeabi_memcpy4                          0x080001c1   Thumb Code     0  memcpya.o(.text)
    __aeabi_memcpy8                          0x080001c1   Thumb Code     0  memcpya.o(.text)
    __aeabi_dadd                             0x080001e5   Thumb Code   322  dadd.o(.text)
    __aeabi_dsub                             0x08000327   Thumb Code     6  dadd.o(.text)
    __aeabi_drsub                            0x0800032d   Thumb Code     6  dadd.o(.text)
    __aeabi_dmul                             0x08000333   Thumb Code   228  dmul.o(.text)
    __aeabi_ddiv                             0x08000417   Thumb Code   222  ddiv.o(.text)
    __aeabi_i2d                              0x080004f5   Thumb Code    34  dflti.o(.text)
    __aeabi_f2d                              0x08000517   Thumb Code    38  f2d.o(.text)
    __aeabi_cdrcmple                         0x0800053d   Thumb Code    48  cdrcmple.o(.text)
    __aeabi_d2f                              0x0800056d   Thumb Code    56  d2f.o(.text)
    __aeabi_llsl                             0x080005a5   Thumb Code    30  llshl.o(.text)
    _ll_shift_l                              0x080005a5   Thumb Code     0  llshl.o(.text)
    __aeabi_llsr                             0x080005c3   Thumb Code    32  llushr.o(.text)
    _ll_ushift_r                             0x080005c3   Thumb Code     0  llushr.o(.text)
    __aeabi_lasr                             0x080005e3   Thumb Code    36  llsshr.o(.text)
    _ll_sshift_r                             0x080005e3   Thumb Code     0  llsshr.o(.text)
    __I$use$fp                               0x08000607   Thumb Code     0  iusefp.o(.text)
    _float_round                             0x08000607   Thumb Code    18  fepilogue.o(.text)
    _float_epilogue                          0x08000619   Thumb Code    92  fepilogue.o(.text)
    _double_round                            0x08000675   Thumb Code    30  depilogue.o(.text)
    _double_epilogue                         0x08000693   Thumb Code   156  depilogue.o(.text)
    _dsqrt                                   0x0800072f   Thumb Code   162  dsqrt.o(.text)
    __scatterload                            0x080007d1   Thumb Code    28  init.o(.text)
    __scatterload_rt2                        0x080007d1   Thumb Code     0  init.o(.text)
    __decompress                             0x080007f5   Thumb Code     0  __dczerorl2.o(.text)
    __decompress1                            0x080007f5   Thumb Code    86  __dczerorl2.o(.text)
    BSP_Init                                 0x0800084b   Thumb Code    70  bsp.o(i.BSP_Init)
    BusFault_Handler                         0x08000891   Thumb Code     4  stm32f4xx_it.o(i.BusFault_Handler)
    CAN1_Config                              0x08000895   Thumb Code   234  can1.o(i.CAN1_Config)
    CAN1_RX0_IRQHandler                      0x08000989   Thumb Code  1188  can1.o(i.CAN1_RX0_IRQHandler)
    CAN_ClearITPendingBit                    0x08000e2d   Thumb Code   162  stm32f4xx_can.o(i.CAN_ClearITPendingBit)
    CAN_FilterInit                           0x08000ed5   Thumb Code   258  stm32f4xx_can.o(i.CAN_FilterInit)
    CAN_GetITStatus                          0x08000fdd   Thumb Code   284  stm32f4xx_can.o(i.CAN_GetITStatus)
    CAN_ITConfig                             0x080010fd   Thumb Code    18  stm32f4xx_can.o(i.CAN_ITConfig)
    CAN_Init                                 0x0800110f   Thumb Code   276  stm32f4xx_can.o(i.CAN_Init)
    CAN_Receive                              0x08001223   Thumb Code   240  stm32f4xx_can.o(i.CAN_Receive)
    CAN_Transmit                             0x08001313   Thumb Code   294  stm32f4xx_can.o(i.CAN_Transmit)
    DMA_Cmd                                  0x0800144b   Thumb Code    22  stm32f4xx_dma.o(i.DMA_Cmd)
    DMA_DeInit                               0x08001461   Thumb Code   324  stm32f4xx_dma.o(i.DMA_DeInit)
    DMA_DoubleBufferModeCmd                  0x080015b9   Thumb Code    22  stm32f4xx_dma.o(i.DMA_DoubleBufferModeCmd)
    DMA_DoubleBufferModeConfig               0x080015cf   Thumb Code    24  stm32f4xx_dma.o(i.DMA_DoubleBufferModeConfig)
    DMA_GetCurrDataCounter                   0x080015e7   Thumb Code     8  stm32f4xx_dma.o(i.DMA_GetCurrDataCounter)
    DMA_GetCurrentMemoryTarget               0x080015ef   Thumb Code    20  stm32f4xx_dma.o(i.DMA_GetCurrentMemoryTarget)
    DMA_Init                                 0x08001605   Thumb Code    82  stm32f4xx_dma.o(i.DMA_Init)
    DMA_StructInit                           0x0800165d   Thumb Code    34  stm32f4xx_dma.o(i.DMA_StructInit)
    DebugMon_Handler                         0x0800167f   Thumb Code     2  stm32f4xx_it.o(i.DebugMon_Handler)
    EXTI1_IRQHandler                         0x08001681   Thumb Code    34  mpu6500_interrupt.o(i.EXTI1_IRQHandler)
    EXTI_ClearFlag                           0x080016a9   Thumb Code     6  stm32f4xx_exti.o(i.EXTI_ClearFlag)
    EXTI_ClearITPendingBit                   0x080016b5   Thumb Code     6  stm32f4xx_exti.o(i.EXTI_ClearITPendingBit)
    EXTI_GetITStatus                         0x080016c1   Thumb Code    34  stm32f4xx_exti.o(i.EXTI_GetITStatus)
    EXTI_Init                                0x080016e9   Thumb Code   142  stm32f4xx_exti.o(i.EXTI_Init)
    EncoderProcess                           0x0800177d   Thumb Code   202  canbustask.o(i.EncoderProcess)
    Encoder_Start                            0x08001855   Thumb Code    10  encoder.o(i.Encoder_Start)
    GPIO_Init                                0x08001865   Thumb Code   144  stm32f4xx_gpio.o(i.GPIO_Init)
    GPIO_PinAFConfig                         0x080018f5   Thumb Code    70  stm32f4xx_gpio.o(i.GPIO_PinAFConfig)
    GPIO_ResetBits                           0x0800193b   Thumb Code     4  stm32f4xx_gpio.o(i.GPIO_ResetBits)
    GPIO_SetBits                             0x0800193f   Thumb Code     4  stm32f4xx_gpio.o(i.GPIO_SetBits)
    GPIO_StructInit                          0x08001943   Thumb Code    18  stm32f4xx_gpio.o(i.GPIO_StructInit)
    GetInputMode                             0x08001955   Thumb Code     6  remotetask.o(i.GetInputMode)
    GetLostCounter                           0x08001961   Thumb Code    18  supervisetask.o(i.GetLostCounter)
    GetPitchYawGxGyGz                        0x08001979   Thumb Code   302  imu.o(i.GetPitchYawGxGyGz)
    GetRemoteSwitchAction                    0x08001ae1   Thumb Code   120  remotetask.o(i.GetRemoteSwitchAction)
    GetWorkState                             0x08001b5d   Thumb Code     6  controltask.o(i.GetWorkState)
    Get_Time_Micros                          0x08001b69   Thumb Code     8  timer.o(i.Get_Time_Micros)
    GimbalAngleLimit                         0x08001b71   Thumb Code   158  remotetask.o(i.GimbalAngleLimit)
    Gimbal_Set                               0x08001c1d   Thumb Code   100  lbpid.o(i.Gimbal_Set)
    HardFault_Handler                        0x08001c8d   Thumb Code     4  stm32f4xx_it.o(i.HardFault_Handler)
    IMU_AHRSupdate                           0x08001c91   Thumb Code  1920  imu.o(i.IMU_AHRSupdate)
    IMU_Get_Data                             0x08002455   Thumb Code   158  test_imu.o(i.IMU_Get_Data)
    IMU_getQ                                 0x080024fd   Thumb Code    56  imu.o(i.IMU_getQ)
    IMU_getValues                            0x08002549   Thumb Code   186  imu.o(i.IMU_getValues)
    IMU_getYawPitchRoll                      0x0800260d   Thumb Code   552  imu.o(i.IMU_getYawPitchRoll)
    IST8310_Init                             0x08002849   Thumb Code   242  test_imu.o(i.IST8310_Init)
    Init_Quaternion                          0x080029b5   Thumb Code   586  imu.o(i.Init_Quaternion)
    Led_Config                               0x08002c6d   Thumb Code   218  led.o(i.Led_Config)
    LostCounterFeed                          0x08002d59   Thumb Code     6  lost_counter.o(i.LostCounterFeed)
    MPU6050_AverageFilter                    0x08002d61   Thumb Code   494  test_imu.o(i.MPU6050_AverageFilter)
    MPU6050_Init                             0x08002f55   Thumb Code   110  test_imu.o(i.MPU6050_Init)
    MPU6050_IntConfig                        0x08002fd1   Thumb Code   124  mpu6500_interrupt.o(i.MPU6050_IntConfig)
    MPU6050_Read_Reg                         0x08003051   Thumb Code    58  test_imu.o(i.MPU6050_Read_Reg)
    MPU6050_Read_Regs                        0x08003099   Thumb Code    78  test_imu.o(i.MPU6050_Read_Regs)
    MPU6050_Write_Reg                        0x080030f5   Thumb Code    52  test_imu.o(i.MPU6050_Write_Reg)
    MPU6050_getMotion6                       0x08003131   Thumb Code   118  test_imu.o(i.MPU6050_getMotion6)
    MemManage_Handler                        0x08003241   Thumb Code     4  stm32f4xx_it.o(i.MemManage_Handler)
    MouseKeyControlProcess                   0x08003245   Thumb Code   434  remotetask.o(i.MouseKeyControlProcess)
    MouseShootControl                        0x08003415   Thumb Code   260  remotetask.o(i.MouseShootControl)
    NMI_Handler                              0x0800352d   Thumb Code     2  stm32f4xx_it.o(i.NMI_Handler)
    NVIC_Init                                0x08003531   Thumb Code   106  misc.o(i.NVIC_Init)
    NVIC_PriorityGroupConfig                 0x080035a9   Thumb Code    10  misc.o(i.NVIC_PriorityGroupConfig)
    PID_Calc                                 0x080035bd   Thumb Code   214  pid.o(i.PID_Calc)
    PID_Reset                                0x08003695   Thumb Code    34  pid.o(i.PID_Reset)
    PWM_Config                               0x080036bd   Thumb Code   282  gun.o(i.PWM_Config)
    PendSV_Handler                           0x080037e5   Thumb Code     2  stm32f4xx_it.o(i.PendSV_Handler)
    Pitch_PID                                0x080037e9   Thumb Code   310  lbpid.o(i.Pitch_PID)
    RCC_AHB1PeriphClockCmd                   0x08003965   Thumb Code    26  stm32f4xx_rcc.o(i.RCC_AHB1PeriphClockCmd)
    RCC_APB1PeriphClockCmd                   0x08003985   Thumb Code    26  stm32f4xx_rcc.o(i.RCC_APB1PeriphClockCmd)
    RCC_APB1PeriphResetCmd                   0x080039a5   Thumb Code    26  stm32f4xx_rcc.o(i.RCC_APB1PeriphResetCmd)
    RCC_APB2PeriphClockCmd                   0x080039c5   Thumb Code    26  stm32f4xx_rcc.o(i.RCC_APB2PeriphClockCmd)
    RCC_APB2PeriphResetCmd                   0x080039e5   Thumb Code    26  stm32f4xx_rcc.o(i.RCC_APB2PeriphResetCmd)
    RCC_GetClocksFreq                        0x08003a05   Thumb Code   214  stm32f4xx_rcc.o(i.RCC_GetClocksFreq)
    RampCalc                                 0x08003aed   Thumb Code    42  ramp.o(i.RampCalc)
    RampInit                                 0x08003b17   Thumb Code     2  ramp.o(i.RampInit)
    RampIsOverflow                           0x08003b19   Thumb Code    18  ramp.o(i.RampIsOverflow)
    RampResetCounter                         0x08003b2b   Thumb Code     6  ramp.o(i.RampResetCounter)
    RampSetCounter                           0x08003b31   Thumb Code     4  ramp.o(i.RampSetCounter)
    RampSetScale                             0x08003b35   Thumb Code     4  ramp.o(i.RampSetScale)
    RemoteControlProcess                     0x08003b39   Thumb Code   462  remotetask.o(i.RemoteControlProcess)
    RemoteDataPrcess                         0x08003d29   Thumb Code   226  remotetask.o(i.RemoteDataPrcess)
    RemoteShootControl                       0x08003e11   Thumb Code   236  remotetask.o(i.RemoteShootControl)
    SPI5_Init                                0x08003f11   Thumb Code   162  spi.o(i.SPI5_Init)
    SPI5_ReadWriteByte                       0x08003fbd   Thumb Code    50  spi.o(i.SPI5_ReadWriteByte)
    SPI_Cmd                                  0x08003ff5   Thumb Code    24  stm32f4xx_spi.o(i.SPI_Cmd)
    SPI_I2S_GetFlagStatus                    0x0800400d   Thumb Code    18  stm32f4xx_spi.o(i.SPI_I2S_GetFlagStatus)
    SPI_I2S_ReceiveData                      0x0800401f   Thumb Code     6  stm32f4xx_spi.o(i.SPI_I2S_ReceiveData)
    SPI_I2S_SendData                         0x08004025   Thumb Code     4  stm32f4xx_spi.o(i.SPI_I2S_SendData)
    SPI_Init                                 0x08004029   Thumb Code    60  stm32f4xx_spi.o(i.SPI_Init)
    SVC_Handler                              0x08004065   Thumb Code     2  stm32f4xx_it.o(i.SVC_Handler)
    SYSCFG_EXTILineConfig                    0x08004069   Thumb Code    60  stm32f4xx_syscfg.o(i.SYSCFG_EXTILineConfig)
    SetInputMode                             0x080040a9   Thumb Code    36  remotetask.o(i.SetInputMode)
    SetShootState                            0x080040d1   Thumb Code     6  remotetask.o(i.SetShootState)
    Set_Gimbal_Current                       0x080041c9   Thumb Code    84  canbustask.o(i.Set_Gimbal_Current)
    SystemInit                               0x0800421d   Thumb Code    88  system_stm32f4xx.o(i.SystemInit)
    TIM2_Config                              0x08004285   Thumb Code    60  timer.o(i.TIM2_Config)
    TIM2_IRQHandler                          0x080042c1   Thumb Code    30  timer.o(i.TIM2_IRQHandler)
    TIM6_Config                              0x080042e1   Thumb Code    72  timer.o(i.TIM6_Config)
    TIM6_DAC_IRQHandler                      0x0800432d   Thumb Code    30  timer.o(i.TIM6_DAC_IRQHandler)
    TIM6_Start                               0x08004351   Thumb Code    30  timer.o(i.TIM6_Start)
    TIM_ARRPreloadConfig                     0x08004375   Thumb Code    24  stm32f4xx_tim.o(i.TIM_ARRPreloadConfig)
    TIM_ClearFlag                            0x0800438d   Thumb Code     6  stm32f4xx_tim.o(i.TIM_ClearFlag)
    TIM_ClearITPendingBit                    0x08004393   Thumb Code     6  stm32f4xx_tim.o(i.TIM_ClearITPendingBit)
    TIM_Cmd                                  0x08004399   Thumb Code    24  stm32f4xx_tim.o(i.TIM_Cmd)
    TIM_GetITStatus                          0x080043b1   Thumb Code    34  stm32f4xx_tim.o(i.TIM_GetITStatus)
    TIM_ITConfig                             0x080043d3   Thumb Code    18  stm32f4xx_tim.o(i.TIM_ITConfig)
    TIM_OC1Init                              0x080043e5   Thumb Code   114  stm32f4xx_tim.o(i.TIM_OC1Init)
    TIM_OC1PreloadConfig                     0x08004461   Thumb Code    18  stm32f4xx_tim.o(i.TIM_OC1PreloadConfig)
    TIM_OC2Init                              0x08004475   Thumb Code   154  stm32f4xx_tim.o(i.TIM_OC2Init)
    TIM_OC2PreloadConfig                     0x08004519   Thumb Code    26  stm32f4xx_tim.o(i.TIM_OC2PreloadConfig)
    TIM_TimeBaseInit                         0x08004535   Thumb Code   104  stm32f4xx_tim.o(i.TIM_TimeBaseInit)
    USART1_Config                            0x080045b9   Thumb Code   298  usart1.o(i.USART1_Config)
    USART1_IRQHandler                        0x080046f9   Thumb Code   190  usart1.o(i.USART1_IRQHandler)
    USART2_Config                            0x080047c9   Thumb Code   162  usart2.o(i.USART2_Config)
    USART2_IRQHandler                        0x08004875   Thumb Code   248  usart2.o(i.USART2_IRQHandler)
    USART3_Config                            0x0800497d   Thumb Code   164  usart3.o(i.USART3_Config)
    USART3_IRQHandler                        0x08004a29   Thumb Code   242  usart3.o(i.USART3_IRQHandler)
    USART_ClearFlag                          0x08004b39   Thumb Code    18  stm32f4xx_usart.o(i.USART_ClearFlag)
    USART_Cmd                                0x08004b4b   Thumb Code    24  stm32f4xx_usart.o(i.USART_Cmd)
    USART_DMACmd                             0x08004b63   Thumb Code    18  stm32f4xx_usart.o(i.USART_DMACmd)
    USART_DeInit                             0x08004b75   Thumb Code   156  stm32f4xx_usart.o(i.USART_DeInit)
    USART_GetITStatus                        0x08004c29   Thumb Code    84  stm32f4xx_usart.o(i.USART_GetITStatus)
    USART_ITConfig                           0x08004c7d   Thumb Code    74  stm32f4xx_usart.o(i.USART_ITConfig)
    USART_Init                               0x08004cc9   Thumb Code   204  stm32f4xx_usart.o(i.USART_Init)
    USART_ReceiveData                        0x08004d9d   Thumb Code    10  stm32f4xx_usart.o(i.USART_ReceiveData)
    USART_StructInit                         0x08004da7   Thumb Code    24  stm32f4xx_usart.o(i.USART_StructInit)
    UsageFault_Handler                       0x08004dbf   Thumb Code     4  stm32f4xx_it.o(i.UsageFault_Handler)
    Yaw_PID                                  0x08004dc5   Thumb Code   306  lbpid.o(i.Yaw_PID)
    __ARM_fpclassify                         0x08004f3d   Thumb Code    48  fpclassify.o(i.__ARM_fpclassify)
    __hardfp_asin                            0x08004f71   Thumb Code   770  asin.o(i.__hardfp_asin)
    __hardfp_atan                            0x080052d1   Thumb Code   622  atan.o(i.__hardfp_atan)
    __hardfp_atan2                           0x080055a9   Thumb Code   432  atan2.o(i.__hardfp_atan2)
    __hardfp_fabs                            0x08005799   Thumb Code    20  fabs.o(i.__hardfp_fabs)
    __hardfp_sqrt                            0x080057ad   Thumb Code   122  sqrt.o(i.__hardfp_sqrt)
    __kernel_poly                            0x08005827   Thumb Code   248  poly.o(i.__kernel_poly)
    __mathlib_dbl_infnan                     0x0800591f   Thumb Code    20  dunder.o(i.__mathlib_dbl_infnan)
    __mathlib_dbl_infnan2                    0x08005933   Thumb Code    20  dunder.o(i.__mathlib_dbl_infnan2)
    __mathlib_dbl_invalid                    0x08005949   Thumb Code    24  dunder.o(i.__mathlib_dbl_invalid)
    __mathlib_dbl_underflow                  0x08005969   Thumb Code    24  dunder.o(i.__mathlib_dbl_underflow)
    __scatterload_copy                       0x08005989   Thumb Code    14  handlers.o(i.__scatterload_copy)
    __scatterload_null                       0x08005997   Thumb Code     2  handlers.o(i.__scatterload_null)
    __scatterload_zeroinit                   0x08005999   Thumb Code    14  handlers.o(i.__scatterload_zeroinit)
    __set_errno                              0x080059a9   Thumb Code     6  errno.o(i.__set_errno)
    analysis_powerA_rest_power               0x080059b5   Thumb Code    84  main.o(i.analysis_powerA_rest_power)
    atan                                     0x08005a21   Thumb Code    16  atan.o(i.atan)
    delay_ms                                 0x08005a31   Thumb Code    28  delay.o(i.delay_ms)
    delay_us                                 0x08005a4d   Thumb Code    26  delay.o(i.delay_us)
    fabs                                     0x08005a67   Thumb Code    24  fabs.o(i.fabs)
    invSqrt                                  0x08005a81   Thumb Code    56  imu.o(i.invSqrt)
    main                                     0x08005abd   Thumb Code   142  main.o(i.main)
    sqrt                                     0x08005b7d   Thumb Code   110  sqrt.o(i.sqrt)
    __mathlib_zero                           0x08005cf0   Data           8  qnan.o(.constdata)
    Region$$Table$$Base                      0x08005cf8   Number         0  anon$$obj.o(Region$$Table)
    Region$$Table$$Limit                     0x08005d18   Number         0  anon$$obj.o(Region$$Table)
    BAIDONG_YAW                              0x20000000   Data           4  main.o(.data)
    BAIDONG_YAW_flag                         0x20000004   Data           4  main.o(.data)
    stastic_yaw_angle                        0x20000008   Data           4  main.o(.data)
    i                                        0x2000000c   Data           4  main.o(.data)
    s                                        0x20000010   Data           4  main.o(.data)
    flag_power_over                          0x20000014   Data           1  main.o(.data)
    power                                    0x20000018   Data           4  main.o(.data)
    dianji                                   0x2000001c   Data           4  main.o(.data)
    rest_power                               0x20000020   Data           4  main.o(.data)
    ZJX1                                     0x20000024   Data           4  main.o(.data)
    Pitch_test                               0x20000028   Data           4  main.o(.data)
    Yaw_test                                 0x2000002c   Data           4  main.o(.data)
    usart3_power                             0x20000034   Data           4  usart3.o(.data)
    usart3_rest                              0x20000038   Data           2  usart3.o(.data)
    usart3_power_flag                        0x2000003a   Data           1  usart3.o(.data)
    usart3_rest_flag                         0x2000003b   Data           1  usart3.o(.data)
    Fspeed_fdb                               0x20000040   Data           2  can1.o(.data)
    Uspeed_fdb                               0x20000042   Data           2  can1.o(.data)
    speed_fdb                                0x20000044   Data           2  can1.o(.data)
    Ucurrent_fdb                             0x20000046   Data           2  can1.o(.data)
    Fcurrent_fdb                             0x20000048   Data           2  can1.o(.data)
    Yp                                       0x2000004c   Data           4  can1.o(.data)
    Yy                                       0x20000050   Data           4  can1.o(.data)
    REAL_YP                                  0x20000054   Data           4  can1.o(.data)
    REAL_YY                                  0x20000058   Data           4  can1.o(.data)
    current_fdb                              0x2000005c   Data           2  can1.o(.data)
    current                                  0x20000060   Data           4  can1.o(.data)
    power_fdb                                0x20000064   Data           4  can1.o(.data)
    dianliu                                  0x20000068   Data           4  can1.o(.data)
    fenzhuang_current                        0x2000006c   Data           4  can1.o(.data)
    jiaoduh                                  0x20000070   Data           1  can1.o(.data)
    jiaodul                                  0x20000071   Data           1  can1.o(.data)
    zhuansuh                                 0x20000072   Data           1  can1.o(.data)
    zhhuansul                                0x20000073   Data           1  can1.o(.data)
    shiji_currenth                           0x20000074   Data           1  can1.o(.data)
    shiji_currentl                           0x20000075   Data           1  can1.o(.data)
    temp                                     0x20000076   Data           1  can1.o(.data)
    null                                     0x20000077   Data           1  can1.o(.data)
    Std                                      0x20000078   Data           4  can1.o(.data)
    fenzhuang                                0x2000007c   Data           4  can1.o(.data)
    y                                        0x20000080   Data           4  can1.o(.data)
    M1                                       0x20000084   Data           4  can1.o(.data)
    M2                                       0x20000088   Data           4  can1.o(.data)
    M3                                       0x2000008c   Data           4  can1.o(.data)
    M4                                       0x20000090   Data           4  can1.o(.data)
    M5                                       0x20000094   Data           4  can1.o(.data)
    quanshu                                  0x20000098   Data           4  can1.o(.data)
    xue                                      0x2000009c   Data           4  can1.o(.data)
    ZJX                                      0x200000a0   Data           2  can1.o(.data)
    usart2_rcvfns                            0x200000a2   Data           1  usart2.o(.data)
    exInt                                    0x200000b4   Data           4  imu.o(.data)
    eyInt                                    0x200000b8   Data           4  imu.o(.data)
    ezInt                                    0x200000bc   Data           4  imu.o(.data)
    q0                                       0x200000c0   Data           4  imu.o(.data)
    q1                                       0x200000c4   Data           4  imu.o(.data)
    q2                                       0x200000c8   Data           4  imu.o(.data)
    q3                                       0x200000cc   Data           4  imu.o(.data)
    lastUpdate                               0x200000f4   Data           4  imu.o(.data)
    now                                      0x200000f8   Data           4  imu.o(.data)
    yaw_temp                                 0x200000fc   Data           4  imu.o(.data)
    pitch_temp                               0x20000100   Data           4  imu.o(.data)
    roll_temp                                0x20000104   Data           4  imu.o(.data)
    last_yaw_temp                            0x20000108   Data           4  imu.o(.data)
    last_pitch_temp                          0x2000010c   Data           4  imu.o(.data)
    last_roll_temp                           0x20000110   Data           4  imu.o(.data)
    yaw_angle                                0x20000114   Data           4  imu.o(.data)
    pitch_angle                              0x20000118   Data           4  imu.o(.data)
    roll_angle                               0x2000011c   Data           4  imu.o(.data)
    yaw_count                                0x20000120   Data           4  imu.o(.data)
    roll_count                               0x20000124   Data           4  imu.o(.data)
    isMPU6050_is_DRY                         0x20000128   Data           1  mpu6500_interrupt.o(.data)
    MPU_id                                   0x20000129   Data           1  test_imu.o(.data)
    f                                        0x20000140   Data           4  controltask.o(.data)
    l                                        0x20000144   Data           4  controltask.o(.data)
    p                                        0x20000148   Data           4  controltask.o(.data)
    g                                        0x2000014c   Data           4  controltask.o(.data)
    s1                                       0x20000150   Data           4  controltask.o(.data)
    s2                                       0x20000154   Data           4  controltask.o(.data)
    bolun                                    0x20000158   Data           4  controltask.o(.data)
    old_f                                    0x2000015c   Data           4  controltask.o(.data)
    F                                        0x20000160   Data           4  controltask.o(.data)
    L                                        0x20000164   Data           4  controltask.o(.data)
    P                                        0x20000168   Data           4  controltask.o(.data)
    S1                                       0x2000016c   Data           4  controltask.o(.data)
    G                                        0x20000170   Data           4  controltask.o(.data)
    Y                                        0x20000174   Data           4  controltask.o(.data)
    SPEED_LEVAL                              0x20000178   Data           4  controltask.o(.data)
    speed_number                             0x2000017c   Data           4  controltask.o(.data)
    IMU_G                                    0x20000180   Data           8  controltask.o(.data)
    IMU_FDB                                  0x20000188   Data           4  controltask.o(.data)
    fire                                     0x2000018c   Data           1  controltask.o(.data)
    friction_quanshu                         0x20000190   Data           4  controltask.o(.data)
    GMPPositionPID                           0x20000194   Data          84  controltask.o(.data)
    GMPSpeedPID                              0x200001e8   Data          84  controltask.o(.data)
    GMYPositionPID                           0x2000023c   Data          84  controltask.o(.data)
    GMYSpeedPID                              0x20000290   Data          84  controltask.o(.data)
    CMRotatePID                              0x200002e4   Data          84  controltask.o(.data)
    CM1SpeedPID                              0x20000338   Data          84  controltask.o(.data)
    CM2SpeedPID                              0x2000038c   Data          84  controltask.o(.data)
    CM3SpeedPID                              0x200003e0   Data          84  controltask.o(.data)
    CM4SpeedPID                              0x20000434   Data          84  controltask.o(.data)
    ShootMotorSpeedPID                       0x20000488   Data          84  controltask.o(.data)
    lastWorkState                            0x200004dc   Data           1  controltask.o(.data)
    workState                                0x200004dd   Data           1  controltask.o(.data)
    GMPitchRamp                              0x200004e0   Data          36  controltask.o(.data)
    GMYawRamp                                0x20000504   Data          36  controltask.o(.data)
    pwm_ccr                                  0x2000052c   Data           2  controltask.o(.data)
    ChassisSpeedRef                          0x20000538   Data           8  remotetask.o(.data)
    friction_wheel_state                     0x20000540   Data           1  remotetask.o(.data)
    frictionRamp                             0x20000544   Data          36  remotetask.o(.data)
    LRSpeedRamp                              0x20000568   Data          36  remotetask.o(.data)
    FBSpeedRamp                              0x2000058c   Data          36  remotetask.o(.data)
    lost_counter                             0x200005b8   Data          44  supervisetask.o(.data)
    lost_err                                 0x200005e4   Data           4  supervisetask.o(.data)
    Pitch_Fina_Out                           0x200005f4   Data           2  lbpid.o(.data)
    Yaw_Fina_Out                             0x200005f6   Data           2  lbpid.o(.data)
    Pitch_i                                  0x200005f8   Data           4  lbpid.o(.data)
    Pitch_old                                0x200005fc   Data           4  lbpid.o(.data)
    Pitch_d                                  0x20000600   Data           4  lbpid.o(.data)
    Pitch_shell_out                          0x20000604   Data           4  lbpid.o(.data)
    Pitch_shell_kp                           0x20000608   Data           4  lbpid.o(.data)
    Pitch_shell_ki                           0x2000060c   Data           4  lbpid.o(.data)
    Pitch_shell_kd                           0x20000610   Data           4  lbpid.o(.data)
    Speed_Pitch                              0x20000614   Data           4  lbpid.o(.data)
    pitch_core_kp_out                        0x20000618   Data           4  lbpid.o(.data)
    pitch_core_kd_out                        0x2000061c   Data           4  lbpid.o(.data)
    Pitch_core_kp                            0x20000620   Data           4  lbpid.o(.data)
    Pitch_core_kd                            0x20000624   Data           4  lbpid.o(.data)
    Speed_Pitch_Old                          0x20000628   Data           4  lbpid.o(.data)
    Pitch_core_out                           0x2000062c   Data           4  lbpid.o(.data)
    Yaw_i                                    0x20000630   Data           4  lbpid.o(.data)
    Yaw_old                                  0x20000634   Data           4  lbpid.o(.data)
    Yaw_d                                    0x20000638   Data           4  lbpid.o(.data)
    Yaw_shell_out                            0x2000063c   Data           4  lbpid.o(.data)
    Yaw_shell_kp                             0x20000640   Data           4  lbpid.o(.data)
    Yaw_shell_ki                             0x20000644   Data           4  lbpid.o(.data)
    Yaw_shell_kd                             0x20000648   Data           4  lbpid.o(.data)
    Speed_Yaw                                0x2000064c   Data           4  lbpid.o(.data)
    Yaw_core_kp_out                          0x20000650   Data           4  lbpid.o(.data)
    Yaw_core_kd_out                          0x20000654   Data           4  lbpid.o(.data)
    Yaw_core_kp                              0x20000658   Data           4  lbpid.o(.data)
    Yaw_core_kd                              0x2000065c   Data           4  lbpid.o(.data)
    Speed_Yaw_Old                            0x20000660   Data           4  lbpid.o(.data)
    Yaw_core_out                             0x20000664   Data           4  lbpid.o(.data)
    Yaw_imu_i                                0x20000668   Data           4  lbpid.o(.data)
    Yaw_imu_d                                0x2000066c   Data           4  lbpid.o(.data)
    Yaw_imu_old                              0x20000670   Data           4  lbpid.o(.data)
    Yaw_imu_out                              0x20000674   Data           4  lbpid.o(.data)
    Yaw_imu_kp                               0x20000678   Data           4  lbpid.o(.data)
    Yaw_imu_ki                               0x2000067c   Data           4  lbpid.o(.data)
    Yaw_imu_kd                               0x20000680   Data           4  lbpid.o(.data)
    shiji_current                            0x200006c4   Data          16  can1.o(.bss)
    usart2_rcvbuf                            0x200006d4   Data          30  usart2.o(.bss)
    mygetqval                                0x200006f4   Data          36  imu.o(.bss)
    angle                                    0x20000728   Data          12  imu.o(.bss)
    imu_data                                 0x20000734   Data          20  test_imu.o(.bss)
    imu_data_offest                          0x20000748   Data          20  test_imu.o(.bss)
    MPU6050_FIFO                             0x2000075c   Data         132  test_imu.o(.bss)
    MPU6050_Raw_Data                         0x200007e0   Data          20  test_imu.o(.bss)
    MPU6050_Real_Data                        0x200007f4   Data          40  test_imu.o(.bss)
    MagMaxMinData                            0x2000081c   Data          12  test_imu.o(.bss)
    CM1Encoder                               0x20000828   Data          68  canbustask.o(.bss)
    CM2Encoder                               0x2000086c   Data          68  canbustask.o(.bss)
    CM3Encoder                               0x200008b0   Data          68  canbustask.o(.bss)
    CM4Encoder                               0x200008f4   Data          68  canbustask.o(.bss)
    GMYawEncoder                             0x20000938   Data          68  canbustask.o(.bss)
    GMPitchEncoder                           0x2000097c   Data          68  canbustask.o(.bss)
    Motor1_Measure                           0x200009c0   Data          10  canbustask.o(.bss)
    Motor2_Measure                           0x200009ca   Data          10  canbustask.o(.bss)
    Motor3_Measure                           0x200009d4   Data          10  canbustask.o(.bss)
    Motor4_Measure                           0x200009de   Data          10  canbustask.o(.bss)
    RC_CtrlData                              0x200009e8   Data          24  remotetask.o(.bss)
    GimbalRef                                0x20000a00   Data          24  remotetask.o(.bss)
    __initial_sp                             0x20001430   Data           0  startup_stm32f4xx.o(STACK)



==============================================================================

Memory Map of the image

  Image Entry point : 0x08000189

  Load Region LR_IROM1 (Base: 0x08000000, Size: 0x000063a0, Max: 0x00200000, ABSOLUTE, COMPRESSED[0x00005dfc])

    Execution Region ER_IROM1 (Base: 0x08000000, Size: 0x00005d18, Max: 0x00200000, ABSOLUTE)

    Base Addr    Size         Type   Attr      Idx    E Section Name        Object

    0x08000000   0x00000188   Data   RO         3475    RESET               startup_stm32f4xx.o
    0x08000188   0x00000000   Code   RO         4812  * .ARM.Collect$$$$00000000  mc_w.l(entry.o)
    0x08000188   0x00000004   Code   RO         4874    .ARM.Collect$$$$00000001  mc_w.l(entry2.o)
    0x0800018c   0x00000004   Code   RO         4877    .ARM.Collect$$$$00000004  mc_w.l(entry5.o)
    0x08000190   0x00000000   Code   RO         4879    .ARM.Collect$$$$00000008  mc_w.l(entry7b.o)
    0x08000190   0x00000000   Code   RO         4881    .ARM.Collect$$$$0000000A  mc_w.l(entry8b.o)
    0x08000190   0x00000008   Code   RO         4882    .ARM.Collect$$$$0000000B  mc_w.l(entry9a.o)
    0x08000198   0x00000000   Code   RO         4884    .ARM.Collect$$$$0000000D  mc_w.l(entry10a.o)
    0x08000198   0x00000000   Code   RO         4886    .ARM.Collect$$$$0000000F  mc_w.l(entry11a.o)
    0x08000198   0x00000004   Code   RO         4875    .ARM.Collect$$$$00002712  mc_w.l(entry2.o)
    0x0800019c   0x00000024   Code   RO         3476    .text               startup_stm32f4xx.o
    0x080001c0   0x00000024   Code   RO         4815    .text               mc_w.l(memcpya.o)
    0x080001e4   0x0000014e   Code   RO         4819    .text               mf_w.l(dadd.o)
    0x08000332   0x000000e4   Code   RO         4821    .text               mf_w.l(dmul.o)
    0x08000416   0x000000de   Code   RO         4823    .text               mf_w.l(ddiv.o)
    0x080004f4   0x00000022   Code   RO         4827    .text               mf_w.l(dflti.o)
    0x08000516   0x00000026   Code   RO         4833    .text               mf_w.l(f2d.o)
    0x0800053c   0x00000030   Code   RO         4837    .text               mf_w.l(cdrcmple.o)
    0x0800056c   0x00000038   Code   RO         4839    .text               mf_w.l(d2f.o)
    0x080005a4   0x0000001e   Code   RO         4888    .text               mc_w.l(llshl.o)
    0x080005c2   0x00000020   Code   RO         4890    .text               mc_w.l(llushr.o)
    0x080005e2   0x00000024   Code   RO         4892    .text               mc_w.l(llsshr.o)
    0x08000606   0x00000000   Code   RO         4901    .text               mc_w.l(iusefp.o)
    0x08000606   0x0000006e   Code   RO         4902    .text               mf_w.l(fepilogue.o)
    0x08000674   0x000000ba   Code   RO         4904    .text               mf_w.l(depilogue.o)
    0x0800072e   0x000000a2   Code   RO         4906    .text               mf_w.l(dsqrt.o)
    0x080007d0   0x00000024   Code   RO         4908    .text               mc_w.l(init.o)
    0x080007f4   0x00000056   Code   RO         4918    .text               mc_w.l(__dczerorl2.o)
    0x0800084a   0x00000046   Code   RO          538    i.BSP_Init          bsp.o
    0x08000890   0x00000004   Code   RO         3407    i.BusFault_Handler  stm32f4xx_it.o
    0x08000894   0x000000f4   Code   RO          423    i.CAN1_Config       can1.o
    0x08000988   0x000004a4   Code   RO          424    i.CAN1_RX0_IRQHandler  can1.o
    0x08000e2c   0x000000a8   Code   RO         2948    i.CAN_ClearITPendingBit  stm32f4xx_can.o
    0x08000ed4   0x00000108   Code   RO         2952    i.CAN_FilterInit    stm32f4xx_can.o
    0x08000fdc   0x00000120   Code   RO         2954    i.CAN_GetITStatus   stm32f4xx_can.o
    0x080010fc   0x00000012   Code   RO         2958    i.CAN_ITConfig      stm32f4xx_can.o
    0x0800110e   0x00000114   Code   RO         2959    i.CAN_Init          stm32f4xx_can.o
    0x08001222   0x000000f0   Code   RO         2962    i.CAN_Receive       stm32f4xx_can.o
    0x08001312   0x00000126   Code   RO         2967    i.CAN_Transmit      stm32f4xx_can.o
    0x08001438   0x00000012   Code   RO         2970    i.CheckITStatus     stm32f4xx_can.o
    0x0800144a   0x00000016   Code   RO         2759    i.DMA_Cmd           stm32f4xx_dma.o
    0x08001460   0x00000158   Code   RO         2760    i.DMA_DeInit        stm32f4xx_dma.o
    0x080015b8   0x00000016   Code   RO         2761    i.DMA_DoubleBufferModeCmd  stm32f4xx_dma.o
    0x080015ce   0x00000018   Code   RO         2762    i.DMA_DoubleBufferModeConfig  stm32f4xx_dma.o
    0x080015e6   0x00000008   Code   RO         2765    i.DMA_GetCurrDataCounter  stm32f4xx_dma.o
    0x080015ee   0x00000014   Code   RO         2766    i.DMA_GetCurrentMemoryTarget  stm32f4xx_dma.o
    0x08001602   0x00000002   PAD
    0x08001604   0x00000058   Code   RO         2771    i.DMA_Init          stm32f4xx_dma.o
    0x0800165c   0x00000022   Code   RO         2775    i.DMA_StructInit    stm32f4xx_dma.o
    0x0800167e   0x00000002   Code   RO         3408    i.DebugMon_Handler  stm32f4xx_it.o
    0x08001680   0x00000028   Code   RO         3719    i.EXTI1_IRQHandler  mpu6500_interrupt.o
    0x080016a8   0x0000000c   Code   RO         2691    i.EXTI_ClearFlag    stm32f4xx_exti.o
    0x080016b4   0x0000000c   Code   RO         2692    i.EXTI_ClearITPendingBit  stm32f4xx_exti.o
    0x080016c0   0x00000028   Code   RO         2696    i.EXTI_GetITStatus  stm32f4xx_exti.o
    0x080016e8   0x00000094   Code   RO         2697    i.EXTI_Init         stm32f4xx_exti.o
    0x0800177c   0x000000d8   Code   RO         3867    i.EncoderProcess    canbustask.o
    0x08001854   0x00000010   Code   RO          562    i.Encoder_Start     encoder.o
    0x08001864   0x00000090   Code   RO         2392    i.GPIO_Init         stm32f4xx_gpio.o
    0x080018f4   0x00000046   Code   RO         2393    i.GPIO_PinAFConfig  stm32f4xx_gpio.o
    0x0800193a   0x00000004   Code   RO         2399    i.GPIO_ResetBits    stm32f4xx_gpio.o
    0x0800193e   0x00000004   Code   RO         2400    i.GPIO_SetBits      stm32f4xx_gpio.o
    0x08001942   0x00000012   Code   RO         2401    i.GPIO_StructInit   stm32f4xx_gpio.o
    0x08001954   0x0000000c   Code   RO         4321    i.GetInputMode      remotetask.o
    0x08001960   0x00000018   Code   RO         4435    i.GetLostCounter    supervisetask.o
    0x08001978   0x00000168   Code   RO         3651    i.GetPitchYawGxGyGz  imu.o
    0x08001ae0   0x0000007c   Code   RO         4322    i.GetRemoteSwitchAction  remotetask.o
    0x08001b5c   0x0000000c   Code   RO         3997    i.GetWorkState      controltask.o
    0x08001b68   0x00000008   Code   RO          271    i.Get_Time_Micros   timer.o
    0x08001b70   0x000000ac   Code   RO         4324    i.GimbalAngleLimit  remotetask.o
    0x08001c1c   0x00000070   Code   RO         4722    i.Gimbal_Set        lbpid.o
    0x08001c8c   0x00000004   Code   RO         3409    i.HardFault_Handler  stm32f4xx_it.o
    0x08001c90   0x000007c4   Code   RO         3652    i.IMU_AHRSupdate    imu.o
    0x08002454   0x000000a8   Code   RO         3755    i.IMU_Get_Data      test_imu.o
    0x080024fc   0x0000004c   Code   RO         3653    i.IMU_getQ          imu.o
    0x08002548   0x000000c4   Code   RO         3654    i.IMU_getValues     imu.o
    0x0800260c   0x0000023c   Code   RO         3655    i.IMU_getYawPitchRoll  imu.o
    0x08002848   0x000000f2   Code   RO         3756    i.IST8310_Init      test_imu.o
    0x0800293a   0x0000003a   Code   RO         3757    i.IST_Reg_Read_By_MPU  test_imu.o
    0x08002974   0x00000040   Code   RO         3758    i.IST_Reg_Write_By_MPU  test_imu.o
    0x080029b4   0x000002b8   Code   RO         3656    i.Init_Quaternion   imu.o
    0x08002c6c   0x000000ec   Code   RO          213    i.Led_Config        led.o
    0x08002d58   0x00000006   Code   RO         4536    i.LostCounterFeed   lost_counter.o
    0x08002d5e   0x00000002   PAD
    0x08002d60   0x000001f4   Code   RO         3759    i.MPU6050_AverageFilter  test_imu.o
    0x08002f54   0x0000007c   Code   RO         3760    i.MPU6050_Init      test_imu.o
    0x08002fd0   0x00000080   Code   RO         3720    i.MPU6050_IntConfig  mpu6500_interrupt.o
    0x08003050   0x00000048   Code   RO         3761    i.MPU6050_Read_Reg  test_imu.o
    0x08003098   0x0000005c   Code   RO         3762    i.MPU6050_Read_Regs  test_imu.o
    0x080030f4   0x0000003c   Code   RO         3765    i.MPU6050_Write_Reg  test_imu.o
    0x08003130   0x00000084   Code   RO         3766    i.MPU6050_getMotion6  test_imu.o
    0x080031b4   0x0000008c   Code   RO         3767    i.MPU_Auto_Read_IST_config  test_imu.o
    0x08003240   0x00000004   Code   RO         3410    i.MemManage_Handler  stm32f4xx_it.o
    0x08003244   0x000001d0   Code   RO         4326    i.MouseKeyControlProcess  remotetask.o
    0x08003414   0x00000118   Code   RO         4327    i.MouseShootControl  remotetask.o
    0x0800352c   0x00000002   Code   RO         3411    i.NMI_Handler       stm32f4xx_it.o
    0x0800352e   0x00000002   PAD
    0x08003530   0x00000078   Code   RO         3359    i.NVIC_Init         misc.o
    0x080035a8   0x00000014   Code   RO         3360    i.NVIC_PriorityGroupConfig  misc.o
    0x080035bc   0x000000d6   Code   RO         4499    i.PID_Calc          pid.o
    0x08003692   0x00000002   PAD
    0x08003694   0x00000028   Code   RO         4500    i.PID_Reset         pid.o
    0x080036bc   0x00000128   Code   RO          511    i.PWM_Config        gun.o
    0x080037e4   0x00000002   Code   RO         3412    i.PendSV_Handler    stm32f4xx_it.o
    0x080037e6   0x00000002   PAD
    0x080037e8   0x0000017c   Code   RO         4723    i.Pitch_PID         lbpid.o
    0x08003964   0x00000020   Code   RO         1834    i.RCC_AHB1PeriphClockCmd  stm32f4xx_rcc.o
    0x08003984   0x00000020   Code   RO         1843    i.RCC_APB1PeriphClockCmd  stm32f4xx_rcc.o
    0x080039a4   0x00000020   Code   RO         1845    i.RCC_APB1PeriphResetCmd  stm32f4xx_rcc.o
    0x080039c4   0x00000020   Code   RO         1846    i.RCC_APB2PeriphClockCmd  stm32f4xx_rcc.o
    0x080039e4   0x00000020   Code   RO         1848    i.RCC_APB2PeriphResetCmd  stm32f4xx_rcc.o
    0x08003a04   0x000000e8   Code   RO         1855    i.RCC_GetClocksFreq  stm32f4xx_rcc.o
    0x08003aec   0x0000002a   Code   RO         4571    i.RampCalc          ramp.o
    0x08003b16   0x00000002   Code   RO         4572    i.RampInit          ramp.o
    0x08003b18   0x00000012   Code   RO         4573    i.RampIsOverflow    ramp.o
    0x08003b2a   0x00000006   Code   RO         4574    i.RampResetCounter  ramp.o
    0x08003b30   0x00000004   Code   RO         4575    i.RampSetCounter    ramp.o
    0x08003b34   0x00000004   Code   RO         4576    i.RampSetScale      ramp.o
    0x08003b38   0x000001f0   Code   RO         4328    i.RemoteControlProcess  remotetask.o
    0x08003d28   0x000000e8   Code   RO         4329    i.RemoteDataPrcess  remotetask.o
    0x08003e10   0x00000100   Code   RO         4330    i.RemoteShootControl  remotetask.o
    0x08003f10   0x000000ac   Code   RO          600    i.SPI5_Init         spi.o
    0x08003fbc   0x00000038   Code   RO          601    i.SPI5_ReadWriteByte  spi.o
    0x08003ff4   0x00000018   Code   RO         3489    i.SPI_Cmd           stm32f4xx_spi.o
    0x0800400c   0x00000012   Code   RO         3497    i.SPI_I2S_GetFlagStatus  stm32f4xx_spi.o
    0x0800401e   0x00000006   Code   RO         3500    i.SPI_I2S_ReceiveData  stm32f4xx_spi.o
    0x08004024   0x00000004   Code   RO         3501    i.SPI_I2S_SendData  stm32f4xx_spi.o
    0x08004028   0x0000003c   Code   RO         3502    i.SPI_Init          stm32f4xx_spi.o
    0x08004064   0x00000002   Code   RO         3413    i.SVC_Handler       stm32f4xx_it.o
    0x08004066   0x00000002   PAD
    0x08004068   0x00000040   Code   RO         1582    i.SYSCFG_EXTILineConfig  stm32f4xx_syscfg.o
    0x080040a8   0x00000028   Code   RO         4333    i.SetInputMode      remotetask.o
    0x080040d0   0x0000000c   Code   RO         4334    i.SetShootState     remotetask.o
    0x080040dc   0x000000ec   Code   RO          730    i.SetSysClock       system_stm32f4xx.o
    0x080041c8   0x00000054   Code   RO         3873    i.Set_Gimbal_Current  canbustask.o
    0x0800421c   0x00000068   Code   RO          732    i.SystemInit        system_stm32f4xx.o
    0x08004284   0x0000003c   Code   RO          272    i.TIM2_Config       timer.o
    0x080042c0   0x0000001e   Code   RO          273    i.TIM2_IRQHandler   timer.o
    0x080042de   0x00000002   PAD
    0x080042e0   0x0000004c   Code   RO          274    i.TIM6_Config       timer.o
    0x0800432c   0x00000024   Code   RO          275    i.TIM6_DAC_IRQHandler  timer.o
    0x08004350   0x00000024   Code   RO          276    i.TIM6_Start        timer.o
    0x08004374   0x00000018   Code   RO         1017    i.TIM_ARRPreloadConfig  stm32f4xx_tim.o
    0x0800438c   0x00000006   Code   RO         1023    i.TIM_ClearFlag     stm32f4xx_tim.o
    0x08004392   0x00000006   Code   RO         1024    i.TIM_ClearITPendingBit  stm32f4xx_tim.o
    0x08004398   0x00000018   Code   RO         1029    i.TIM_Cmd           stm32f4xx_tim.o
    0x080043b0   0x00000022   Code   RO         1050    i.TIM_GetITStatus   stm32f4xx_tim.o
    0x080043d2   0x00000012   Code   RO         1054    i.TIM_ITConfig      stm32f4xx_tim.o
    0x080043e4   0x0000007c   Code   RO         1058    i.TIM_OC1Init       stm32f4xx_tim.o
    0x08004460   0x00000012   Code   RO         1061    i.TIM_OC1PreloadConfig  stm32f4xx_tim.o
    0x08004472   0x00000002   PAD
    0x08004474   0x000000a4   Code   RO         1063    i.TIM_OC2Init       stm32f4xx_tim.o
    0x08004518   0x0000001a   Code   RO         1066    i.TIM_OC2PreloadConfig  stm32f4xx_tim.o
    0x08004532   0x00000002   PAD
    0x08004534   0x00000084   Code   RO         1101    i.TIM_TimeBaseInit  stm32f4xx_tim.o
    0x080045b8   0x00000140   Code   RO          331    i.USART1_Config     usart1.o
    0x080046f8   0x000000d0   Code   RO          332    i.USART1_IRQHandler  usart1.o
    0x080047c8   0x000000ac   Code   RO          636    i.USART2_Config     usart2.o
    0x08004874   0x00000108   Code   RO          637    i.USART2_IRQHandler  usart2.o
    0x0800497c   0x000000ac   Code   RO          364    i.USART3_Config     usart3.o
    0x08004a28   0x00000110   Code   RO          365    i.USART3_IRQHandler  usart3.o
    0x08004b38   0x00000012   Code   RO          817    i.USART_ClearFlag   stm32f4xx_usart.o
    0x08004b4a   0x00000018   Code   RO          821    i.USART_Cmd         stm32f4xx_usart.o
    0x08004b62   0x00000012   Code   RO          822    i.USART_DMACmd      stm32f4xx_usart.o
    0x08004b74   0x000000b4   Code   RO          823    i.USART_DeInit      stm32f4xx_usart.o
    0x08004c28   0x00000054   Code   RO          825    i.USART_GetITStatus  stm32f4xx_usart.o
    0x08004c7c   0x0000004a   Code   RO          827    i.USART_ITConfig    stm32f4xx_usart.o
    0x08004cc6   0x00000002   PAD
    0x08004cc8   0x000000d4   Code   RO          828    i.USART_Init        stm32f4xx_usart.o
    0x08004d9c   0x0000000a   Code   RO          835    i.USART_ReceiveData  stm32f4xx_usart.o
    0x08004da6   0x00000018   Code   RO          844    i.USART_StructInit  stm32f4xx_usart.o
    0x08004dbe   0x00000004   Code   RO         3414    i.UsageFault_Handler  stm32f4xx_it.o
    0x08004dc2   0x00000002   PAD
    0x08004dc4   0x00000178   Code   RO         4724    i.Yaw_PID           lbpid.o
    0x08004f3c   0x00000030   Code   RO         4869    i.__ARM_fpclassify  m_wm.l(fpclassify.o)
    0x08004f6c   0x00000004   PAD
    0x08004f70   0x00000360   Code   RO         4768    i.__hardfp_asin     m_wm.l(asin.o)
    0x080052d0   0x000002d8   Code   RO         4841    i.__hardfp_atan     m_wm.l(atan.o)
    0x080055a8   0x000001f0   Code   RO         4782    i.__hardfp_atan2    m_wm.l(atan2.o)
    0x08005798   0x00000014   Code   RO         4794    i.__hardfp_fabs     m_wm.l(fabs.o)
    0x080057ac   0x0000007a   Code   RO         4800    i.__hardfp_sqrt     m_wm.l(sqrt.o)
    0x08005826   0x000000f8   Code   RO         4871    i.__kernel_poly     m_wm.l(poly.o)
    0x0800591e   0x00000014   Code   RO         4856    i.__mathlib_dbl_infnan  m_wm.l(dunder.o)
    0x08005932   0x00000014   Code   RO         4857    i.__mathlib_dbl_infnan2  m_wm.l(dunder.o)
    0x08005946   0x00000002   PAD
    0x08005948   0x00000020   Code   RO         4858    i.__mathlib_dbl_invalid  m_wm.l(dunder.o)
    0x08005968   0x00000020   Code   RO         4861    i.__mathlib_dbl_underflow  m_wm.l(dunder.o)
    0x08005988   0x0000000e   Code   RO         4912    i.__scatterload_copy  mc_w.l(handlers.o)
    0x08005996   0x00000002   Code   RO         4913    i.__scatterload_null  mc_w.l(handlers.o)
    0x08005998   0x0000000e   Code   RO         4914    i.__scatterload_zeroinit  mc_w.l(handlers.o)
    0x080059a6   0x00000002   PAD
    0x080059a8   0x0000000c   Code   RO         4896    i.__set_errno       mc_w.l(errno.o)
    0x080059b4   0x0000006c   Code   RO            4    i.analysis_powerA_rest_power  main.o
    0x08005a20   0x00000010   Code   RO         4843    i.atan              m_wm.l(atan.o)
    0x08005a30   0x0000001c   Code   RO          241    i.delay_ms          delay.o
    0x08005a4c   0x0000001a   Code   RO          242    i.delay_us          delay.o
    0x08005a66   0x00000018   Code   RO         4796    i.fabs              m_wm.l(fabs.o)
    0x08005a7e   0x00000002   PAD
    0x08005a80   0x0000003c   Code   RO         3657    i.invSqrt           imu.o
    0x08005abc   0x000000c0   Code   RO            5    i.main              main.o
    0x08005b7c   0x0000006e   Code   RO         4802    i.sqrt              m_wm.l(sqrt.o)
    0x08005bea   0x00000002   PAD
    0x08005bec   0x00000018   Data   RO         3769    .constdata          test_imu.o
    0x08005c04   0x00000004   PAD
    0x08005c08   0x00000050   Data   RO         4771    .constdata          m_wm.l(asin.o)
    0x08005c58   0x00000098   Data   RO         4844    .constdata          m_wm.l(atan.o)
    0x08005cf0   0x00000008   Data   RO         4873    .constdata          m_wm.l(qnan.o)
    0x08005cf8   0x00000020   Data   RO         4910    Region$$Table       anon$$obj.o


    Execution Region RW_IRAM1 (Base: 0x20000000, Size: 0x00001430, Max: 0x00030000, ABSOLUTE, COMPRESSED[0x000000e4])

    Base Addr    Size         Type   Attr      Idx    E Section Name        Object

    0x20000000   0x00000030   Data   RW            6    .data               main.o
    0x20000030   0x00000004   Data   RW          334    .data               usart1.o
    0x20000034   0x00000009   Data   RW          370    .data               usart3.o
    0x2000003d   0x00000003   PAD
    0x20000040   0x00000062   Data   RW          427    .data               can1.o
    0x200000a2   0x00000002   Data   RW          642    .data               usart2.o
    0x200000a4   0x00000010   Data   RW         1887    .data               stm32f4xx_rcc.o
    0x200000b4   0x00000074   Data   RW         3659    .data               imu.o
    0x20000128   0x00000001   Data   RW         3721    .data               mpu6500_interrupt.o
    0x20000129   0x00000013   Data   RW         3770    .data               test_imu.o
    0x2000013c   0x00000004   PAD
    0x20000140   0x000003f8   Data   RW         4011    .data               controltask.o
    0x20000538   0x00000080   Data   RW         4336    .data               remotetask.o
    0x200005b8   0x0000003c   Data   RW         4443    .data               supervisetask.o
    0x200005f4   0x00000090   Data   RW         4726    .data               lbpid.o
    0x20000684   0x00000004   Data   RW         4897    .data               mc_w.l(errno.o)
    0x20000688   0x0000003c   Zero   RW          333    .bss                usart1.o
    0x200006c4   0x00000010   Zero   RW          426    .bss                can1.o
    0x200006d4   0x0000001e   Zero   RW          641    .bss                usart2.o
    0x200006f2   0x00000002   PAD
    0x200006f4   0x00000040   Zero   RW         3658    .bss                imu.o
    0x20000734   0x000000f4   Zero   RW         3768    .bss                test_imu.o
    0x20000828   0x000001c0   Zero   RW         3882    .bss                canbustask.o
    0x200009e8   0x00000047   Zero   RW         4335    .bss                remotetask.o
    0x20000a2f   0x00000001   PAD
    0x20000a30   0x00000a00   Zero   RW         3473    STACK               startup_stm32f4xx.o


==============================================================================

Image component sizes


      Code (inc. data)   RO Data    RW Data    ZI Data      Debug   Object Name

        70          0          0          0          0        523   bsp.o
      1432        192          0         98         16       3374   can1.o
       300         14          0          0        448       2977   canbustask.o
        12          6          0       1016          0       5571   controltask.o
        54          0          0          0          0       1190   delay.o
        16          6          0          0          0        460   encoder.o
       296         14          0          0          0        709   gun.o
      3948        366          0        116         64       6682   imu.o
       868        152          0        144          0       3922   lbpid.o
       236         18          0          0          0        613   led.o
         6          0          0          0          0        782   lost_counter.o
       300         74          0         48          0     318110   main.o
       140         24          0          0          0       1543   misc.o
       168         10          0          1          0       1458   mpu6500_interrupt.o
       254          6          0          0          0       1271   pid.o
        76          0          0          0          0       3418   ramp.o
      2088        144          0        128         71       9851   remotetask.o
       228         16          0          0          0       1205   spi.o
        36          8        392          0       2560        832   startup_stm32f4xx.o
      1566         16          0          0          0       6402   stm32f4xx_can.o
       562         26          0          0          0       6064   stm32f4xx_dma.o
       212         24          0          0          0       2657   stm32f4xx_exti.o
       240          0          0          0          0       3425   stm32f4xx_gpio.o
        24          0          0          0          0       3848   stm32f4xx_it.o
       392         48          0         16          0       5861   stm32f4xx_rcc.o
       112          0          0          0          0       3490   stm32f4xx_spi.o
        64          4          0          0          0        656   stm32f4xx_syscfg.o
       576         48          0          0          0       7503   stm32f4xx_tim.o
       644         32          0          0          0       6621   stm32f4xx_usart.o
        24          6          0         60          0       1959   supervisetask.o
       340         32          0          0          0     325933   system_stm32f4xx.o
      1652         80         24         19        244       9469   test_imu.o
       246         16          0          0          0       3015   timer.o
       528         40          0          4         60       1844   usart1.o
       436         26          0          2         30       1994   usart2.o
       444         38          0          9          0       2157   usart3.o

    ----------------------------------------------------------------------
     18612       1486        452       1668       3496     757389   Object Totals
         0          0         32          0          0          0   (incl. Generated)
        22          0          4          7          3          0   (incl. Padding)

    ----------------------------------------------------------------------

      Code (inc. data)   RO Data    RW Data    ZI Data      Debug   Library Member Name

       864         94         80          0          0        280   asin.o
       744        106        152          0          0        352   atan.o
       496         64          0          0          0        192   atan2.o
       104         16          0          0          0        496   dunder.o
        44          0          0          0          0        248   fabs.o
        48          0          0          0          0        124   fpclassify.o
       248          0          0          0          0        152   poly.o
         0          0          8          0          0          0   qnan.o
       232          0          0          0          0        296   sqrt.o
        86          0          0          0          0          0   __dczerorl2.o
         0          0          0          0          0          0   entry.o
         0          0          0          0          0          0   entry10a.o
         0          0          0          0          0          0   entry11a.o
         8          4          0          0          0          0   entry2.o
         4          0          0          0          0          0   entry5.o
         0          0          0          0          0          0   entry7b.o
         0          0          0          0          0          0   entry8b.o
         8          4          0          0          0          0   entry9a.o
        12          6          0          4          0         68   errno.o
        30          0          0          0          0          0   handlers.o
        36          8          0          0          0         68   init.o
         0          0          0          0          0          0   iusefp.o
        30          0          0          0          0         68   llshl.o
        36          0          0          0          0         68   llsshr.o
        32          0          0          0          0         68   llushr.o
        36          0          0          0          0         68   memcpya.o
        48          0          0          0          0         68   cdrcmple.o
        56          0          0          0          0         88   d2f.o
       334          0          0          0          0        148   dadd.o
       222          0          0          0          0        100   ddiv.o
       186          0          0          0          0        176   depilogue.o
        34          0          0          0          0         76   dflti.o
       228          0          0          0          0         96   dmul.o
       162          0          0          0          0        100   dsqrt.o
        38          0          0          0          0         68   f2d.o
       110          0          0          0          0        168   fepilogue.o

    ----------------------------------------------------------------------
      4528        302        240          4          0       3636   Library Totals
        12          0          0          0          0          0   (incl. Padding)

    ----------------------------------------------------------------------

      Code (inc. data)   RO Data    RW Data    ZI Data      Debug   Library Name

      2780        280        240          0          0       2140   m_wm.l
       318         22          0          4          0        408   mc_w.l
      1418          0          0          0          0       1088   mf_w.l

    ----------------------------------------------------------------------
      4528        302        240          4          0       3636   Library Totals

    ----------------------------------------------------------------------

==============================================================================


      Code (inc. data)   RO Data    RW Data    ZI Data      Debug   

     23140       1788        692       1672       3496     746533   Grand Totals
     23140       1788        692        228       3496     746533   ELF Image Totals (compressed)
     23140       1788        692        228          0          0   ROM Totals

==============================================================================

    Total RO  Size (Code + RO Data)                23832 (  23.27kB)
    Total RW  Size (RW Data + ZI Data)              5168 (   5.05kB)
    Total ROM Size (Code + RO Data + RW Data)      24060 (  23.50kB)

==============================================================================

