<html>
<body>
<pre>
<h1>礦ision Build Log</h1>
<h2>Tool Versions:</h2>
IDE-Version: μVision V5.14.0.0
Copyright (C) 2015 ARM Ltd and ARM Germany GmbH. All rights reserved.
License Information: 454 Windows, HP Inc., LIC=32BNN-YYMEE-2LGCT-R38NC-JMC3E-FW9HN
 
Tool Versions:
Toolchain:       MDK-ARM Standard  Version: 5.14.0.0
Toolchain Path:  D:\ARM\ARMCC\Bin
C Compiler:      Armcc.exe V5.05 update 1 (build 106)
Assembler:       Armasm.exe V5.05 update 1 (build 106)
Linker/Locator:  ArmLink.exe V5.05 update 1 (build 106)
Library Manager: ArmAr.exe V5.05 update 1 (build 106)
Hex Converter:   FromElf.exe V5.05 update 1 (build 106)
CPU DLL:         SARMCM3.DLL V5.14.0.0
Dialog DLL:      DCM.DLL V1.13.1.0
Target DLL:      Segger\JL2CM3.dll V2.99.13.0
Dialog DLL:      TCM.DLL V1.14.4.0
 
<h2>Project:</h2>
C:\Users\hp\Desktop\英雄中期完整版\RM战车.uvprojx
Project File Date:  01/10/2020

<h2>Output:</h2>
Build target 'Target 1'
compiling ControlTask.c...
Task\ControlTask.c(461): warning:  #223-D: function "abs" declared implicitly
                 total_current=abs(CM1SpeedPID.output)+abs(CM2SpeedPID.output)+abs(CM3SpeedPID.output)+abs(CM4SpeedPID.output);
Task\ControlTask.c(485): warning:  #223-D: function "nishizhen" declared implicitly
                                nishizhen(speed);
Task\ControlTask.c(1005): warning:  #1035-D: single-precision operand implicitly converted to double-precision
        Key_mouse.ch3=RC_CH3 + Key_Ctl_CH3 * Forward_Backword_Value/0.8;                        //ch3
Task\ControlTask.c: 3 warnings, 0 errors
linking...
Program Size: Code=27768 RO-data=696 RW-data=2132 ZI-data=3596  
FromELF: creating hex file...
".\Objects\RM战车.axf" - 0 Error(s), 3 Warning(s).

<h2>Software Packages used:</h2>

Package Vendor: ARM
                http://www.keil.com/pack/ARM.CMSIS.4.2.0.pack
                ARM::CMSIS:CORE:3.40.0
                CMSIS (Cortex Microcontroller Software Interface Standard)
   * Component: CORE Version: 3.40.0

<h2>Collection of Component include folders:</h2>
  C:\Users\hp\Desktop\英雄中期完整版\RTE
  D:\ARM\PACK\ARM\CMSIS\4.2.0\CMSIS\Include
  D:\ARM\PACK\Keil\STM32F4xx_DFP\2.13.0

<h2>Collection of Component Files used:</h2>

   * Component: ARM::CMSIS:CORE:3.40.0
      Source file:   CMSIS\UserCodeTemplates\ARM\ITM_Retarget.c
</pre>
</body>
</html>
