<html>
<body>
<pre>
<h1>礦ision Build Log</h1>
<h2>Tool Versions:</h2>
IDE-Version: μVision V5.21.1.0
Copyright (C) 2016 ARM Ltd and ARM Germany GmbH. All rights reserved.
License Information: 成明乐 admin, 长安大学, LIC=0VRHL-0KQ16-KTE3H-WK4ZE-VHYE5-3Q8TT
 
Tool Versions:
Toolchain:       MDK-ARM Professional  Version: 5.21a
Toolchain Path:  D:\ARM\ARMCC\Bin
C Compiler:      Armcc.exe V5.06 update 3 (build 300)
Assembler:       Armasm.exe V5.06 update 3 (build 300)
Linker/Locator:  ArmLink.exe V5.06 update 3 (build 300)
Library Manager: ArmAr.exe V5.06 update 3 (build 300)
Hex Converter:   FromElf.exe V5.06 update 3 (build 300)
CPU DLL:         SARMCM3.DLL V5.21a
Dialog DLL:      DCM.DLL V1.13.8.0
Target DLL:      Segger\JL2CM3.dll V2.99.23.0
Dialog DLL:      TCM.DLL V1.14.14.0
 
<h2>Project:</h2>
C:\Users\admin\Desktop\最近使用\RM2019\程序\遗落的程序\英雄功率\英雄去抖\RM战车.uvprojx
Project File Date:  05/23/2019

<h2>Output:</h2>
*** Using Compiler 'V5.06 update 3 (build 300)', folder: 'D:\ARM\ARMCC\Bin'
Build target 'Target 1'
compiling led.c...
compiling delay.c...
compiling main.c...
USER\main.c(78): warning:  #1035-D: single-precision operand implicitly converted to double-precision
  		if(angle_err<-0.0001||angle_err>0.0001)
USER\main.c(98): warning:  #1035-D: single-precision operand implicitly converted to double-precision
  		xiao_yaw=(float)stcAngle.Angle[2]/32768*180+180.0;
USER\main.c(127): warning:  #223-D: function "nishizhen" declared implicitly
  				 if(REAL_YY>Old_Y+5) nishizhen(-1600);
USER\main.c(128): warning:  #223-D: function "nishizhen" declared implicitly
           else if(REAL_YY<Old_Y-5) nishizhen(1600);
USER\main.c(129): warning:  #223-D: function "nishizhen" declared implicitly
  					else nishizhen(0);
USER\main.c: 5 warnings, 0 errors
compiling timer.c...
compiling usart1.c...
compiling usart3.c...
compiling flash.c...
compiling can1.c...
compiling gun.c...
compiling bsp.c...
compiling encoder.c...
compiling spi.c...
compiling oscilloscope.c...
compiling can2.c...
compiling usart2.c...
compiling stm32f4xx_usart.c...
compiling system_stm32f4xx.c...
compiling stm32f4xx_tim.c...
compiling stm32f4xx_syscfg.c...
compiling stm32f4xx_sdio.c...
compiling stm32f4xx_rcc.c...
compiling stm32f4xx_i2c.c...
compiling stm32f4xx_gpio.c...
compiling stm32f4xx_flash.c...
compiling stm32f4xx_exti.c...
compiling stm32f4xx_dma.c...
compiling stm32f4xx_crc.c...
compiling stm32f4xx_can.c...
compiling stm32f4xx_adc.c...
compiling misc.c...
assembling startup_stm32f4xx.s...
compiling stm32f4xx_it.c...
compiling stm32f4xx_spi.c...
compiling imu.c...
MPU6050\imu.c(49): warning:  #177-D: variable "hz" was declared but never referenced
  	int16_t hx,hy,hz;
MPU6050\imu.c: 1 warning, 0 errors
compiling mpu6500_interrupt.c...
compiling test_imu.c...
compiling CanBusTask.c...
compiling ControlTask.c...
Task\ControlTask.c(454): warning:  #223-D: function "abs" declared implicitly
  		 total_current=abs(CM1SpeedPID.output)+abs(CM2SpeedPID.output)+abs(CM3SpeedPID.output)+abs(CM4SpeedPID.output);
Task\ControlTask.c(495): warning:  #223-D: function "nishizhen" declared implicitly
  if(s1!=3) {				speed=bolun*4;	nishizhen(-speed);}
Task\ControlTask.c(885): warning:  #1035-D: single-precision operand implicitly converted to double-precision
  	Key_mouse.ch3=RC_CH3 + Key_Ctl_CH3 * Forward_Backword_Value/0.8;			//ch3
Task\ControlTask.c: 3 warnings, 0 errors
compiling IOTask.c...
compiling RemoteTask.c...
compiling SuperviseTask.c...
compiling PID.c...
compiling lost_counter.c...
compiling Ramp.c...
compiling Protocol.c...
compiling LBpid.c...
compiling usart6.c...
linking...
Program Size: Code=27024 RO-data=688 RW-data=2068 ZI-data=4620  
FromELF: creating hex file...
".\Objects\RM战车.axf" - 0 Error(s), 9 Warning(s).

<h2>Software Packages used:</h2>

Package Vendor: ARM
                http://www.keil.com/pack/ARM.CMSIS.4.5.0.pack
                ARM::CMSIS:CORE:4.3.0
                CMSIS (Cortex Microcontroller Software Interface Standard)
   * Component: CORE Version: 4.3.0

<h2>Collection of Component include folders:</h2>
  C:\Users\admin\Desktop\最近使用\RM2019\程序\遗落的程序\英雄功率\英雄去抖\RTE
  D:\ARM\CMSIS\4.5.0\CMSIS\Include
  D:\Keil\STM32F4xx_DFP\2.9.0\Drivers\CMSIS\Device\ST\STM32F4xx\Include

<h2>Collection of Component Files used:</h2>

   * Component: ARM::CMSIS:CORE:4.3.0
Build Time Elapsed:  00:03:26
</pre>
</body>
</html>
