Component: ARM Compiler 5.06 update 3 (build 300) Tool: armlink [4d35c9]

==============================================================================

Section Cross References

    main.o(i.main) refers to bsp.o(i.BSP_Init) for BSP_Init
    main.o(i.main) refers to gun.o(i.PWM_Config) for PWM_Config
    main.o(i.main) refers to pid.o(i.PID_Reset) for PID_Reset
    main.o(i.main) refers to delay.o(i.delay_ms) for delay_ms
    main.o(i.main) refers to test_imu.o(i.MPU6050_Init) for MPU6050_Init
    main.o(i.main) refers to test_imu.o(i.IST8310_Init) for IST8310_Init
    main.o(i.main) refers to imu.o(i.Init_Quaternion) for Init_Quaternion
    main.o(i.main) refers to controltask.o(i.remote) for remote
    main.o(i.main) refers to controltask.o(.data) for GMPPositionPID
    led.o(i.Led_Config) refers to stm32f4xx_rcc.o(i.RCC_AHB1PeriphClockCmd) for RCC_AHB1PeriphClockCmd
    led.o(i.Led_Config) refers to stm32f4xx_gpio.o(i.GPIO_Init) for GPIO_Init
    led.o(i.Led_Config) refers to stm32f4xx_gpio.o(i.GPIO_SetBits) for GPIO_SetBits
    led.o(i.Led_Config) refers to stm32f4xx_gpio.o(i.GPIO_ResetBits) for GPIO_ResetBits
    timer.o(i.TIM2_Config) refers to stm32f4xx_rcc.o(i.RCC_APB1PeriphClockCmd) for RCC_APB1PeriphClockCmd
    timer.o(i.TIM2_Config) refers to stm32f4xx_tim.o(i.TIM_ARRPreloadConfig) for TIM_ARRPreloadConfig
    timer.o(i.TIM2_Config) refers to stm32f4xx_tim.o(i.TIM_TimeBaseInit) for TIM_TimeBaseInit
    timer.o(i.TIM2_Config) refers to stm32f4xx_tim.o(i.TIM_Cmd) for TIM_Cmd
    timer.o(i.TIM2_IRQHandler) refers to stm32f4xx_tim.o(i.TIM_GetITStatus) for TIM_GetITStatus
    timer.o(i.TIM2_IRQHandler) refers to stm32f4xx_tim.o(i.TIM_ClearITPendingBit) for TIM_ClearITPendingBit
    timer.o(i.TIM2_IRQHandler) refers to stm32f4xx_tim.o(i.TIM_ClearFlag) for TIM_ClearFlag
    timer.o(i.TIM6_Config) refers to stm32f4xx_rcc.o(i.RCC_APB1PeriphClockCmd) for RCC_APB1PeriphClockCmd
    timer.o(i.TIM6_Config) refers to misc.o(i.NVIC_Init) for NVIC_Init
    timer.o(i.TIM6_Config) refers to stm32f4xx_tim.o(i.TIM_TimeBaseInit) for TIM_TimeBaseInit
    timer.o(i.TIM6_DAC_IRQHandler) refers to stm32f4xx_tim.o(i.TIM_GetITStatus) for TIM_GetITStatus
    timer.o(i.TIM6_DAC_IRQHandler) refers to stm32f4xx_tim.o(i.TIM_ClearITPendingBit) for TIM_ClearITPendingBit
    timer.o(i.TIM6_DAC_IRQHandler) refers to stm32f4xx_tim.o(i.TIM_ClearFlag) for TIM_ClearFlag
    timer.o(i.TIM6_DAC_IRQHandler) refers to controltask.o(i.Control_Task) for Control_Task
    timer.o(i.TIM6_Start) refers to stm32f4xx_tim.o(i.TIM_Cmd) for TIM_Cmd
    timer.o(i.TIM6_Start) refers to stm32f4xx_tim.o(i.TIM_ITConfig) for TIM_ITConfig
    timer.o(i.TIM6_Start) refers to stm32f4xx_tim.o(i.TIM_ClearFlag) for TIM_ClearFlag
    usart1.o(i.USART1_Config) refers to stm32f4xx_rcc.o(i.RCC_AHB1PeriphClockCmd) for RCC_AHB1PeriphClockCmd
    usart1.o(i.USART1_Config) refers to stm32f4xx_rcc.o(i.RCC_APB2PeriphClockCmd) for RCC_APB2PeriphClockCmd
    usart1.o(i.USART1_Config) refers to stm32f4xx_gpio.o(i.GPIO_PinAFConfig) for GPIO_PinAFConfig
    usart1.o(i.USART1_Config) refers to stm32f4xx_gpio.o(i.GPIO_StructInit) for GPIO_StructInit
    usart1.o(i.USART1_Config) refers to stm32f4xx_gpio.o(i.GPIO_Init) for GPIO_Init
    usart1.o(i.USART1_Config) refers to stm32f4xx_usart.o(i.USART_DeInit) for USART_DeInit
    usart1.o(i.USART1_Config) refers to stm32f4xx_usart.o(i.USART_StructInit) for USART_StructInit
    usart1.o(i.USART1_Config) refers to stm32f4xx_usart.o(i.USART_Init) for USART_Init
    usart1.o(i.USART1_Config) refers to stm32f4xx_usart.o(i.USART_DMACmd) for USART_DMACmd
    usart1.o(i.USART1_Config) refers to stm32f4xx_dma.o(i.DMA_DeInit) for DMA_DeInit
    usart1.o(i.USART1_Config) refers to stm32f4xx_dma.o(i.DMA_StructInit) for DMA_StructInit
    usart1.o(i.USART1_Config) refers to stm32f4xx_dma.o(i.DMA_Init) for DMA_Init
    usart1.o(i.USART1_Config) refers to stm32f4xx_dma.o(i.DMA_DoubleBufferModeConfig) for DMA_DoubleBufferModeConfig
    usart1.o(i.USART1_Config) refers to stm32f4xx_dma.o(i.DMA_DoubleBufferModeCmd) for DMA_DoubleBufferModeCmd
    usart1.o(i.USART1_Config) refers to stm32f4xx_dma.o(i.DMA_Cmd) for DMA_Cmd
    usart1.o(i.USART1_Config) refers to misc.o(i.NVIC_Init) for NVIC_Init
    usart1.o(i.USART1_Config) refers to stm32f4xx_usart.o(i.USART_ITConfig) for USART_ITConfig
    usart1.o(i.USART1_Config) refers to stm32f4xx_usart.o(i.USART_Cmd) for USART_Cmd
    usart1.o(i.USART1_Config) refers to usart1.o(.bss) for sbus_rx_buffer
    usart1.o(i.USART1_IRQHandler) refers to stm32f4xx_usart.o(i.USART_GetITStatus) for USART_GetITStatus
    usart1.o(i.USART1_IRQHandler) refers to stm32f4xx_dma.o(i.DMA_GetCurrentMemoryTarget) for DMA_GetCurrentMemoryTarget
    usart1.o(i.USART1_IRQHandler) refers to stm32f4xx_dma.o(i.DMA_Cmd) for DMA_Cmd
    usart1.o(i.USART1_IRQHandler) refers to stm32f4xx_dma.o(i.DMA_GetCurrDataCounter) for DMA_GetCurrDataCounter
[...]
    i.__scatterload_copy                     0x08005808   Section       14  handlers.o(i.__scatterload_copy)
    i.__scatterload_null                     0x08005816   Section        2  handlers.o(i.__scatterload_null)
    i.__scatterload_zeroinit                 0x08005818   Section       14  handlers.o(i.__scatterload_zeroinit)
    i._printf_core                           0x08005828   Section        0  printf1.o(i._printf_core)
    _printf_core                             0x08005829   Thumb Code   336  printf1.o(i._printf_core)
    i.delay_ms                               0x0800597c   Section        0  delay.o(i.delay_ms)
    i.forward                                0x08005998   Section        0  canbustask.o(i.forward)
    i.fputc                                  0x080059e8   Section        0  usart3.o(i.fputc)
    i.main                                   0x08005a0c   Section        0  main.o(i.main)
    i.nishizhen                              0x08005a58   Section        0  canbustask.o(i.nishizhen)
    i.remote                                 0x08005ac4   Section        0  controltask.o(i.remote)
    i.right_pinyi                            0x08005d34   Section        0  canbustask.o(i.right_pinyi)
    i.stop                                   0x08005da0   Section        0  canbustask.o(i.stop)
    .constdata                               0x08005db0   Section       24  test_imu.o(.constdata)
    .data                                    0x20000000   Section        4  usart1.o(.data)
    this_time_rx_len                         0x20000000   Data           4  usart1.o(.data)
    .data                                    0x20000004   Section       72  can1.o(.data)
    .data                                    0x2000004c   Section        1  encoder.o(.data)
    Encoder_Dir                              0x2000004c   Data           1  encoder.o(.data)
    .data                                    0x2000004e   Section        4  usart2.o(.data)
    .data                                    0x20000054   Section       36  can2.o(.data)
    .data                                    0x20000078   Section       16  stm32f4xx_rcc.o(.data)
    APBAHBPrescTable                         0x20000078   Data          16  stm32f4xx_rcc.o(.data)
    .data                                    0x20000088   Section      112  imu.o(.data)
    gx                                       0x200000a4   Data           4  imu.o(.data)
    gy                                       0x200000a8   Data           4  imu.o(.data)
    gz                                       0x200000ac   Data           4  imu.o(.data)
    ax                                       0x200000b0   Data           4  imu.o(.data)
    ay                                       0x200000b4   Data           4  imu.o(.data)
    az                                       0x200000b8   Data           4  imu.o(.data)
    mx                                       0x200000bc   Data           4  imu.o(.data)
    my                                       0x200000c0   Data           4  imu.o(.data)
    mz                                       0x200000c4   Data           4  imu.o(.data)
    yaw_count                                0x200000f4   Data           4  imu.o(.data)
    .data                                    0x200000f8   Section        1  mpu6500_interrupt.o(.data)
    .data                                    0x200000f9   Section       19  test_imu.o(.data)
    MPU_Tx                                   0x200000fa   Data           1  test_imu.o(.data)
    MPU_Rx                                   0x200000fb   Data           1  test_imu.o(.data)
    MPU_Tx                                   0x200000fc   Data           1  test_imu.o(.data)
    MPU_Tx                                   0x200000fd   Data           1  test_imu.o(.data)
    MPU_Tx_buff                              0x200000fe   Data          14  test_imu.o(.data)
    .data                                    0x2000010c   Section     1742  controltask.o(.data)
    time_tick_1ms                            0x200007ac   Data           4  controltask.o(.data)
    normalFlag                               0x200007b2   Data           1  controltask.o(.data)
    standbyFlag                              0x200007b3   Data           1  controltask.o(.data)
    modeChangeDelayCnt                       0x200007b4   Data           4  controltask.o(.data)
    angleSave                                0x200007b8   Data           4  controltask.o(.data)
    add                                      0x200007bc   Data           2  controltask.o(.data)
    minu                                     0x200007be   Data           2  controltask.o(.data)
    shift_scan                               0x200007c0   Data           1  controltask.o(.data)
    ctrl_scan                                0x200007c1   Data           1  controltask.o(.data)
    q_scan                                   0x200007c2   Data           1  controltask.o(.data)
    w_scan                                   0x200007c3   Data           1  controltask.o(.data)
    e_scan                                   0x200007c4   Data           1  controltask.o(.data)
    a_scan                                   0x200007c5   Data           1  controltask.o(.data)
    s_scan                                   0x200007c6   Data           1  controltask.o(.data)
    d_scan                                   0x200007c7   Data           1  controltask.o(.data)
    q_flag                                   0x200007c8   Data           1  controltask.o(.data)
    w_flag                                   0x200007c9   Data           1  controltask.o(.data)
    e_flag                                   0x200007ca   Data           1  controltask.o(.data)
    a_flag                                   0x200007cb   Data           1  controltask.o(.data)
    s_flag                                   0x200007cc   Data           1  controltask.o(.data)
    d_flag                                   0x200007cd   Data           1  controltask.o(.data)
    shift_flag                               0x200007ce   Data           1  controltask.o(.data)
    ctrl_flag                                0x200007cf   Data           1  controltask.o(.data)
    com                                      0x200007d0   Data           1  controltask.o(.data)
    com_arm                                  0x200007d1   Data           1  controltask.o(.data)
    com_duoji                                0x200007d2   Data           1  controltask.o(.data)
    com_d                                    0x200007d3   Data           1  controltask.o(.data)
    com_q                                    0x200007d4   Data           1  controltask.o(.data)
    com_a                                    0x200007d5   Data           1  controltask.o(.data)
    com_e                                    0x200007d6   Data           1  controltask.o(.data)
    com_s                                    0x200007d7   Data           1  controltask.o(.data)
    com_shift                                0x200007d8   Data           1  controltask.o(.data)
    com_ctrl                                 0x200007d9   Data           1  controltask.o(.data)
    .data                                    0x200007dc   Section      112  iotask.o(.data)
    GyroCaliData                             0x200007dc   Data           7  iotask.o(.data)
    GimbalCaliData                           0x200007e3   Data           5  iotask.o(.data)
    CaliCmdFlagGrp                           0x20000828   Data           4  iotask.o(.data)
    loopCount                                0x2000082c   Data           4  iotask.o(.data)
    loopTime                                 0x20000830   Data           4  iotask.o(.data)
    pitchSum                                 0x20000834   Data           4  iotask.o(.data)
    yawSum                                   0x20000838   Data           4  iotask.o(.data)
    loopCount                                0x2000083c   Data           2  iotask.o(.data)
    loopTime                                 0x2000083e   Data           2  iotask.o(.data)
    gyroXSum                                 0x20000840   Data           4  iotask.o(.data)
    gyroYSum                                 0x20000844   Data           4  iotask.o(.data)
    gyroZSum                                 0x20000848   Data           4  iotask.o(.data)
    .data                                    0x2000084c   Section      128  remotetask.o(.data)
    shootState                               0x20000855   Data           1  remotetask.o(.data)
    inputmode                                0x20000856   Data           1  remotetask.o(.data)
    switch_cnt                               0x200008c4   Data           4  remotetask.o(.data)
    forward_back_speed                       0x200008c8   Data           2  remotetask.o(.data)
    left_right_speed                         0x200008ca   Data           2  remotetask.o(.data)
    .data                                    0x200008cc   Section       60  supervisetask.o(.data)
    timeSpanCount                            0x200008fc   Data           4  supervisetask.o(.data)
    tempCount                                0x20000900   Data           4  supervisetask.o(.data)
    sec                                      0x20000904   Data           4  supervisetask.o(.data)
    .data                                    0x20000908   Section       40  pid.o(.data)
    .data                                    0x20000930   Section       18  protocol.o(.data)
    .data                                    0x20000944   Section        4  stdout.o(.data)
    .bss                                     0x20000948   Section       60  usart1.o(.bss)
    sbus_rx_buffer                           0x20000948   Data          60  usart1.o(.bss)
    .bss                                     0x20000984   Section       64  usart3.o(.bss)
    .bss                                     0x200009c4   Section       68  can2.o(.bss)
    .bss                                     0x20000a08   Section       64  imu.o(.bss)
    q                                        0x20000a2c   Data          16  imu.o(.bss)
    .bss                                     0x20000a48   Section      244  test_imu.o(.bss)
    .bss                                     0x20000b3c   Section      448  canbustask.o(.bss)
    .bss                                     0x20000cfc   Section       22  controltask.o(.bss)
    .bss                                     0x20000d12   Section      263  iotask.o(.bss)
    MagCaliData                              0x20000d79   Data          19  iotask.o(.bss)
    .bss                                     0x20000e1c   Section       71  remotetask.o(.bss)
    switch1                                  0x20000e4c   Data          23  remotetask.o(.bss)
    .bss                                     0x20000e63   Section      409  protocol.o(.bss)
    calibrate                                0x20000f95   Data         103  protocol.o(.bss)
    STACK                                    0x20001000   Section     2560  startup_stm32f4xx.o(STACK)

    Global Symbols

    Symbol Name                              Value     Ov Type        Size  Object(Section)

    BuildAttributes$$THM_ISAv4$E$P$D$K$B$S$7EM$VFPi3$EXTD16$VFPS$VFMA$PE$A:L22UL41UL21$X:L11$S22US41US21$IEEE1$IW$USESV6$~STKCKD$USESV7$~SHL$OTIME$ROPI$IEEEX$EBA8$MICROLIB$REQ8$PRES8$EABIv2 0x00000000   Number         0  anon$$obj.o ABSOLUTE
    __ARM_use_no_argv                        0x00000000   Number         0  main.o ABSOLUTE
    _printf_a                                0x00000000   Number         0  stubs.o ABSOLUTE
    _printf_c                                0x00000000   Number         0  stubs.o ABSOLUTE
    _printf_charcount                        0x00000000   Number         0  stubs.o ABSOLUTE
    _printf_d                                0x00000000   Number         0  stubs.o ABSOLUTE
    _printf_e                                0x00000000   Number         0  stubs.o ABSOLUTE
    _printf_f                                0x00000000   Number         0  stubs.o ABSOLUTE
    _printf_flags                            0x00000000   Number         0  stubs.o ABSOLUTE
    _printf_fp_dec                           0x00000000   Number         0  stubs.o ABSOLUTE
    _printf_fp_hex                           0x00000000   Number         0  stubs.o ABSOLUTE
    _printf_g                                0x00000000   Number         0  stubs.o ABSOLUTE
    _printf_i                                0x00000000   Number         0  stubs.o ABSOLUTE
    _printf_int_dec                          0x00000000   Number         0  stubs.o ABSOLUTE
    _printf_l                                0x00000000   Number         0  stubs.o ABSOLUTE
    _printf_lc                               0x00000000   Number         0  stubs.o ABSOLUTE
    _printf_ll                               0x00000000   Number         0  stubs.o ABSOLUTE
    _printf_lld                              0x00000000   Number         0  stubs.o ABSOLUTE
    _printf_lli                              0x00000000   Number         0  stubs.o ABSOLUTE
    _printf_llo                              0x00000000   Number         0  stubs.o ABSOLUTE
    _printf_llu                              0x00000000   Number         0  stubs.o ABSOLUTE
    _printf_llx                              0x00000000   Number         0  stubs.o ABSOLUTE
    _printf_longlong_dec                     0x00000000   Number         0  stubs.o ABSOLUTE
    _printf_longlong_hex                     0x00000000   Number         0  stubs.o ABSOLUTE
    _printf_longlong_oct                     0x00000000   Number         0  stubs.o ABSOLUTE
    _printf_ls                               0x00000000   Number         0  stubs.o ABSOLUTE
    _printf_mbtowc                           0x00000000   Number         0  stubs.o ABSOLUTE
    _printf_n                                0x00000000   Number         0  stubs.o ABSOLUTE
    _printf_o                                0x00000000   Number         0  stubs.o ABSOLUTE
    _printf_p                                0x00000000   Number         0  stubs.o ABSOLUTE
    _printf_percent                          0x00000000   Number         0  stubs.o ABSOLUTE
    _printf_pre_padding                      0x00000000   Number         0  stubs.o ABSOLUTE
    _printf_return_value                     0x00000000   Number         0  stubs.o ABSOLUTE
    _printf_s                                0x00000000   Number         0  stubs.o ABSOLUTE
    _printf_sizespec                         0x00000000   Number         0  stubs.o ABSOLUTE
    _printf_str                              0x00000000   Number         0  stubs.o ABSOLUTE
    _printf_truncate_signed                  0x00000000   Number         0  stubs.o ABSOLUTE
    _printf_truncate_unsigned                0x00000000   Number         0  stubs.o ABSOLUTE
    _printf_u                                0x00000000   Number         0  stubs.o ABSOLUTE
    _printf_wc                               0x00000000   Number         0  stubs.o ABSOLUTE
    _printf_wctomb                           0x00000000   Number         0  stubs.o ABSOLUTE
    _printf_widthprec                        0x00000000   Number         0  stubs.o ABSOLUTE
    _printf_x                                0x00000000   Number         0  stubs.o ABSOLUTE
    __cpp_initialize__aeabi_                  - Undefined Weak Reference
    __cxa_finalize                            - Undefined Weak Reference
    _clock_init                               - Undefined Weak Reference
    _microlib_exit                            - Undefined Weak Reference
    __Vectors_Size                           0x00000188   Number         0  startup_stm32f4xx.o ABSOLUTE
    __Vectors                                0x08000000   Data           4  startup_stm32f4xx.o(RESET)
    __Vectors_End                            0x08000188   Data           0  startup_stm32f4xx.o(RESET)
    __main                                   0x08000189   Thumb Code     0  entry.o(.ARM.Collect$$$$00000000)
    _main_stk                                0x08000189   Thumb Code     0  entry2.o(.ARM.Collect$$$$00000001)
    _main_scatterload                        0x0800018d   Thumb Code     0  entry5.o(.ARM.Collect$$$$00000004)
    __main_after_scatterload                 0x08000191   Thumb Code     0  entry5.o(.ARM.Collect$$$$00000004)
    _main_clock                              0x08000191   Thumb Code     0  entry7b.o(.ARM.Collect$$$$00000008)
    _main_cpp_init                           0x08000191   Thumb Code     0  entry8b.o(.ARM.Collect$$$$0000000A)
    _main_init                               0x08000191   Thumb Code     0  entry9a.o(.ARM.Collect$$$$0000000B)
    __rt_final_cpp                           0x08000199   Thumb Code     0  entry10a.o(.ARM.Collect$$$$0000000D)
    __rt_final_exit                          0x08000199   Thumb Code     0  entry11a.o(.ARM.Collect$$$$0000000F)
    Reset_Handler                            0x0800019d   Thumb Code     8  startup_stm32f4xx.o(.text)
    SysTick_Handler                          0x080001b5   Thumb Code     2  startup_stm32f4xx.o(.text)
    ADC_IRQHandler                           0x080001b7   Thumb Code     0  startup_stm32f4xx.o(.text)
    CAN1_RX1_IRQHandler                      0x080001b7   Thumb Code     0  startup_stm32f4xx.o(.text)
    CAN1_SCE_IRQHandler                      0x080001b7   Thumb Code     0  startup_stm32f4xx.o(.text)
    CAN1_TX_IRQHandler                       0x080001b7   Thumb Code     0  startup_stm32f4xx.o(.text)
    CAN2_RX1_IRQHandler                      0x080001b7   Thumb Code     0  startup_stm32f4xx.o(.text)
    CAN2_SCE_IRQHandler                      0x080001b7   Thumb Code     0  startup_stm32f4xx.o(.text)
    CAN2_TX_IRQHandler                       0x080001b7   Thumb Code     0  startup_stm32f4xx.o(.text)
    CRYP_IRQHandler                          0x080001b7   Thumb Code     0  startup_stm32f4xx.o(.text)
    DCMI_IRQHandler                          0x080001b7   Thumb Code     0  startup_stm32f4xx.o(.text)
    DMA1_Stream0_IRQHandler                  0x080001b7   Thumb Code     0  startup_stm32f4xx.o(.text)
    DMA1_Stream1_IRQHandler                  0x080001b7   Thumb Code     0  startup_stm32f4xx.o(.text)
    DMA1_Stream2_IRQHandler                  0x080001b7   Thumb Code     0  startup_stm32f4xx.o(.text)
    DMA1_Stream3_IRQHandler                  0x080001b7   Thumb Code     0  startup_stm32f4xx.o(.text)
    DMA1_Stream4_IRQHandler                  0x080001b7   Thumb Code     0  startup_stm32f4xx.o(.text)
    DMA1_Stream5_IRQHandler                  0x080001b7   Thumb Code     0  startup_stm32f4xx.o(.text)
    DMA1_Stream6_IRQHandler                  0x080001b7   Thumb Code     0  startup_stm32f4xx.o(.text)
    DMA1_Stream7_IRQHandler                  0x080001b7   Thumb Code     0  startup_stm32f4xx.o(.text)
    DMA2_Stream0_IRQHandler                  0x080001b7   Thumb Code     0  startup_stm32f4xx.o(.text)
    DMA2_Stream1_IRQHandler                  0x080001b7   Thumb Code     0  startup_stm32f4xx.o(.text)
    DMA2_Stream2_IRQHandler                  0x080001b7   Thumb Code     0  startup_stm32f4xx.o(.text)
    DMA2_Stream3_IRQHandler                  0x080001b7   Thumb Code     0  startup_stm32f4xx.o(.text)
    DMA2_Stream4_IRQHandler                  0x080001b7   Thumb Code     0  startup_stm32f4xx.o(.text)
    DMA2_Stream5_IRQHandler                  0x080001b7   Thumb Code     0  startup_stm32f4xx.o(.text)
    DMA2_Stream6_IRQHandler                  0x080001b7   Thumb Code     0  startup_stm32f4xx.o(.text)
    DMA2_Stream7_IRQHandler                  0x080001b7   Thumb Code     0  startup_stm32f4xx.o(.text)
    ETH_IRQHandler                           0x080001b7   Thumb Code     0  startup_stm32f4xx.o(.text)
    ETH_WKUP_IRQHandler                      0x080001b7   Thumb Code     0  startup_stm32f4xx.o(.text)
    EXTI0_IRQHandler                         0x080001b7   Thumb Code     0  startup_stm32f4xx.o(.text)
    EXTI15_10_IRQHandler                     0x080001b7   Thumb Code     0  startup_stm32f4xx.o(.text)
    EXTI2_IRQHandler                         0x080001b7   Thumb Code     0  startup_stm32f4xx.o(.text)
    EXTI3_IRQHandler                         0x080001b7   Thumb Code     0  startup_stm32f4xx.o(.text)
    EXTI4_IRQHandler                         0x080001b7   Thumb Code     0  startup_stm32f4xx.o(.text)
    EXTI9_5_IRQHandler                       0x080001b7   Thumb Code     0  startup_stm32f4xx.o(.text)
    FLASH_IRQHandler                         0x080001b7   Thumb Code     0  startup_stm32f4xx.o(.text)
    FPU_IRQHandler                           0x080001b7   Thumb Code     0  startup_stm32f4xx.o(.text)
    FSMC_IRQHandler                          0x080001b7   Thumb Code     0  startup_stm32f4xx.o(.text)
    HASH_RNG_IRQHandler                      0x080001b7   Thumb Code     0  startup_stm32f4xx.o(.text)
    I2C1_ER_IRQHandler                       0x080001b7   Thumb Code     0  startup_stm32f4xx.o(.text)
    I2C1_EV_IRQHandler                       0x080001b7   Thumb Code     0  startup_stm32f4xx.o(.text)
    I2C2_ER_IRQHandler                       0x080001b7   Thumb Code     0  startup_stm32f4xx.o(.text)
    I2C2_EV_IRQHandler                       0x080001b7   Thumb Code     0  startup_stm32f4xx.o(.text)
    I2C3_ER_IRQHandler                       0x080001b7   Thumb Code     0  startup_stm32f4xx.o(.text)
    I2C3_EV_IRQHandler                       0x080001b7   Thumb Code     0  startup_stm32f4xx.o(.text)
    OTG_FS_IRQHandler                        0x080001b7   Thumb Code     0  startup_stm32f4xx.o(.text)
    OTG_FS_WKUP_IRQHandler                   0x080001b7   Thumb Code     0  startup_stm32f4xx.o(.text)
    OTG_HS_EP1_IN_IRQHandler                 0x080001b7   Thumb Code     0  startup_stm32f4xx.o(.text)
    OTG_HS_EP1_OUT_IRQHandler                0x080001b7   Thumb Code     0  startup_stm32f4xx.o(.text)
    OTG_HS_IRQHandler                        0x080001b7   Thumb Code     0  startup_stm32f4xx.o(.text)
    OTG_HS_WKUP_IRQHandler                   0x080001b7   Thumb Code     0  startup_stm32f4xx.o(.text)
    PVD_IRQHandler                           0x080001b7   Thumb Code     0  startup_stm32f4xx.o(.text)
    RCC_IRQHandler                           0x080001b7   Thumb Code     0  startup_stm32f4xx.o(.text)
    RTC_Alarm_IRQHandler                     0x080001b7   Thumb Code     0  startup_stm32f4xx.o(.text)
    RTC_WKUP_IRQHandler                      0x080001b7   Thumb Code     0  startup_stm32f4xx.o(.text)
    SDIO_IRQHandler                          0x080001b7   Thumb Code     0  startup_stm32f4xx.o(.text)
    SPI1_IRQHandler                          0x080001b7   Thumb Code     0  startup_stm32f4xx.o(.text)
    SPI2_IRQHandler                          0x080001b7   Thumb Code     0  startup_stm32f4xx.o(.text)
    SPI3_IRQHandler                          0x080001b7   Thumb Code     0  startup_stm32f4xx.o(.text)
    TAMP_STAMP_IRQHandler                    0x080001b7   Thumb Code     0  startup_stm32f4xx.o(.text)
    TIM1_BRK_TIM9_IRQHandler                 0x080001b7   Thumb Code     0  startup_stm32f4xx.o(.text)
    TIM1_CC_IRQHandler                       0x080001b7   Thumb Code     0  startup_stm32f4xx.o(.text)
    TIM1_TRG_COM_TIM11_IRQHandler            0x080001b7   Thumb Code     0  startup_stm32f4xx.o(.text)
    TIM1_UP_TIM10_IRQHandler                 0x080001b7   Thumb Code     0  startup_stm32f4xx.o(.text)
    TIM3_IRQHandler                          0x080001b7   Thumb Code     0  startup_stm32f4xx.o(.text)
    TIM4_IRQHandler                          0x080001b7   Thumb Code     0  startup_stm32f4xx.o(.text)
    TIM5_IRQHandler                          0x080001b7   Thumb Code     0  startup_stm32f4xx.o(.text)
    TIM7_IRQHandler                          0x080001b7   Thumb Code     0  startup_stm32f4xx.o(.text)
    TIM8_BRK_TIM12_IRQHandler                0x080001b7   Thumb Code     0  startup_stm32f4xx.o(.text)
    TIM8_CC_IRQHandler                       0x080001b7   Thumb Code     0  startup_stm32f4xx.o(.text)
    TIM8_TRG_COM_TIM14_IRQHandler            0x080001b7   Thumb Code     0  startup_stm32f4xx.o(.text)
    TIM8_UP_TIM13_IRQHandler                 0x080001b7   Thumb Code     0  startup_stm32f4xx.o(.text)
    UART4_IRQHandler                         0x080001b7   Thumb Code     0  startup_stm32f4xx.o(.text)
    UART5_IRQHandler                         0x080001b7   Thumb Code     0  startup_stm32f4xx.o(.text)
    USART6_IRQHandler                        0x080001b7   Thumb Code     0  startup_stm32f4xx.o(.text)
    WWDG_IRQHandler                          0x080001b7   Thumb Code     0  startup_stm32f4xx.o(.text)
    __aeabi_memcpy                           0x080001c1   Thumb Code    36  memcpya.o(.text)
    __aeabi_memcpy4                          0x080001c1   Thumb Code     0  memcpya.o(.text)
    __aeabi_memcpy8                          0x080001c1   Thumb Code     0  memcpya.o(.text)
    __aeabi_i2d                              0x080001e5   Thumb Code    34  dflti.o(.text)
    __aeabi_f2d                              0x08000207   Thumb Code    38  f2d.o(.text)
    __aeabi_cdrcmple                         0x0800022d   Thumb Code    48  cdrcmple.o(.text)
    __aeabi_uidiv                            0x0800025d   Thumb Code     0  uidiv.o(.text)
    __aeabi_uidivmod                         0x0800025d   Thumb Code    44  uidiv.o(.text)
    __aeabi_llsr                             0x08000289   Thumb Code    32  llushr.o(.text)
    _ll_ushift_r                             0x08000289   Thumb Code     0  llushr.o(.text)
    __I$use$fp                               0x080002a9   Thumb Code     0  iusefp.o(.text)
    _double_round                            0x080002a9   Thumb Code    30  depilogue.o(.text)
    _double_epilogue                         0x080002c7   Thumb Code   156  depilogue.o(.text)
    __scatterload                            0x08000365   Thumb Code    28  init.o(.text)
    __scatterload_rt2                        0x08000365   Thumb Code     0  init.o(.text)
    __aeabi_llsl                             0x08000389   Thumb Code    30  llshl.o(.text)
    _ll_shift_l                              0x08000389   Thumb Code     0  llshl.o(.text)
    __decompress                             0x080003a7   Thumb Code     0  __dczerorl2.o(.text)
    __decompress1                            0x080003a7   Thumb Code    86  __dczerorl2.o(.text)
    AppParamInit                             0x080003fd   Thumb Code   276  iotask.o(i.AppParamInit)
    BSP_FLASH_GetFlashSector                 0x08000539   Thumb Code   116  flash.o(i.BSP_FLASH_GetFlashSector)
    BSP_FLASH_Write                          0x080005d9   Thumb Code   168  flash.o(i.BSP_FLASH_Write)
    BSP_Init                                 0x08000685   Thumb Code    94  bsp.o(i.BSP_Init)
    BusFault_Handler                         0x080006e9   Thumb Code     4  stm32f4xx_it.o(i.BusFault_Handler)
    CAN1_Config                              0x080006ed   Thumb Code   234  can1.o(i.CAN1_Config)
    CAN1_RX0_IRQHandler                      0x080007e1   Thumb Code   762  can1.o(i.CAN1_RX0_IRQHandler)
    CAN2_Config                              0x08000b41   Thumb Code   236  can2.o(i.CAN2_Config)
    CAN2_RX0_IRQHandler                      0x08000c35   Thumb Code   372  can2.o(i.CAN2_RX0_IRQHandler)
    CAN_ClearITPendingBit                    0x08000df9   Thumb Code   162  stm32f4xx_can.o(i.CAN_ClearITPendingBit)
    CAN_FilterInit                           0x08000ea1   Thumb Code   258  stm32f4xx_can.o(i.CAN_FilterInit)
    CAN_GetITStatus                          0x08000fa9   Thumb Code   284  stm32f4xx_can.o(i.CAN_GetITStatus)
    CAN_ITConfig                             0x080010c9   Thumb Code    18  stm32f4xx_can.o(i.CAN_ITConfig)
    CAN_Init                                 0x080010db   Thumb Code   276  stm32f4xx_can.o(i.CAN_Init)
    CAN_Receive                              0x080011ef   Thumb Code   240  stm32f4xx_can.o(i.CAN_Receive)
    CAN_Transmit                             0x080012df   Thumb Code   294  stm32f4xx_can.o(i.CAN_Transmit)
    CMControlLoop                            0x08001405   Thumb Code   940  controltask.o(i.CMControlLoop)
    CalibrateLoop                            0x080017f1   Thumb Code   234  iotask.o(i.CalibrateLoop)
    Control_Task                             0x08001905   Thumb Code    68  controltask.o(i.Control_Task)
    ControtLoopTaskInit                      0x0800194d   Thumb Code   268  controltask.o(i.ControtLoopTaskInit)
    DMA_Cmd                                  0x08001a99   Thumb Code    22  stm32f4xx_dma.o(i.DMA_Cmd)
    DMA_DeInit                               0x08001ab1   Thumb Code   324  stm32f4xx_dma.o(i.DMA_DeInit)
    DMA_DoubleBufferModeCmd                  0x08001c09   Thumb Code    22  stm32f4xx_dma.o(i.DMA_DoubleBufferModeCmd)
    DMA_DoubleBufferModeConfig               0x08001c1f   Thumb Code    24  stm32f4xx_dma.o(i.DMA_DoubleBufferModeConfig)
    DMA_GetCurrDataCounter                   0x08001c37   Thumb Code     8  stm32f4xx_dma.o(i.DMA_GetCurrDataCounter)
    DMA_GetCurrentMemoryTarget               0x08001c3f   Thumb Code    20  stm32f4xx_dma.o(i.DMA_GetCurrentMemoryTarget)
    DMA_Init                                 0x08001c55   Thumb Code    82  stm32f4xx_dma.o(i.DMA_Init)
    DMA_StructInit                           0x08001cad   Thumb Code    34  stm32f4xx_dma.o(i.DMA_StructInit)
    Dataframe_Process                        0x08001cd1   Thumb Code   212  protocol.o(i.Dataframe_Process)
    DebugMon_Handler                         0x08001db9   Thumb Code     2  stm32f4xx_it.o(i.DebugMon_Handler)
    EXTI1_IRQHandler                         0x08001dbd   Thumb Code    34  mpu6500_interrupt.o(i.EXTI1_IRQHandler)
    EXTI_ClearFlag                           0x08001de5   Thumb Code     6  stm32f4xx_exti.o(i.EXTI_ClearFlag)
    EXTI_ClearITPendingBit                   0x08001df1   Thumb Code     6  stm32f4xx_exti.o(i.EXTI_ClearITPendingBit)
    EXTI_GetITStatus                         0x08001dfd   Thumb Code    34  stm32f4xx_exti.o(i.EXTI_GetITStatus)
    EncoderProcess                           0x08001e25   Thumb Code   202  canbustask.o(i.EncoderProcess)
    Encoder_Start                            0x08001efd   Thumb Code    10  encoder.o(i.Encoder_Start)
    FLASH_DataCacheCmd                       0x08001f0d   Thumb Code    30  stm32f4xx_flash.o(i.FLASH_DataCacheCmd)
    FLASH_EraseSector                        0x08001f31   Thumb Code   130  stm32f4xx_flash.o(i.FLASH_EraseSector)
    FLASH_GetStatus                          0x08001fb9   Thumb Code    66  stm32f4xx_flash.o(i.FLASH_GetStatus)
    FLASH_Lock                               0x08002001   Thumb Code    14  stm32f4xx_flash.o(i.FLASH_Lock)
    FLASH_ProgramByte                        0x08002015   Thumb Code    70  stm32f4xx_flash.o(i.FLASH_ProgramByte)
    FLASH_Unlock                             0x08002061   Thumb Code    24  stm32f4xx_flash.o(i.FLASH_Unlock)
    FLASH_WaitForLastOperation               0x08002085   Thumb Code    34  stm32f4xx_flash.o(i.FLASH_WaitForLastOperation)
    GMPitchControlLoop                       0x080020a9   Thumb Code    74  controltask.o(i.GMPitchControlLoop)
    GMYawControlLoop                         0x0800210d   Thumb Code    38  controltask.o(i.GMYawControlLoop)
    GPIO_Init                                0x08002141   Thumb Code   144  stm32f4xx_gpio.o(i.GPIO_Init)
    GPIO_PinAFConfig                         0x080021d1   Thumb Code    70  stm32f4xx_gpio.o(i.GPIO_PinAFConfig)
    GPIO_ResetBits                           0x08002217   Thumb Code     4  stm32f4xx_gpio.o(i.GPIO_ResetBits)
    GPIO_SetBits                             0x0800221b   Thumb Code     4  stm32f4xx_gpio.o(i.GPIO_SetBits)
    GPIO_StructInit                          0x0800221f   Thumb Code    18  stm32f4xx_gpio.o(i.GPIO_StructInit)
    GetCaliCmdFlagGrp                        0x08002231   Thumb Code     6  iotask.o(i.GetCaliCmdFlagGrp)
    GetEncoderBias                           0x0800223d   Thumb Code    26  canbustask.o(i.GetEncoderBias)
    GetFrictionState                         0x08002259   Thumb Code     6  remotetask.o(i.GetFrictionState)
    GetInputMode                             0x08002265   Thumb Code     6  remotetask.o(i.GetInputMode)
    GetLostCounter                           0x08002271   Thumb Code    18  supervisetask.o(i.GetLostCounter)
    GetPitchYawGxGyGz                        0x08002289   Thumb Code   204  imu.o(i.GetPitchYawGxGyGz)
    GetQuadEncoderDiff                       0x08002381   Thumb Code    36  encoder.o(i.GetQuadEncoderDiff)
    GetRemoteSwitchAction                    0x080023ad   Thumb Code   120  remotetask.o(i.GetRemoteSwitchAction)
    GetShootState                            0x08002429   Thumb Code     6  remotetask.o(i.GetShootState)
    GetWorkState                             0x08002435   Thumb Code     6  controltask.o(i.GetWorkState)
    Get_Lost_Error                           0x08002441   Thumb Code    10  supervisetask.o(i.Get_Lost_Error)
    GimbalAngleLimit                         0x08002451   Thumb Code   158  remotetask.o(i.GimbalAngleLimit)
    GimbalCaliProcess                        0x080024fd   Thumb Code   134  iotask.o(i.GimbalCaliProcess)
    GimbalYawControlModeSwitch               0x080025a1   Thumb Code   288  controltask.o(i.GimbalYawControlModeSwitch)
    GyroCaliProcess                          0x080026ed   Thumb Code   202  iotask.o(i.GyroCaliProcess)
    HANDPID                                  0x080027d5   Thumb Code    64  controltask.o(i.HANDPID)
    HardFault_Handler                        0x08002821   Thumb Code     4  stm32f4xx_it.o(i.HardFault_Handler)
    IMU_Get_Data                             0x08002825   Thumb Code   158  test_imu.o(i.IMU_Get_Data)
    IST8310_Init                             0x080028cd   Thumb Code   242  test_imu.o(i.IST8310_Init)
    Init_Quaternion                          0x08002a39   Thumb Code   586  imu.o(i.Init_Quaternion)
    IsCaliCmdFlagSet                         0x08002cf1   Thumb Code    18  iotask.o(i.IsCaliCmdFlagSet)
    IsRemoteBeingAction                      0x08002d09   Thumb Code   238  remotetask.o(i.IsRemoteBeingAction)
    Is_Lost_Error_Set                        0x08002e09   Thumb Code    22  supervisetask.o(i.Is_Lost_Error_Set)
    Is_Serious_Error                         0x08002e1f   Thumb Code     4  supervisetask.o(i.Is_Serious_Error)
    Key_Mouse                                0x08002e25   Thumb Code   840  controltask.o(i.Key_Mouse)
    Led_Config                               0x08003225   Thumb Code   538  led.o(i.Led_Config)
    LostCounterFeed                          0x08003455   Thumb Code     6  lost_counter.o(i.LostCounterFeed)
    MOTORPID                                 0x0800345d   Thumb Code   442  controltask.o(i.MOTORPID)
    MPU6050_AverageFilter                    0x08003645   Thumb Code   494  test_imu.o(i.MPU6050_AverageFilter)
    MPU6050_Init                             0x08003839   Thumb Code   110  test_imu.o(i.MPU6050_Init)
    MPU6050_Read_Reg                         0x080038b5   Thumb Code    58  test_imu.o(i.MPU6050_Read_Reg)
    MPU6050_Read_Regs                        0x080038fd   Thumb Code    78  test_imu.o(i.MPU6050_Read_Regs)
    MPU6050_Write_Reg                        0x08003959   Thumb Code    52  test_imu.o(i.MPU6050_Write_Reg)
    MPU6050_getMotion6                       0x08003995   Thumb Code   118  test_imu.o(i.MPU6050_getMotion6)
    MagEndCaliProcess                        0x08003aa5   Thumb Code   138  iotask.o(i.MagEndCaliProcess)
    MagStartCaliProcess                      0x08003b39   Thumb Code    26  iotask.o(i.MagStartCaliProcess)
    MemManage_Handler                        0x08003b59   Thumb Code     4  stm32f4xx_it.o(i.MemManage_Handler)
    MouseKeyControlProcess                   0x08003b5d   Thumb Code   434  remotetask.o(i.MouseKeyControlProcess)
    MouseShootControl                        0x08003d2d   Thumb Code   174  remotetask.o(i.MouseShootControl)
    NMI_Handler                              0x08003de5   Thumb Code     2  stm32f4xx_it.o(i.NMI_Handler)
    NVIC_Init                                0x08003de9   Thumb Code   106  misc.o(i.NVIC_Init)
    NVIC_PriorityGroupConfig                 0x08003e61   Thumb Code    10  misc.o(i.NVIC_PriorityGroupConfig)
    PID_Calc                                 0x08003e75   Thumb Code   214  pid.o(i.PID_Calc)
    PID_Reset                                0x08003f4d   Thumb Code    34  pid.o(i.PID_Reset)
    POSITION_PID_Calc                        0x08003f75   Thumb Code   278  pid.o(i.POSITION_PID_Calc)
    PWM_Config                               0x080040b9   Thumb Code   282  gun.o(i.PWM_Config)
    PendSV_Handler                           0x080041e1   Thumb Code     2  stm32f4xx_it.o(i.PendSV_Handler)
    RCC_AHB1PeriphClockCmd                   0x080041e5   Thumb Code    26  stm32f4xx_rcc.o(i.RCC_AHB1PeriphClockCmd)
    RCC_APB1PeriphClockCmd                   0x08004205   Thumb Code    26  stm32f4xx_rcc.o(i.RCC_APB1PeriphClockCmd)
    RCC_APB1PeriphResetCmd                   0x08004225   Thumb Code    26  stm32f4xx_rcc.o(i.RCC_APB1PeriphResetCmd)
    RCC_APB2PeriphClockCmd                   0x08004245   Thumb Code    26  stm32f4xx_rcc.o(i.RCC_APB2PeriphClockCmd)
    RCC_APB2PeriphResetCmd                   0x08004265   Thumb Code    26  stm32f4xx_rcc.o(i.RCC_APB2PeriphResetCmd)
    RCC_GetClocksFreq                        0x08004285   Thumb Code   214  stm32f4xx_rcc.o(i.RCC_GetClocksFreq)
    RampCalc                                 0x0800436d   Thumb Code    42  ramp.o(i.RampCalc)
    RampInit                                 0x08004397   Thumb Code     2  ramp.o(i.RampInit)
    RampIsOverflow                           0x08004399   Thumb Code    18  ramp.o(i.RampIsOverflow)
    RampResetCounter                         0x080043ab   Thumb Code     6  ramp.o(i.RampResetCounter)
    RampSetCounter                           0x080043b1   Thumb Code     4  ramp.o(i.RampSetCounter)
    RampSetScale                             0x080043b5   Thumb Code     4  ramp.o(i.RampSetScale)
    RemoteControlProcess                     0x080043b9   Thumb Code   462  remotetask.o(i.RemoteControlProcess)
    RemoteDataPrcess                         0x080045a9   Thumb Code   226  remotetask.o(i.RemoteDataPrcess)
    RemoteShootControl                       0x08004691   Thumb Code   150  remotetask.o(i.RemoteShootControl)
    RemoteTaskInit                           0x08004731   Thumb Code    78  remotetask.o(i.RemoteTaskInit)
    ResetCaliCmdFlag                         0x08004799   Thumb Code    12  iotask.o(i.ResetCaliCmdFlag)
    SPI5_Init                                0x080047a9   Thumb Code   162  spi.o(i.SPI5_Init)
    SPI5_ReadWriteByte                       0x08004855   Thumb Code    50  spi.o(i.SPI5_ReadWriteByte)
    SPI_Cmd                                  0x0800488d   Thumb Code    24  stm32f4xx_spi.o(i.SPI_Cmd)
    SPI_I2S_GetFlagStatus                    0x080048a5   Thumb Code    18  stm32f4xx_spi.o(i.SPI_I2S_GetFlagStatus)
    SPI_I2S_ReceiveData                      0x080048b7   Thumb Code     6  stm32f4xx_spi.o(i.SPI_I2S_ReceiveData)
    SPI_I2S_SendData                         0x080048bd   Thumb Code     4  stm32f4xx_spi.o(i.SPI_I2S_SendData)
    SPI_Init                                 0x080048c1   Thumb Code    60  stm32f4xx_spi.o(i.SPI_Init)
    SVC_Handler                              0x080048fd   Thumb Code     2  stm32f4xx_it.o(i.SVC_Handler)
    Sensor_Offset_Param_Init                 0x08004901   Thumb Code   128  iotask.o(i.Sensor_Offset_Param_Init)
    SetFrictionState                         0x080049ad   Thumb Code     6  remotetask.o(i.SetFrictionState)
    SetGimbalCaliData                        0x080049b9   Thumb Code    24  iotask.o(i.SetGimbalCaliData)
    SetGimbalMotorOutput                     0x080049d5   Thumb Code    78  controltask.o(i.SetGimbalMotorOutput)
    SetGyroCaliData                          0x08004a31   Thumb Code    28  iotask.o(i.SetGyroCaliData)
    SetInputMode                             0x08004a51   Thumb Code    36  remotetask.o(i.SetInputMode)
    SetMagCaliData                           0x08004a79   Thumb Code    22  iotask.o(i.SetMagCaliData)
    SetPIDCaliData                           0x08004a95   Thumb Code    76  iotask.o(i.SetPIDCaliData)
    SetShootState                            0x08004ae5   Thumb Code     6  remotetask.o(i.SetShootState)
    Set_CM_Speed                             0x08004be9   Thumb Code    92  canbustask.o(i.Set_CM_Speed)
    Set_GEThand                              0x08004c45   Thumb Code    84  canbustask.o(i.Set_GEThand)
    Set_Gimbal_Current                       0x08004c99   Thumb Code    82  canbustask.o(i.Set_Gimbal_Current)
    ShooterMControlLoop                      0x08004ced   Thumb Code    74  controltask.o(i.ShooterMControlLoop)
    SystemInit                               0x08004d45   Thumb Code    88  system_stm32f4xx.o(i.SystemInit)
    TIM2_Config                              0x08004dad   Thumb Code    60  timer.o(i.TIM2_Config)
    TIM2_IRQHandler                          0x08004de9   Thumb Code    30  timer.o(i.TIM2_IRQHandler)
    TIM6_Config                              0x08004e09   Thumb Code    72  timer.o(i.TIM6_Config)
    TIM6_DAC_IRQHandler                      0x08004e55   Thumb Code    34  timer.o(i.TIM6_DAC_IRQHandler)
    TIM_ARRPreloadConfig                     0x08004e7d   Thumb Code    24  stm32f4xx_tim.o(i.TIM_ARRPreloadConfig)
    TIM_ClearFlag                            0x08004e95   Thumb Code     6  stm32f4xx_tim.o(i.TIM_ClearFlag)
    TIM_ClearITPendingBit                    0x08004e9b   Thumb Code     6  stm32f4xx_tim.o(i.TIM_ClearITPendingBit)
    TIM_Cmd                                  0x08004ea1   Thumb Code    24  stm32f4xx_tim.o(i.TIM_Cmd)
    TIM_GetITStatus                          0x08004eb9   Thumb Code    34  stm32f4xx_tim.o(i.TIM_GetITStatus)
    TIM_OC1Init                              0x08004edd   Thumb Code   114  stm32f4xx_tim.o(i.TIM_OC1Init)
    TIM_OC1PreloadConfig                     0x08004f59   Thumb Code    18  stm32f4xx_tim.o(i.TIM_OC1PreloadConfig)
    TIM_OC2Init                              0x08004f6d   Thumb Code   154  stm32f4xx_tim.o(i.TIM_OC2Init)
    TIM_OC2PreloadConfig                     0x08005011   Thumb Code    26  stm32f4xx_tim.o(i.TIM_OC2PreloadConfig)
    TIM_TimeBaseInit                         0x0800502d   Thumb Code   104  stm32f4xx_tim.o(i.TIM_TimeBaseInit)
    USART1_Config                            0x080050b1   Thumb Code   298  usart1.o(i.USART1_Config)
    USART1_IRQHandler                        0x080051f1   Thumb Code   190  usart1.o(i.USART1_IRQHandler)
    USART2_IRQHandler                        0x080052c1   Thumb Code    32  usart2.o(i.USART2_IRQHandler)
    USART3_Config                            0x080052e9   Thumb Code   164  usart3.o(i.USART3_Config)
    USART3_IRQHandler                        0x08005395   Thumb Code   122  usart3.o(i.USART3_IRQHandler)
    USART_Cmd                                0x08005421   Thumb Code    24  stm32f4xx_usart.o(i.USART_Cmd)
    USART_DMACmd                             0x08005439   Thumb Code    18  stm32f4xx_usart.o(i.USART_DMACmd)
    USART_DeInit                             0x0800544d   Thumb Code   156  stm32f4xx_usart.o(i.USART_DeInit)
    USART_GetFlagStatus                      0x08005501   Thumb Code    26  stm32f4xx_usart.o(i.USART_GetFlagStatus)
    USART_GetITStatus                        0x0800551b   Thumb Code    84  stm32f4xx_usart.o(i.USART_GetITStatus)
    USART_ITConfig                           0x0800556f   Thumb Code    74  stm32f4xx_usart.o(i.USART_ITConfig)
    USART_Init                               0x080055b9   Thumb Code   204  stm32f4xx_usart.o(i.USART_Init)
    USART_SendData                           0x0800568d   Thumb Code     8  stm32f4xx_usart.o(i.USART_SendData)
    USART_StructInit                         0x08005695   Thumb Code    24  stm32f4xx_usart.o(i.USART_StructInit)
    UsageFault_Handler                       0x080056ad   Thumb Code     4  stm32f4xx_it.o(i.UsageFault_Handler)
    WorkStateFSM                             0x080056b1   Thumb Code   238  controltask.o(i.WorkStateFSM)
    __0printf$1                              0x080057d5   Thumb Code    22  printf1.o(i.__0printf$1)
    __1printf$1                              0x080057d5   Thumb Code     0  printf1.o(i.__0printf$1)
    __2printf                                0x080057d5   Thumb Code     0  printf1.o(i.__0printf$1)
    __hardfp_fabs                            0x080057f5   Thumb Code    20  fabs.o(i.__hardfp_fabs)
    __scatterload_copy                       0x08005809   Thumb Code    14  handlers.o(i.__scatterload_copy)
    __scatterload_null                       0x08005817   Thumb Code     2  handlers.o(i.__scatterload_null)
    __scatterload_zeroinit                   0x08005819   Thumb Code    14  handlers.o(i.__scatterload_zeroinit)
    delay_ms                                 0x0800597d   Thumb Code    28  delay.o(i.delay_ms)
    forward                                  0x08005999   Thumb Code    62  canbustask.o(i.forward)
    fputc                                    0x080059e9   Thumb Code    32  usart3.o(i.fputc)
    main                                     0x08005a0d   Thumb Code    64  main.o(i.main)
    nishizhen                                0x08005a59   Thumb Code    90  canbustask.o(i.nishizhen)
    remote                                   0x08005ac5   Thumb Code   558  controltask.o(i.remote)
    right_pinyi                              0x08005d35   Thumb Code    90  canbustask.o(i.right_pinyi)
    stop                                     0x08005da1   Thumb Code    16  canbustask.o(i.stop)
    Region$$Table$$Base                      0x08005dc8   Number         0  anon$$obj.o(Region$$Table)
    Region$$Table$$Limit                     0x08005de8   Number         0  anon$$obj.o(Region$$Table)
    sdf                                      0x20000004   Data           4  can1.o(.data)
    Fspeed_fdb                               0x20000008   Data           2  can1.o(.data)
    Uspeed_fdb                               0x2000000a   Data           2  can1.o(.data)
    speed_fdb                                0x2000000c   Data           2  can1.o(.data)
    Yp                                       0x2000000e   Data           2  can1.o(.data)
    Yy                                       0x20000010   Data           2  can1.o(.data)
    zhuanju_fdb                              0x20000012   Data           2  can1.o(.data)
    jiaoduh                                  0x20000014   Data           1  can1.o(.data)
    jiaodul                                  0x20000015   Data           1  can1.o(.data)
    zhuansuh                                 0x20000016   Data           1  can1.o(.data)
    zhhuansul                                0x20000017   Data           1  can1.o(.data)
    shiji_currenth                           0x20000018   Data           1  can1.o(.data)
    shiji_currentl                           0x20000019   Data           1  can1.o(.data)
    temp                                     0x2000001a   Data           1  can1.o(.data)
    null                                     0x2000001b   Data           1  can1.o(.data)
    Std                                      0x2000001c   Data           4  can1.o(.data)
    fenzhuang                                0x20000020   Data           4  can1.o(.data)
    y                                        0x20000024   Data           4  can1.o(.data)
    M1                                       0x20000028   Data           4  can1.o(.data)
    M2                                       0x2000002c   Data           4  can1.o(.data)
    M3                                       0x20000030   Data           4  can1.o(.data)
    M4                                       0x20000034   Data           4  can1.o(.data)
    M5                                       0x20000038   Data           4  can1.o(.data)
    M6                                       0x2000003c   Data           4  can1.o(.data)
    M7                                       0x20000040   Data           4  can1.o(.data)
    M8                                       0x20000044   Data           4  can1.o(.data)
    quanshu                                  0x20000048   Data           4  can1.o(.data)
    USART_TX_BUF                             0x2000004e   Data           2  usart2.o(.data)
    USART_RX_STA                             0x20000050   Data           2  usart2.o(.data)
    check_can1                               0x20000054   Data           4  can2.o(.data)
    H_fdb                                    0x20000058   Data           4  can2.o(.data)
    Hcount                                   0x2000005c   Data           4  can2.o(.data)
    diff                                     0x20000060   Data           4  can2.o(.data)
    last_H_fdb                               0x20000064   Data           4  can2.o(.data)
    Std2                                     0x20000068   Data           4  can2.o(.data)
    timecount                                0x2000006c   Data           4  can2.o(.data)
    M9                                       0x20000070   Data           4  can2.o(.data)
    M10                                      0x20000074   Data           4  can2.o(.data)
    exInt                                    0x20000088   Data           4  imu.o(.data)
    eyInt                                    0x2000008c   Data           4  imu.o(.data)
    ezInt                                    0x20000090   Data           4  imu.o(.data)
    q0                                       0x20000094   Data           4  imu.o(.data)
    q1                                       0x20000098   Data           4  imu.o(.data)
    q2                                       0x2000009c   Data           4  imu.o(.data)
    q3                                       0x200000a0   Data           4  imu.o(.data)
    lastUpdate                               0x200000c8   Data           4  imu.o(.data)
    now                                      0x200000cc   Data           4  imu.o(.data)
    yaw_temp                                 0x200000d0   Data           4  imu.o(.data)
    pitch_temp                               0x200000d4   Data           4  imu.o(.data)
    roll_temp                                0x200000d8   Data           4  imu.o(.data)
    last_yaw_temp                            0x200000dc   Data           4  imu.o(.data)
    last_pitch_temp                          0x200000e0   Data           4  imu.o(.data)
    last_roll_temp                           0x200000e4   Data           4  imu.o(.data)
    yaw_angle                                0x200000e8   Data           4  imu.o(.data)
    pitch_angle                              0x200000ec   Data           4  imu.o(.data)
    roll_angle                               0x200000f0   Data           4  imu.o(.data)
    isMPU6050_is_DRY                         0x200000f8   Data           1  mpu6500_interrupt.o(.data)
    MPU_id                                   0x200000f9   Data           1  test_imu.o(.data)
    f                                        0x2000010c   Data           4  controltask.o(.data)
    l                                        0x20000110   Data           4  controltask.o(.data)
    p                                        0x20000114   Data           4  controltask.o(.data)
    g                                        0x20000118   Data           4  controltask.o(.data)
    s1                                       0x2000011c   Data           4  controltask.o(.data)
    s2                                       0x20000120   Data           4  controltask.o(.data)
    F                                        0x20000124   Data           4  controltask.o(.data)
    L1                                       0x20000128   Data           4  controltask.o(.data)
    L2                                       0x2000012c   Data           4  controltask.o(.data)
    L3                                       0x20000130   Data           4  controltask.o(.data)
    P                                        0x20000134   Data           4  controltask.o(.data)
    S1                                       0x20000138   Data           4  controltask.o(.data)
    G                                        0x2000013c   Data           4  controltask.o(.data)
    friction_quanshu                         0x20000140   Data           4  controltask.o(.data)
    ii                                       0x20000144   Data           4  controltask.o(.data)
    iii                                      0x20000148   Data           4  controltask.o(.data)
    mix                                      0x2000014c   Data           4  controltask.o(.data)
    timeXL                                   0x20000150   Data           4  controltask.o(.data)
    suduXL                                   0x20000154   Data           4  controltask.o(.data)
    timeSL                                   0x20000158   Data           4  controltask.o(.data)
    suduSL                                   0x2000015c   Data           4  controltask.o(.data)
    time3                                    0x20000160   Data           4  controltask.o(.data)
    sudu3                                    0x20000164   Data           4  controltask.o(.data)
    timer                                    0x20000168   Data           4  controltask.o(.data)
    ZH                                       0x2000016c   Data           4  controltask.o(.data)
    sh1                                      0x20000170   Data           4  controltask.o(.data)
    sh2                                      0x20000174   Data           4  controltask.o(.data)
    sh3                                      0x20000178   Data           4  controltask.o(.data)
    dpz                                      0x2000017c   Data           4  controltask.o(.data)
    L4                                       0x20000180   Data           4  controltask.o(.data)
    sh4                                      0x20000184   Data           4  controltask.o(.data)
    duiwei                                   0x20000188   Data           4  controltask.o(.data)
    dcf                                      0x2000018c   Data           4  controltask.o(.data)
    shangdao_flag                            0x20000190   Data           4  controltask.o(.data)
    countL                                   0x20000194   Data           4  controltask.o(.data)
    HA                                       0x20000198   Data           4  controltask.o(.data)
    handflag                                 0x2000019c   Data           4  controltask.o(.data)
    CML                                      0x200001a0   Data           4  controltask.o(.data)
    wcb                                      0x200001a4   Data           4  controltask.o(.data)
    xxl                                      0x200001a8   Data           4  controltask.o(.data)
    xml                                      0x200001ac   Data           4  controltask.o(.data)
    lhy1                                     0x200001b0   Data           4  controltask.o(.data)
    lhy2                                     0x200001b4   Data           4  controltask.o(.data)
    lhy3                                     0x200001b8   Data           4  controltask.o(.data)
    lhp1                                     0x200001bc   Data           4  controltask.o(.data)
    lhp2                                     0x200001c0   Data           4  controltask.o(.data)
    lhp3                                     0x200001c4   Data           4  controltask.o(.data)
    TravelSwitch_1                           0x200001c8   Data           1  controltask.o(.data)
    TravelSwitch_2                           0x200001c9   Data           1  controltask.o(.data)
    GMPPositionPID                           0x200001cc   Data          84  controltask.o(.data)
    GMPSpeedPID                              0x20000220   Data          84  controltask.o(.data)
    GMYPositionPID                           0x20000274   Data          84  controltask.o(.data)
    GMYSpeedPID                              0x200002c8   Data          84  controltask.o(.data)
    CMRotatePID                              0x2000031c   Data          84  controltask.o(.data)
    CM1SpeedPID                              0x20000370   Data          84  controltask.o(.data)
    CM2SpeedPID                              0x200003c4   Data          84  controltask.o(.data)
    CM3SpeedPID                              0x20000418   Data          84  controltask.o(.data)
    CM4SpeedPID                              0x2000046c   Data          84  controltask.o(.data)
    ShootMotorSpeedPID                       0x200004c0   Data          84  controltask.o(.data)
    vice_fwheelspeedPID                      0x20000514   Data          84  controltask.o(.data)
    vice_bwheelspeedPID                      0x20000568   Data          84  controltask.o(.data)
    across1wheelspeedPID                     0x200005bc   Data          84  controltask.o(.data)
    across2wheelspeedPID                     0x20000610   Data          84  controltask.o(.data)
    WumingspeedPID                           0x20000664   Data          84  controltask.o(.data)
    armspeedPID                              0x200006b8   Data          84  controltask.o(.data)
    handspeedPID                             0x2000070c   Data          84  controltask.o(.data)
    lastWorkState                            0x20000760   Data           1  controltask.o(.data)
    workState                                0x20000761   Data           1  controltask.o(.data)
    GMPitchRamp                              0x20000764   Data          36  controltask.o(.data)
    GMYawRamp                                0x20000788   Data          36  controltask.o(.data)
    pwm_ccr                                  0x200007b0   Data           2  controltask.o(.data)
    GimbalSavedCaliData                      0x200007e8   Data           5  iotask.o(.data)
    GyroSavedCaliData                        0x200007ed   Data           7  iotask.o(.data)
    PitchPositionSavedPID                    0x200007f4   Data           8  iotask.o(.data)
    PitchSpeedSavedPID                       0x200007fc   Data           8  iotask.o(.data)
    YawPositionSavedPID                      0x20000804   Data           8  iotask.o(.data)
    YawSpeedSavedPID                         0x2000080c   Data           8  iotask.o(.data)
    RotateSpeedSavedPID                      0x20000814   Data           8  iotask.o(.data)
    ChassisSpeedSavedPID                     0x2000081c   Data           8  iotask.o(.data)
    app_param_calied_flag                    0x20000824   Data           1  iotask.o(.data)
    ChassisSpeedRef                          0x2000084c   Data           8  remotetask.o(.data)
    friction_wheel_state                     0x20000854   Data           1  remotetask.o(.data)
    frictionRamp                             0x20000858   Data          36  remotetask.o(.data)
    LRSpeedRamp                              0x2000087c   Data          36  remotetask.o(.data)
    FBSpeedRamp                              0x200008a0   Data          36  remotetask.o(.data)
    lost_counter                             0x200008cc   Data          44  supervisetask.o(.data)
    lost_err                                 0x200008f8   Data           4  supervisetask.o(.data)
    p_kp                                     0x20000908   Data           4  pid.o(.data)
    p_ki                                     0x2000090c   Data           4  pid.o(.data)
    p_kd                                     0x20000910   Data           4  pid.o(.data)
    s_kp                                     0x20000914   Data           4  pid.o(.data)
    s_ki                                     0x20000918   Data           4  pid.o(.data)
    s_kd                                     0x2000091c   Data           4  pid.o(.data)
    position_output                          0x20000920   Data           4  pid.o(.data)
    speed_p_old                              0x20000924   Data           4  pid.o(.data)
    speed_p                                  0x20000928   Data           4  pid.o(.data)
    speed_i                                  0x2000092c   Data           4  pid.o(.data)
    PID_Flag                                 0x20000930   Data           3  protocol.o(.data)
    Upload_Speed                             0x20000934   Data           4  protocol.o(.data)
    system_micrsecond                        0x20000938   Data           4  protocol.o(.data)
    TxCounter                                0x2000093c   Data           1  protocol.o(.data)
    count                                    0x2000093d   Data           1  protocol.o(.data)
    Rx_Act                                   0x2000093e   Data           1  protocol.o(.data)
    Rx_Adr                                   0x2000093f   Data           1  protocol.o(.data)
    Rx_Ok0                                   0x20000940   Data           1  protocol.o(.data)
    Rx_Ok1                                   0x20000941   Data           1  protocol.o(.data)
    __stdout                                 0x20000944   Data           4  stdout.o(.data)
    Rx_Buf                                   0x20000984   Data          64  usart3.o(.bss)
    HANDEncoder                              0x200009c4   Data          68  can2.o(.bss)
    mygetqval                                0x20000a08   Data          36  imu.o(.bss)
    angle                                    0x20000a3c   Data          12  imu.o(.bss)
    imu_data                                 0x20000a48   Data          20  test_imu.o(.bss)
    imu_data_offest                          0x20000a5c   Data          20  test_imu.o(.bss)
    MPU6050_FIFO                             0x20000a70   Data         132  test_imu.o(.bss)
    MPU6050_Raw_Data                         0x20000af4   Data          20  test_imu.o(.bss)
    MPU6050_Real_Data                        0x20000b08   Data          40  test_imu.o(.bss)
    MagMaxMinData                            0x20000b30   Data          12  test_imu.o(.bss)
    CM1Encoder                               0x20000b3c   Data          68  canbustask.o(.bss)
    CM2Encoder                               0x20000b80   Data          68  canbustask.o(.bss)
    CM3Encoder                               0x20000bc4   Data          68  canbustask.o(.bss)
    CM4Encoder                               0x20000c08   Data          68  canbustask.o(.bss)
    GMYawEncoder                             0x20000c4c   Data          68  canbustask.o(.bss)
    GMPitchEncoder                           0x20000c90   Data          68  canbustask.o(.bss)
    Motor1_Measure                           0x20000cd4   Data          10  canbustask.o(.bss)
    Motor2_Measure                           0x20000cde   Data          10  canbustask.o(.bss)
    Motor3_Measure                           0x20000ce8   Data          10  canbustask.o(.bss)
    Motor4_Measure                           0x20000cf2   Data          10  canbustask.o(.bss)
    key_mouse                                0x20000cfc   Data          22  controltask.o(.bss)
    gAppParamStruct                          0x20000d12   Data         103  iotask.o(.bss)
    PIDCaliData                              0x20000d8c   Data         103  iotask.o(.bss)
    AccSavedCaliData                         0x20000df3   Data          19  iotask.o(.bss)
    MagSavedCaliData                         0x20000e06   Data          19  iotask.o(.bss)
    RC_CtrlData                              0x20000e1c   Data          24  remotetask.o(.bss)
    GimbalRef                                0x20000e34   Data          24  remotetask.o(.bss)
    data_to_send                             0x20000e63   Data          50  protocol.o(.bss)
    TxBuffer                                 0x20000e95   Data         256  protocol.o(.bss)
    __initial_sp                             0x20001a00   Data           0  startup_stm32f4xx.o(STACK)



==============================================================================

Memory Map of the image

  Image Entry point : 0x08000189

  Load Region LR_IROM1 (Base: 0x08000000, Size: 0x00006730, Max: 0x00200000, ABSOLUTE, COMPRESSED[0x00005edc])

    Execution Region ER_IROM1 (Base: 0x08000000, Size: 0x00005de8, Max: 0x00200000, ABSOLUTE)

    Base Addr    Size         Type   Attr      Idx    E Section Name        Object

    0x08000000   0x00000188   Data   RO         3441    RESET               startup_stm32f4xx.o
    0x08000188   0x00000000   Code   RO         4738  * .ARM.Collect$$$$00000000  mc_w.l(entry.o)
    0x08000188   0x00000004   Code   RO         5055    .ARM.Collect$$$$00000001  mc_w.l(entry2.o)
    0x0800018c   0x00000004   Code   RO         5058    .ARM.Collect$$$$00000004  mc_w.l(entry5.o)
    0x08000190   0x00000000   Code   RO         5060    .ARM.Collect$$$$00000008  mc_w.l(entry7b.o)
    0x08000190   0x00000000   Code   RO         5062    .ARM.Collect$$$$0000000A  mc_w.l(entry8b.o)
    0x08000190   0x00000008   Code   RO         5063    .ARM.Collect$$$$0000000B  mc_w.l(entry9a.o)
    0x08000198   0x00000000   Code   RO         5065    .ARM.Collect$$$$0000000D  mc_w.l(entry10a.o)
    0x08000198   0x00000000   Code   RO         5067    .ARM.Collect$$$$0000000F  mc_w.l(entry11a.o)
    0x08000198   0x00000004   Code   RO         5056    .ARM.Collect$$$$00002712  mc_w.l(entry2.o)
    0x0800019c   0x00000024   Code   RO         3442    .text               startup_stm32f4xx.o
    0x080001c0   0x00000024   Code   RO         4741    .text               mc_w.l(memcpya.o)
    0x080001e4   0x00000022   Code   RO         5012    .text               mf_w.l(dflti.o)
    0x08000206   0x00000026   Code   RO         5016    .text               mf_w.l(f2d.o)
    0x0800022c   0x00000030   Code   RO         5018    .text               mf_w.l(cdrcmple.o)
    0x0800025c   0x0000002c   Code   RO         5070    .text               mc_w.l(uidiv.o)
    0x08000288   0x00000020   Code   RO         5074    .text               mc_w.l(llushr.o)
    0x080002a8   0x00000000   Code   RO         5083    .text               mc_w.l(iusefp.o)
    0x080002a8   0x000000ba   Code   RO         5086    .text               mf_w.l(depilogue.o)
    0x08000362   0x00000002   PAD
    0x08000364   0x00000024   Code   RO         5096    .text               mc_w.l(init.o)
    0x08000388   0x0000001e   Code   RO         5098    .text               mc_w.l(llshl.o)
    0x080003a6   0x00000056   Code   RO         5110    .text               mc_w.l(__dczerorl2.o)
    0x080003fc   0x00000120   Code   RO         4095    i.AppParamInit      iotask.o
    0x0800051c   0x0000001c   Code   RO         4096    i.AppParamSave      iotask.o
    0x08000538   0x000000a0   Code   RO          446    i.BSP_FLASH_GetFlashSector  flash.o
    0x080005d8   0x000000ac   Code   RO          449    i.BSP_FLASH_Write   flash.o
    0x08000684   0x00000064   Code   RO          517    i.BSP_Init          bsp.o
    0x080006e8   0x00000004   Code   RO         3373    i.BusFault_Handler  stm32f4xx_it.o
    0x080006ec   0x000000f4   Code   RO          403    i.CAN1_Config       can1.o
    0x080007e0   0x00000360   Code   RO          404    i.CAN1_RX0_IRQHandler  can1.o
    0x08000b40   0x000000f4   Code   RO          658    i.CAN2_Config       can2.o
    0x08000c34   0x000001c4   Code   RO          659    i.CAN2_RX0_IRQHandler  can2.o
    0x08000df8   0x000000a8   Code   RO         2914    i.CAN_ClearITPendingBit  stm32f4xx_can.o
    0x08000ea0   0x00000108   Code   RO         2918    i.CAN_FilterInit    stm32f4xx_can.o
    0x08000fa8   0x00000120   Code   RO         2920    i.CAN_GetITStatus   stm32f4xx_can.o
    0x080010c8   0x00000012   Code   RO         2924    i.CAN_ITConfig      stm32f4xx_can.o
    0x080010da   0x00000114   Code   RO         2925    i.CAN_Init          stm32f4xx_can.o
    0x080011ee   0x000000f0   Code   RO         2928    i.CAN_Receive       stm32f4xx_can.o
    0x080012de   0x00000126   Code   RO         2933    i.CAN_Transmit      stm32f4xx_can.o
    0x08001404   0x000003ec   Code   RO         3965    i.CMControlLoop     controltask.o
    0x080017f0   0x00000100   Code   RO         4097    i.CalibrateLoop     iotask.o
    0x080018f0   0x00000012   Code   RO         2936    i.CheckITStatus     stm32f4xx_can.o
    0x08001902   0x00000002   PAD
    0x08001904   0x00000048   Code   RO         3966    i.Control_Task      controltask.o
    0x0800194c   0x0000014c   Code   RO         3967    i.ControtLoopTaskInit  controltask.o
    0x08001a98   0x00000016   Code   RO         2725    i.DMA_Cmd           stm32f4xx_dma.o
    0x08001aae   0x00000002   PAD
    0x08001ab0   0x00000158   Code   RO         2726    i.DMA_DeInit        stm32f4xx_dma.o
    0x08001c08   0x00000016   Code   RO         2727    i.DMA_DoubleBufferModeCmd  stm32f4xx_dma.o
    0x08001c1e   0x00000018   Code   RO         2728    i.DMA_DoubleBufferModeConfig  stm32f4xx_dma.o
    0x08001c36   0x00000008   Code   RO         2731    i.DMA_GetCurrDataCounter  stm32f4xx_dma.o
    0x08001c3e   0x00000014   Code   RO         2732    i.DMA_GetCurrentMemoryTarget  stm32f4xx_dma.o
    0x08001c52   0x00000002   PAD
    0x08001c54   0x00000058   Code   RO         2737    i.DMA_Init          stm32f4xx_dma.o
    0x08001cac   0x00000022   Code   RO         2741    i.DMA_StructInit    stm32f4xx_dma.o
    0x08001cce   0x00000002   PAD
    0x08001cd0   0x000000e8   Code   RO         4602    i.Dataframe_Process  protocol.o
    0x08001db8   0x00000002   Code   RO         3374    i.DebugMon_Handler  stm32f4xx_it.o
    0x08001dba   0x00000002   PAD
    0x08001dbc   0x00000028   Code   RO         3685    i.EXTI1_IRQHandler  mpu6500_interrupt.o
    0x08001de4   0x0000000c   Code   RO         2657    i.EXTI_ClearFlag    stm32f4xx_exti.o
    0x08001df0   0x0000000c   Code   RO         2658    i.EXTI_ClearITPendingBit  stm32f4xx_exti.o
    0x08001dfc   0x00000028   Code   RO         2662    i.EXTI_GetITStatus  stm32f4xx_exti.o
    0x08001e24   0x000000d8   Code   RO         3834    i.EncoderProcess    canbustask.o
    0x08001efc   0x00000010   Code   RO          541    i.Encoder_Start     encoder.o
    0x08001f0c   0x00000024   Code   RO         2460    i.FLASH_DataCacheCmd  stm32f4xx_flash.o
    0x08001f30   0x00000088   Code   RO         2463    i.FLASH_EraseSector  stm32f4xx_flash.o
    0x08001fb8   0x00000048   Code   RO         2465    i.FLASH_GetStatus   stm32f4xx_flash.o
    0x08002000   0x00000014   Code   RO         2469    i.FLASH_Lock        stm32f4xx_flash.o
    0x08002014   0x0000004c   Code   RO         2482    i.FLASH_ProgramByte  stm32f4xx_flash.o
    0x08002060   0x00000024   Code   RO         2487    i.FLASH_Unlock      stm32f4xx_flash.o
    0x08002084   0x00000022   Code   RO         2488    i.FLASH_WaitForLastOperation  stm32f4xx_flash.o
    0x080020a6   0x00000002   PAD
    0x080020a8   0x00000064   Code   RO         3968    i.GMPitchControlLoop  controltask.o
    0x0800210c   0x00000034   Code   RO         3969    i.GMYawControlLoop  controltask.o
    0x08002140   0x00000090   Code   RO         2358    i.GPIO_Init         stm32f4xx_gpio.o
    0x080021d0   0x00000046   Code   RO         2359    i.GPIO_PinAFConfig  stm32f4xx_gpio.o
    0x08002216   0x00000004   Code   RO         2365    i.GPIO_ResetBits    stm32f4xx_gpio.o
    0x0800221a   0x00000004   Code   RO         2366    i.GPIO_SetBits      stm32f4xx_gpio.o
    0x0800221e   0x00000012   Code   RO         2367    i.GPIO_StructInit   stm32f4xx_gpio.o
    0x08002230   0x0000000c   Code   RO         4099    i.GetCaliCmdFlagGrp  iotask.o
    0x0800223c   0x0000001a   Code   RO         3835    i.GetEncoderBias    canbustask.o
    0x08002256   0x00000002   PAD
    0x08002258   0x0000000c   Code   RO         4282    i.GetFrictionState  remotetask.o
    0x08002264   0x0000000c   Code   RO         4283    i.GetInputMode      remotetask.o
    0x08002270   0x00000018   Code   RO         4397    i.GetLostCounter    supervisetask.o
    0x08002288   0x000000f8   Code   RO         3617    i.GetPitchYawGxGyGz  imu.o
    0x08002380   0x0000002c   Code   RO          542    i.GetQuadEncoderDiff  encoder.o
    0x080023ac   0x0000007c   Code   RO         4284    i.GetRemoteSwitchAction  remotetask.o
    0x08002428   0x0000000c   Code   RO         4285    i.GetShootState     remotetask.o
    0x08002434   0x0000000c   Code   RO         3970    i.GetWorkState      controltask.o
    0x08002440   0x00000010   Code   RO         4398    i.Get_Lost_Error    supervisetask.o
    0x08002450   0x000000ac   Code   RO         4286    i.GimbalAngleLimit  remotetask.o
    0x080024fc   0x000000a4   Code   RO         4103    i.GimbalCaliProcess  iotask.o
    0x080025a0   0x0000014c   Code   RO         3971    i.GimbalYawControlModeSwitch  controltask.o
    0x080026ec   0x000000e8   Code   RO         4104    i.GyroCaliProcess   iotask.o
    0x080027d4   0x0000004c   Code   RO         3972    i.HANDPID           controltask.o
    0x08002820   0x00000004   Code   RO         3375    i.HardFault_Handler  stm32f4xx_it.o
    0x08002824   0x000000a8   Code   RO         3721    i.IMU_Get_Data      test_imu.o
    0x080028cc   0x000000f2   Code   RO         3722    i.IST8310_Init      test_imu.o
    0x080029be   0x0000003a   Code   RO         3723    i.IST_Reg_Read_By_MPU  test_imu.o
    0x080029f8   0x00000040   Code   RO         3724    i.IST_Reg_Write_By_MPU  test_imu.o
    0x08002a38   0x000002b8   Code   RO         3622    i.Init_Quaternion   imu.o
    0x08002cf0   0x00000018   Code   RO         4106    i.IsCaliCmdFlagSet  iotask.o
    0x08002d08   0x00000100   Code   RO         4287    i.IsRemoteBeingAction  remotetask.o
    0x08002e08   0x00000016   Code   RO         4399    i.Is_Lost_Error_Set  supervisetask.o
    0x08002e1e   0x00000004   Code   RO         4400    i.Is_Serious_Error  supervisetask.o
    0x08002e22   0x00000002   PAD
    0x08002e24   0x00000400   Code   RO         3973    i.Key_Mouse         controltask.o
    0x08003224   0x00000230   Code   RO          204    i.Led_Config        led.o
    0x08003454   0x00000006   Code   RO         4511    i.LostCounterFeed   lost_counter.o
    0x0800345a   0x00000002   PAD
    0x0800345c   0x000001e8   Code   RO         3974    i.MOTORPID          controltask.o
    0x08003644   0x000001f4   Code   RO         3725    i.MPU6050_AverageFilter  test_imu.o
    0x08003838   0x0000007c   Code   RO         3726    i.MPU6050_Init      test_imu.o
    0x080038b4   0x00000048   Code   RO         3727    i.MPU6050_Read_Reg  test_imu.o
    0x080038fc   0x0000005c   Code   RO         3728    i.MPU6050_Read_Regs  test_imu.o
    0x08003958   0x0000003c   Code   RO         3731    i.MPU6050_Write_Reg  test_imu.o
    0x08003994   0x00000084   Code   RO         3732    i.MPU6050_getMotion6  test_imu.o
    0x08003a18   0x0000008c   Code   RO         3733    i.MPU_Auto_Read_IST_config  test_imu.o
    0x08003aa4   0x00000094   Code   RO         4111    i.MagEndCaliProcess  iotask.o
    0x08003b38   0x00000020   Code   RO         4112    i.MagStartCaliProcess  iotask.o
    0x08003b58   0x00000004   Code   RO         3376    i.MemManage_Handler  stm32f4xx_it.o
    0x08003b5c   0x000001d0   Code   RO         4288    i.MouseKeyControlProcess  remotetask.o
    0x08003d2c   0x000000b8   Code   RO         4289    i.MouseShootControl  remotetask.o
    0x08003de4   0x00000002   Code   RO         3377    i.NMI_Handler       stm32f4xx_it.o
    0x08003de6   0x00000002   PAD
    0x08003de8   0x00000078   Code   RO         3325    i.NVIC_Init         misc.o
    0x08003e60   0x00000014   Code   RO         3326    i.NVIC_PriorityGroupConfig  misc.o
    0x08003e74   0x000000d6   Code   RO         4461    i.PID_Calc          pid.o
    0x08003f4a   0x00000002   PAD
    0x08003f4c   0x00000028   Code   RO         4462    i.PID_Reset         pid.o
    0x08003f74   0x00000144   Code   RO         4463    i.POSITION_PID_Calc  pid.o
    0x080040b8   0x00000128   Code   RO          490    i.PWM_Config        gun.o
    0x080041e0   0x00000002   Code   RO         3378    i.PendSV_Handler    stm32f4xx_it.o
    0x080041e2   0x00000002   PAD
    0x080041e4   0x00000020   Code   RO         1800    i.RCC_AHB1PeriphClockCmd  stm32f4xx_rcc.o
    0x08004204   0x00000020   Code   RO         1809    i.RCC_APB1PeriphClockCmd  stm32f4xx_rcc.o
    0x08004224   0x00000020   Code   RO         1811    i.RCC_APB1PeriphResetCmd  stm32f4xx_rcc.o
    0x08004244   0x00000020   Code   RO         1812    i.RCC_APB2PeriphClockCmd  stm32f4xx_rcc.o
    0x08004264   0x00000020   Code   RO         1814    i.RCC_APB2PeriphResetCmd  stm32f4xx_rcc.o
    0x08004284   0x000000e8   Code   RO         1821    i.RCC_GetClocksFreq  stm32f4xx_rcc.o
    0x0800436c   0x0000002a   Code   RO         4546    i.RampCalc          ramp.o
    0x08004396   0x00000002   Code   RO         4547    i.RampInit          ramp.o
    0x08004398   0x00000012   Code   RO         4548    i.RampIsOverflow    ramp.o
    0x080043aa   0x00000006   Code   RO         4549    i.RampResetCounter  ramp.o
    0x080043b0   0x00000004   Code   RO         4550    i.RampSetCounter    ramp.o
    0x080043b4   0x00000004   Code   RO         4551    i.RampSetScale      ramp.o
    0x080043b8   0x000001f0   Code   RO         4290    i.RemoteControlProcess  remotetask.o
    0x080045a8   0x000000e8   Code   RO         4291    i.RemoteDataPrcess  remotetask.o
    0x08004690   0x000000a0   Code   RO         4292    i.RemoteShootControl  remotetask.o
    0x08004730   0x00000068   Code   RO         4293    i.RemoteTaskInit    remotetask.o
    0x08004798   0x00000010   Code   RO         4114    i.ResetCaliCmdFlag  iotask.o
    0x080047a8   0x000000ac   Code   RO          579    i.SPI5_Init         spi.o
    0x08004854   0x00000038   Code   RO          580    i.SPI5_ReadWriteByte  spi.o
    0x0800488c   0x00000018   Code   RO         3455    i.SPI_Cmd           stm32f4xx_spi.o
    0x080048a4   0x00000012   Code   RO         3463    i.SPI_I2S_GetFlagStatus  stm32f4xx_spi.o
    0x080048b6   0x00000006   Code   RO         3466    i.SPI_I2S_ReceiveData  stm32f4xx_spi.o
    0x080048bc   0x00000004   Code   RO         3467    i.SPI_I2S_SendData  stm32f4xx_spi.o
    0x080048c0   0x0000003c   Code   RO         3468    i.SPI_Init          stm32f4xx_spi.o
    0x080048fc   0x00000002   Code   RO         3379    i.SVC_Handler       stm32f4xx_it.o
    0x080048fe   0x00000002   PAD
    0x08004900   0x000000ac   Code   RO         4115    i.Sensor_Offset_Param_Init  iotask.o
    0x080049ac   0x0000000c   Code   RO         4294    i.SetFrictionState  remotetask.o
    0x080049b8   0x0000001c   Code   RO         4118    i.SetGimbalCaliData  iotask.o
    0x080049d4   0x0000005c   Code   RO         3975    i.SetGimbalMotorOutput  controltask.o
    0x08004a30   0x00000020   Code   RO         4119    i.SetGyroCaliData   iotask.o
    0x08004a50   0x00000028   Code   RO         4295    i.SetInputMode      remotetask.o
    0x08004a78   0x0000001c   Code   RO         4120    i.SetMagCaliData    iotask.o
    0x08004a94   0x00000050   Code   RO         4121    i.SetPIDCaliData    iotask.o
    0x08004ae4   0x0000000c   Code   RO         4296    i.SetShootState     remotetask.o
    0x08004af0   0x000000ec   Code   RO          696    i.SetSysClock       system_stm32f4xx.o
    0x08004bdc   0x0000000c   Code   RO         3976    i.SetWorkState      controltask.o
    0x08004be8   0x0000005c   Code   RO         3836    i.Set_CM_Speed      canbustask.o
    0x08004c44   0x00000054   Code   RO         3839    i.Set_GEThand       canbustask.o
    0x08004c98   0x00000052   Code   RO         3841    i.Set_Gimbal_Current  canbustask.o
    0x08004cea   0x00000002   PAD
    0x08004cec   0x00000058   Code   RO         3977    i.ShooterMControlLoop  controltask.o
    0x08004d44   0x00000068   Code   RO          698    i.SystemInit        system_stm32f4xx.o
    0x08004dac   0x0000003c   Code   RO          263    i.TIM2_Config       timer.o
    0x08004de8   0x0000001e   Code   RO          264    i.TIM2_IRQHandler   timer.o
    0x08004e06   0x00000002   PAD
    0x08004e08   0x0000004c   Code   RO          265    i.TIM6_Config       timer.o
    0x08004e54   0x00000028   Code   RO          266    i.TIM6_DAC_IRQHandler  timer.o
    0x08004e7c   0x00000018   Code   RO          983    i.TIM_ARRPreloadConfig  stm32f4xx_tim.o
    0x08004e94   0x00000006   Code   RO          989    i.TIM_ClearFlag     stm32f4xx_tim.o
    0x08004e9a   0x00000006   Code   RO          990    i.TIM_ClearITPendingBit  stm32f4xx_tim.o
    0x08004ea0   0x00000018   Code   RO          995    i.TIM_Cmd           stm32f4xx_tim.o
    0x08004eb8   0x00000022   Code   RO         1016    i.TIM_GetITStatus   stm32f4xx_tim.o
    0x08004eda   0x00000002   PAD
    0x08004edc   0x0000007c   Code   RO         1024    i.TIM_OC1Init       stm32f4xx_tim.o
    0x08004f58   0x00000012   Code   RO         1027    i.TIM_OC1PreloadConfig  stm32f4xx_tim.o
    0x08004f6a   0x00000002   PAD
    0x08004f6c   0x000000a4   Code   RO         1029    i.TIM_OC2Init       stm32f4xx_tim.o
    0x08005010   0x0000001a   Code   RO         1032    i.TIM_OC2PreloadConfig  stm32f4xx_tim.o
    0x0800502a   0x00000002   PAD
    0x0800502c   0x00000084   Code   RO         1067    i.TIM_TimeBaseInit  stm32f4xx_tim.o
    0x080050b0   0x00000140   Code   RO          316    i.USART1_Config     usart1.o
    0x080051f0   0x000000d0   Code   RO          317    i.USART1_IRQHandler  usart1.o
    0x080052c0   0x00000028   Code   RO          616    i.USART2_IRQHandler  usart2.o
    0x080052e8   0x000000ac   Code   RO          349    i.USART3_Config     usart3.o
    0x08005394   0x0000008c   Code   RO          350    i.USART3_IRQHandler  usart3.o
    0x08005420   0x00000018   Code   RO          787    i.USART_Cmd         stm32f4xx_usart.o
    0x08005438   0x00000012   Code   RO          788    i.USART_DMACmd      stm32f4xx_usart.o
    0x0800544a   0x00000002   PAD
    0x0800544c   0x000000b4   Code   RO          789    i.USART_DeInit      stm32f4xx_usart.o
    0x08005500   0x0000001a   Code   RO          790    i.USART_GetFlagStatus  stm32f4xx_usart.o
    0x0800551a   0x00000054   Code   RO          791    i.USART_GetITStatus  stm32f4xx_usart.o
    0x0800556e   0x0000004a   Code   RO          793    i.USART_ITConfig    stm32f4xx_usart.o
    0x080055b8   0x000000d4   Code   RO          794    i.USART_Init        stm32f4xx_usart.o
    0x0800568c   0x00000008   Code   RO          804    i.USART_SendData    stm32f4xx_usart.o
    0x08005694   0x00000018   Code   RO          810    i.USART_StructInit  stm32f4xx_usart.o
    0x080056ac   0x00000004   Code   RO         3380    i.UsageFault_Handler  stm32f4xx_it.o
    0x080056b0   0x000000fc   Code   RO         3978    i.WorkStateFSM      controltask.o
    0x080057ac   0x00000028   Code   RO         3979    i.WorkStateSwitchProcess  controltask.o
    0x080057d4   0x00000020   Code   RO         4790    i.__0printf$1       mc_w.l(printf1.o)
    0x080057f4   0x00000014   Code   RO         4720    i.__hardfp_fabs     m_wm.l(fabs.o)
    0x08005808   0x0000000e   Code   RO         5104    i.__scatterload_copy  mc_w.l(handlers.o)
    0x08005816   0x00000002   Code   RO         5105    i.__scatterload_null  mc_w.l(handlers.o)
    0x08005818   0x0000000e   Code   RO         5106    i.__scatterload_zeroinit  mc_w.l(handlers.o)
    0x08005826   0x00000002   PAD
    0x08005828   0x00000154   Code   RO         4797    i._printf_core      mc_w.l(printf1.o)
    0x0800597c   0x0000001c   Code   RO          232    i.delay_ms          delay.o
    0x08005998   0x00000050   Code   RO         3843    i.forward           canbustask.o
    0x080059e8   0x00000024   Code   RO          353    i.fputc             usart3.o
    0x08005a0c   0x0000004c   Code   RO            4    i.main              main.o
    0x08005a58   0x0000006c   Code   RO         3846    i.nishizhen         canbustask.o
    0x08005ac4   0x00000270   Code   RO         3981    i.remote            controltask.o
    0x08005d34   0x0000006c   Code   RO         3847    i.right_pinyi       canbustask.o
    0x08005da0   0x00000010   Code   RO         3849    i.stop              canbustask.o
    0x08005db0   0x00000018   Data   RO         3735    .constdata          test_imu.o
    0x08005dc8   0x00000020   Data   RO         5102    Region$$Table       anon$$obj.o


    Execution Region RW_IRAM1 (Base: 0x20000000, Size: 0x00001a00, Max: 0x00030000, ABSOLUTE, COMPRESSED[0x000000f4])

    Base Addr    Size         Type   Attr      Idx    E Section Name        Object

    0x20000000   0x00000004   Data   RW          319    .data               usart1.o
    0x20000004   0x00000048   Data   RW          406    .data               can1.o
    0x2000004c   0x00000001   Data   RW          544    .data               encoder.o
    0x2000004d   0x00000001   PAD
    0x2000004e   0x00000004   Data   RW          619    .data               usart2.o
    0x20000052   0x00000002   PAD
    0x20000054   0x00000024   Data   RW          661    .data               can2.o
    0x20000078   0x00000010   Data   RW         1853    .data               stm32f4xx_rcc.o
    0x20000088   0x00000070   Data   RW         3625    .data               imu.o
    0x200000f8   0x00000001   Data   RW         3687    .data               mpu6500_interrupt.o
    0x200000f9   0x00000013   Data   RW         3736    .data               test_imu.o
    0x2000010c   0x000006ce   Data   RW         3983    .data               controltask.o
    0x200007da   0x00000002   PAD
    0x200007dc   0x00000070   Data   RW         4123    .data               iotask.o
    0x2000084c   0x00000080   Data   RW         4298    .data               remotetask.o
    0x200008cc   0x0000003c   Data   RW         4405    .data               supervisetask.o
    0x20000908   0x00000028   Data   RW         4465    .data               pid.o
    0x20000930   0x00000012   Data   RW         4613    .data               protocol.o
    0x20000942   0x00000002   PAD
    0x20000944   0x00000004   Data   RW         5069    .data               mc_w.l(stdout.o)
    0x20000948   0x0000003c   Zero   RW          318    .bss                usart1.o
    0x20000984   0x00000040   Zero   RW          354    .bss                usart3.o
    0x200009c4   0x00000044   Zero   RW          660    .bss                can2.o
    0x20000a08   0x00000040   Zero   RW         3624    .bss                imu.o
    0x20000a48   0x000000f4   Zero   RW         3734    .bss                test_imu.o
    0x20000b3c   0x000001c0   Zero   RW         3850    .bss                canbustask.o
    0x20000cfc   0x00000016   Zero   RW         3982    .bss                controltask.o
    0x20000d12   0x00000107   Zero   RW         4122    .bss                iotask.o
    0x20000e19   0x00000003   PAD
    0x20000e1c   0x00000047   Zero   RW         4297    .bss                remotetask.o
    0x20000e63   0x00000199   Zero   RW         4612    .bss                protocol.o
    0x20000ffc   0x00000004   PAD
    0x20001000   0x00000a00   Zero   RW         3439    STACK               startup_stm32f4xx.o


==============================================================================

Image component sizes


      Code (inc. data)   RO Data    RW Data    ZI Data      Debug   Object Name

       100          6          0          0          0        531   bsp.o
      1108        112          0         72          0       2727   can1.o
       696         88          0         36         68       2260   can2.o
       812         68          0          0        448       6574   canbustask.o
      4600        600          0       1742         22      17308   controltask.o
        28          0          0          0          0        591   delay.o
        60         14          0          1          0       1221   encoder.o
       332         48          0          0          0       2081   flash.o
       296         14          0          0          0        705   gun.o
       944        154          0        112         64       2757   imu.o
      1540        196          0        112        263      13034   iotask.o
       560         22          0          0          0        817   led.o
         6          0          0          0          0        778   lost_counter.o
        76         12          0          0          0     327929   main.o
       140         24          0          0          0       1543   misc.o
        40          6          0          1          0        782   mpu6500_interrupt.o
       578         52          0         40          0       2307   pid.o
       232         20          0         18        409       2084   protocol.o
        76          0          0          0          0       3418   ramp.o
      2292        186          0        128         71      12904   remotetask.o
       228         16          0          0          0       1217   spi.o
        36          8        392          0       2560        832   startup_stm32f4xx.o
      1566         16          0          0          0       6446   stm32f4xx_can.o
       562         26          0          0          0       6064   stm32f4xx_dma.o
        64         18          0          0          0       1705   stm32f4xx_exti.o
       410         42          0          0          0       4504   stm32f4xx_flash.o
       240          0          0          0          0       3425   stm32f4xx_gpio.o
        24          0          0          0          0       3832   stm32f4xx_it.o
       392         48          0         16          0       5853   stm32f4xx_rcc.o
       112          0          0          0          0       3502   stm32f4xx_spi.o
       558         48          0          0          0       6908   stm32f4xx_tim.o
       650         32          0          0          0       6730   stm32f4xx_usart.o
        66         12          0         60          0       3663   supervisetask.o
       340         32          0          0          0     328805   system_stm32f4xx.o
      1652         80         24         19        244       9617   test_imu.o
       206         10          0          0          0       2048   timer.o
       528         40          0          4         60       1828   usart1.o
        40          8          0          4          0       1148   usart2.o
       348         30          0          0         64       2425   usart3.o

    ----------------------------------------------------------------------
     22576       2088        448       2372       4280     802903   Object Totals
         0          0         32          0          0          0   (incl. Generated)
        38          0          0          7          7          0   (incl. Padding)

    ----------------------------------------------------------------------

      Code (inc. data)   RO Data    RW Data    ZI Data      Debug   Library Member Name

        20          0          0          0          0        124   fabs.o
        86          0          0          0          0          0   __dczerorl2.o
         0          0          0          0          0          0   entry.o
         0          0          0          0          0          0   entry10a.o
         0          0          0          0          0          0   entry11a.o
         8          4          0          0          0          0   entry2.o
         4          0          0          0          0          0   entry5.o
         0          0          0          0          0          0   entry7b.o
         0          0          0          0          0          0   entry8b.o
         8          4          0          0          0          0   entry9a.o
        30          0          0          0          0          0   handlers.o
        36          8          0          0          0         68   init.o
         0          0          0          0          0          0   iusefp.o
        30          0          0          0          0         68   llshl.o
        32          0          0          0          0         68   llushr.o
        36          0          0          0          0         68   memcpya.o
       372         14          0          0          0        184   printf1.o
         0          0          0          4          0          0   stdout.o
        44          0          0          0          0         80   uidiv.o
        48          0          0          0          0         68   cdrcmple.o
       186          0          0          0          0        176   depilogue.o
        34          0          0          0          0         76   dflti.o
        38          0          0          0          0         68   f2d.o

    ----------------------------------------------------------------------
      1016         30          0          4          0       1048   Library Totals
         4          0          0          0          0          0   (incl. Padding)

    ----------------------------------------------------------------------

      Code (inc. data)   RO Data    RW Data    ZI Data      Debug   Library Name

        20          0          0          0          0        124   m_wm.l
       686         30          0          4          0        536   mc_w.l
       306          0          0          0          0        388   mf_w.l

    ----------------------------------------------------------------------
      1016         30          0          4          0       1048   Library Totals

    ----------------------------------------------------------------------

==============================================================================


      Code (inc. data)   RO Data    RW Data    ZI Data      Debug   

     23592       2118        448       2376       4280     786719   Grand Totals
     23592       2118        448        244       4280     786719   ELF Image Totals (compressed)
     23592       2118        448        244          0          0   ROM Totals

==============================================================================

    Total RO  Size (Code + RO Data)                24040 (  23.48kB)
    Total RW  Size (RW Data + ZI Data)              6656 (   6.50kB)
    Total ROM Size (Code + RO Data + RW Data)      24284 (  23.71kB)

==============================================================================

