<html>
<body>
<pre>
<h1>礦ision Build Log</h1>
<h2>Tool Versions:</h2>
IDE-Version: μVision V5.18.0.0
Copyright (C) 2016 ARM Ltd and ARM Germany GmbH. All rights reserved.
License Information: 软件安装管家 1162550817@qq.com, Microsoft, LIC=LJWEV-PYXXQ-D1VPR-K7NHW-X1RV2-YKPLG
 
Tool Versions:
Toolchain:       MDK-ARM Professional  Version: 5.18
Toolchain Path:  D:\BaiduNetdiskDownload\keil5\ARM\ARMCC\Bin
C Compiler:      Armcc.exe V5.06 update 1 (build 61)
Assembler:       Armasm.exe V5.06 update 1 (build 61)
Linker/Locator:  ArmLink.exe V5.06 update 1 (build 61)
Library Manager: ArmAr.exe V5.06 update 1 (build 61)
Hex Converter:   FromElf.exe V5.06 update 1 (build 61)
CPU DLL:         SARMCM3.DLL V5.18
Dialog DLL:      DCM.DLL V1.13.6.0
Target DLL:      Segger\JL2CM3.dll V2.99.18.0
Dialog DLL:      TCM.DLL V1.14.8.0
 
<h2>Project:</h2>
D:\控制\19赛季程序\视觉云台\哨兵云台中期形态加注释\RM战车2.0新主控板标准库版\RM战车.uvprojx
Project File Date:  01/09/2020

<h2>Output:</h2>
*** Using Compiler 'V5.06 update 1 (build 61)', folder: 'D:\BaiduNetdiskDownload\keil5\ARM\ARMCC\Bin'
Build target 'Target 1'
compiling main.c...
USER\main.c(282): warning:  #1-D: last line of file ends without a newline
  }
USER\main.c(49): warning:  #177-D: variable "manifold_x_old" was declared but never referenced
  	float manifold_x_old=0;   //   172  233  232-172    120
USER\main.c(50): warning:  #177-D: variable "common_i" was declared but never referenced
  	int common_i=0;
USER\main.c: 3 warnings, 0 errors
linking...
Program Size: Code=24176 RO-data=688 RW-data=1728 ZI-data=3968  
FromELF: creating hex file...
".\Objects\RM战车.axf" - 0 Error(s), 3 Warning(s).

<h2>Software Packages used:</h2>

Package Vendor: ARM
                http://www.keil.com/pack/ARM.CMSIS.4.5.0.pack
                ARM::CMSIS:CORE:4.3.0
                CMSIS (Cortex Microcontroller Software Interface Standard)
   * Component: CORE Version: 4.3.0

<h2>Collection of Component include folders:</h2>
  D:\控制\19赛季程序\视觉云台\哨兵云台中期形态加注释\RM战车2.0新主控板标准库版\RTE
  D:\BaiduNetdiskDownload\keil5\ARM\PACK\ARM\CMSIS\4.5.0\CMSIS\Include
  D:\BaiduNetdiskDownload\keil5\ARM\PACK\Keil\STM32F4xx_DFP\2.14.0\Drivers\CMSIS\Device\ST\STM32F4xx\Include

<h2>Collection of Component Files used:</h2>

   * Component: ARM::CMSIS:CORE:4.3.0
Build Time Elapsed:  00:00:02
</pre>
</body>
</html>
