<html>
<body>
<pre>
<h1>礦ision Build Log</h1>
<h2>Tool Versions:</h2>
IDE-Version: μVision V5.14.0.0
Copyright (C) 2015 ARM Ltd and ARM Germany GmbH. All rights reserved.
License Information: 454 Windows, HP Inc., LIC=32BNN-YYMEE-2LGCT-R38NC-JMC3E-FW9HN
 
Tool Versions:
Toolchain:       MDK-ARM Standard  Version: 5.14.0.0
Toolchain Path:  D:\ARM\ARMCC\Bin
C Compiler:      Armcc.exe V5.05 update 1 (build 106)
Assembler:       Armasm.exe V5.05 update 1 (build 106)
Linker/Locator:  ArmLink.exe V5.05 update 1 (build 106)
Library Manager: ArmAr.exe V5.05 update 1 (build 106)
Hex Converter:   FromElf.exe V5.05 update 1 (build 106)
CPU DLL:         SARMCM3.DLL V5.14.0.0
Dialog DLL:      DCM.DLL V1.13.1.0
Target DLL:      Segger\JL2CM3.dll V2.99.13.0
Dialog DLL:      TCM.DLL V1.14.4.0
 
<h2>Project:</h2>
C:\Users\hp\Desktop\中期形态\英雄中期完整版注释\RM战车.uvprojx
Project File Date:  01/10/2020

<h2>Output:</h2>
Build target 'Target 1'
compiling main.c...
compiling led.c...
compiling delay.c...
compiling timer.c...
BSP\timer.c(72): warning:  #111-D: statement is unreachable
                TIM_ClearITPendingBit(TIM6,TIM_IT_Update);
BSP\timer.c: 1 warning, 0 errors
compiling usart1.c...
compiling usart3.c...
compiling can1.c...
BSP\can1.c(137): warning:  #1035-D: single-precision operand implicitly converted to double-precision
                                shiji_current[Std-0x201]=current/16384.0*20.0;
BSP\can1.c(140): warning:  #1035-D: single-precision operand implicitly converted to double-precision
                        power_fdb=dianliu*24.0;
BSP\can1.c(222): warning:  #177-D: variable "n" was declared but never referenced
                                        int n;//转子圈数
BSP\can1.c(234): warning:  #177-D: variable "n" was declared but never referenced
                                        int n;//转子圈数
BSP\can1.c(249): warning:  #1-D: last line of file ends without a newline
        return(val/(I_Max-I_Min)*(O_Max-O_Min) + O_Min);}
BSP\can1.c: 5 warnings, 0 errors
compiling flash.c...
compiling gun.c...
compiling bsp.c...
compiling encoder.c...
compiling spi.c...
compiling usart2.c...
compiling oscilloscope.c...
compiling can2.c...
compiling system_stm32f4xx.c...
compiling stm32f4xx_usart.c...
compiling stm32f4xx_tim.c...
compiling stm32f4xx_syscfg.c...
compiling stm32f4xx_sdio.c...
compiling stm32f4xx_rcc.c...
compiling stm32f4xx_i2c.c...
compiling stm32f4xx_gpio.c...
compiling stm32f4xx_flash.c...
compiling stm32f4xx_exti.c...
compiling stm32f4xx_dma.c...
compiling stm32f4xx_crc.c...
compiling stm32f4xx_can.c...
compiling stm32f4xx_adc.c...
compiling misc.c...
compiling stm32f4xx_it.c...
assembling startup_stm32f4xx.s...
compiling stm32f4xx_spi.c...
compiling imu.c...
MPU6050\imu.c(49): warning:  #177-D: variable "hz" was declared but never referenced
        int16_t hx,hy,hz;
MPU6050\imu.c: 1 warning, 0 errors
compiling mpu6500_interrupt.c...
compiling test_imu.c...
compiling CanBusTask.c...
compiling ControlTask.c...
Task\ControlTask.c(461): warning:  #223-D: function "abs" declared implicitly
                 total_current=abs(CM1SpeedPID.output)+abs(CM2SpeedPID.output)+abs(CM3SpeedPID.output)+abs(CM4SpeedPID.output);
Task\ControlTask.c(484): warning:  #223-D: function "nishizhen" declared implicitly
                                nishizhen(speed);
Task\ControlTask.c(928): warning:  #1035-D: single-precision operand implicitly converted to double-precision
        Key_mouse.ch3=RC_CH3 + Key_Ctl_CH3 * Forward_Backword_Value/0.8;                        //ch3
Task\ControlTask.c: 3 warnings, 0 errors
compiling IOTask.c...
compiling RemoteTask.c...
compiling SuperviseTask.c...
compiling PID.c...
Task\PID.c(46): warning:  #550-D: parameter "i" was set but never used
                void xxx(int i)
Task\PID.c: 1 warning, 0 errors
compiling lost_counter.c...
compiling Ramp.c...
compiling Protocol.c...
compiling LBpid.c...
linking...
Program Size: Code=27220 RO-data=692 RW-data=2124 ZI-data=3596  
FromELF: creating hex file...
".\Objects\RM战车.axf" - 0 Error(s), 11 Warning(s).

<h2>Software Packages used:</h2>

Package Vendor: ARM
                http://www.keil.com/pack/ARM.CMSIS.4.2.0.pack
                ARM::CMSIS:CORE:3.40.0
                CMSIS (Cortex Microcontroller Software Interface Standard)
   * Component: CORE Version: 3.40.0

<h2>Collection of Component include folders:</h2>
  C:\Users\hp\Desktop\中期形态\英雄中期完整版注释\RTE
  D:\ARM\PACK\ARM\CMSIS\4.2.0\CMSIS\Include
  D:\ARM\PACK\Keil\STM32F4xx_DFP\2.13.0

<h2>Collection of Component Files used:</h2>

   * Component: ARM::CMSIS:CORE:3.40.0
      Source file:   CMSIS\UserCodeTemplates\ARM\ITM_Retarget.c
</pre>
</body>
</html>
