Component: ARM Compiler 5.06 update 3 (build 300) Tool: armlink [4d35c9]

==============================================================================

Section Cross References

    main.o(i.main) refers to bsp.o(i.BSP_Init) for BSP_Init
    main.o(i.main) refers to gun.o(i.PWM_Config) for PWM_Config
    main.o(i.main) refers to pid.o(i.PID_Reset) for PID_Reset
    main.o(i.main) refers to door.o(i.DOOR_Init) for DOOR_Init
    main.o(i.main) refers to delay.o(i.delay_ms) for delay_ms
    main.o(i.main) refers to stm32f4xx_gpio.o(i.GPIO_SetBits) for GPIO_SetBits
    main.o(i.main) refers to controltask.o(i.remote) for remote
    main.o(i.main) refers to controltask.o(.data) for GMPPositionPID
    led.o(i.Led_Config) refers to stm32f4xx_rcc.o(i.RCC_AHB1PeriphClockCmd) for RCC_AHB1PeriphClockCmd
    led.o(i.Led_Config) refers to stm32f4xx_gpio.o(i.GPIO_Init) for GPIO_Init
    led.o(i.Led_Config) refers to stm32f4xx_gpio.o(i.GPIO_SetBits) for GPIO_SetBits
    timer.o(i.TIM2_Config) refers to stm32f4xx_rcc.o(i.RCC_APB1PeriphClockCmd) for RCC_APB1PeriphClockCmd
    timer.o(i.TIM2_Config) refers to stm32f4xx_tim.o(i.TIM_TimeBaseInit) for TIM_TimeBaseInit
    timer.o(i.TIM2_Config) refers to stm32f4xx_tim.o(i.TIM_ARRPreloadConfig) for TIM_ARRPreloadConfig
    timer.o(i.TIM2_Config) refers to misc.o(i.NVIC_Init) for NVIC_Init
    timer.o(i.TIM2_IRQHandler) refers to stm32f4xx_tim.o(i.TIM_GetITStatus) for TIM_GetITStatus
    timer.o(i.TIM2_IRQHandler) refers to timer.o(i.TIM2_Stop) for TIM2_Stop
    timer.o(i.TIM2_IRQHandler) refers to stm32f4xx_tim.o(i.TIM_ClearITPendingBit) for TIM_ClearITPendingBit
    timer.o(i.TIM2_IRQHandler) refers to stm32f4xx_tim.o(i.TIM_ClearFlag) for TIM_ClearFlag
    timer.o(i.TIM2_IRQHandler) refers to controltask.o(.data) for mix
    timer.o(i.TIM2_Start) refers to stm32f4xx_tim.o(i.TIM_ClearFlag) for TIM_ClearFlag
    timer.o(i.TIM2_Start) refers to stm32f4xx_tim.o(i.TIM_ITConfig) for TIM_ITConfig
    timer.o(i.TIM2_Start) refers to stm32f4xx_tim.o(i.TIM_Cmd) for TIM_Cmd
    timer.o(i.TIM2_Stop) refers to stm32f4xx_tim.o(i.TIM_Cmd) for TIM_Cmd
    timer.o(i.TIM2_Stop) refers to stm32f4xx_tim.o(i.TIM_ITConfig) for TIM_ITConfig
    timer.o(i.TIM2_Stop) refers to stm32f4xx_tim.o(i.TIM_SetCounter) for TIM_SetCounter
    timer.o(i.TIM2_Stop) refers to stm32f4xx_tim.o(i.TIM_ClearFlag) for TIM_ClearFlag
    timer.o(i.TIM2_Stop) refers to stm32f4xx_tim.o(i.TIM_ClearITPendingBit) for TIM_ClearITPendingBit
    timer.o(i.TIM6_Config) refers to stm32f4xx_rcc.o(i.RCC_APB1PeriphClockCmd) for RCC_APB1PeriphClockCmd
    timer.o(i.TIM6_Config) refers to misc.o(i.NVIC_Init) for NVIC_Init
    timer.o(i.TIM6_Config) refers to stm32f4xx_tim.o(i.TIM_TimeBaseInit) for TIM_TimeBaseInit
    timer.o(i.TIM6_DAC_IRQHandler) refers to stm32f4xx_tim.o(i.TIM_GetITStatus) for TIM_GetITStatus
    timer.o(i.TIM6_DAC_IRQHandler) refers to stm32f4xx_tim.o(i.TIM_ClearITPendingBit) for TIM_ClearITPendingBit
    timer.o(i.TIM6_DAC_IRQHandler) refers to stm32f4xx_tim.o(i.TIM_ClearFlag) for TIM_ClearFlag
    timer.o(i.TIM6_Start) refers to stm32f4xx_tim.o(i.TIM_Cmd) for TIM_Cmd
    timer.o(i.TIM6_Start) refers to stm32f4xx_tim.o(i.TIM_ITConfig) for TIM_ITConfig
    timer.o(i.TIM6_Start) refers to stm32f4xx_tim.o(i.TIM_ClearFlag) for TIM_ClearFlag
    timer.o(i.TIM6_Stop) refers to stm32f4xx_tim.o(i.TIM_Cmd) for TIM_Cmd
    timer.o(i.TIM6_Stop) refers to stm32f4xx_tim.o(i.TIM_ITConfig) for TIM_ITConfig
    timer.o(i.TIM6_Stop) refers to stm32f4xx_tim.o(i.TIM_ClearFlag) for TIM_ClearFlag
    usart1.o(i.USART1_Config) refers to stm32f4xx_rcc.o(i.RCC_AHB1PeriphClockCmd) for RCC_AHB1PeriphClockCmd
    usart1.o(i.USART1_Config) refers to stm32f4xx_rcc.o(i.RCC_APB2PeriphClockCmd) for RCC_APB2PeriphClockCmd
    usart1.o(i.USART1_Config) refers to stm32f4xx_gpio.o(i.GPIO_PinAFConfig) for GPIO_PinAFConfig
    usart1.o(i.USART1_Config) refers to stm32f4xx_gpio.o(i.GPIO_StructInit) for GPIO_StructInit
    usart1.o(i.USART1_Config) refers to stm32f4xx_gpio.o(i.GPIO_Init) for GPIO_Init
    usart1.o(i.USART1_Config) refers to stm32f4xx_usart.o(i.USART_DeInit) for USART_DeInit
    usart1.o(i.USART1_Config) refers to stm32f4xx_usart.o(i.USART_StructInit) for USART_StructInit
    usart1.o(i.USART1_Config) refers to stm32f4xx_usart.o(i.USART_Init) for USART_Init
    usart1.o(i.USART1_Config) refers to stm32f4xx_usart.o(i.USART_DMACmd) for USART_DMACmd
    usart1.o(i.USART1_Config) refers to stm32f4xx_dma.o(i.DMA_DeInit) for DMA_DeInit
    usart1.o(i.USART1_Config) refers to stm32f4xx_dma.o(i.DMA_StructInit) for DMA_StructInit
    usart1.o(i.USART1_Config) refers to stm32f4xx_dma.o(i.DMA_Init) for DMA_Init
    usart1.o(i.USART1_Config) refers to stm32f4xx_dma.o(i.DMA_DoubleBufferModeConfig) for DMA_DoubleBufferModeConfig
    usart1.o(i.USART1_Config) refers to stm32f4xx_dma.o(i.DMA_DoubleBufferModeCmd) for DMA_DoubleBufferModeCmd
    usart1.o(i.USART1_Config) refers to stm32f4xx_dma.o(i.DMA_Cmd) for DMA_Cmd
[...]
    Task\\Protocol.c                         0x00000000   Number         0  protocol.o ABSOLUTE
    Task\\Ramp.c                             0x00000000   Number         0  ramp.o ABSOLUTE
    Task\\RemoteTask.c                       0x00000000   Number         0  remotetask.o ABSOLUTE
    Task\\SuperviseTask.c                    0x00000000   Number         0  supervisetask.o ABSOLUTE
    Task\\lost_counter.c                     0x00000000   Number         0  lost_counter.o ABSOLUTE
    Task\lost_counter.c                      0x00000000   Number         0  lost_counter.o ABSOLUTE
    USER\\main.c                             0x00000000   Number         0  main.o ABSOLUTE
    USER\main.c                              0x00000000   Number         0  main.o ABSOLUTE
    cdcmple.s                                0x00000000   Number         0  cdcmple.o ABSOLUTE
    cdrcmple.s                               0x00000000   Number         0  cdrcmple.o ABSOLUTE
    dc.s                                     0x00000000   Number         0  dc.o ABSOLUTE
    handlers.s                               0x00000000   Number         0  handlers.o ABSOLUTE
    init.s                                   0x00000000   Number         0  init.o ABSOLUTE
    RESET                                    0x08000000   Section      392  startup_stm32f4xx.o(RESET)
    .ARM.Collect$$$$00000000                 0x08000188   Section        0  entry.o(.ARM.Collect$$$$00000000)
    .ARM.Collect$$$$00000001                 0x08000188   Section        4  entry2.o(.ARM.Collect$$$$00000001)
    .ARM.Collect$$$$00000004                 0x0800018c   Section        4  entry5.o(.ARM.Collect$$$$00000004)
    .ARM.Collect$$$$00000008                 0x08000190   Section        0  entry7b.o(.ARM.Collect$$$$00000008)
    .ARM.Collect$$$$0000000A                 0x08000190   Section        0  entry8b.o(.ARM.Collect$$$$0000000A)
    .ARM.Collect$$$$0000000B                 0x08000190   Section        8  entry9a.o(.ARM.Collect$$$$0000000B)
    .ARM.Collect$$$$0000000D                 0x08000198   Section        0  entry10a.o(.ARM.Collect$$$$0000000D)
    .ARM.Collect$$$$0000000F                 0x08000198   Section        0  entry11a.o(.ARM.Collect$$$$0000000F)
    .ARM.Collect$$$$00002712                 0x08000198   Section        4  entry2.o(.ARM.Collect$$$$00002712)
    __lit__00000000                          0x08000198   Data           4  entry2.o(.ARM.Collect$$$$00002712)
    .text                                    0x0800019c   Section       36  startup_stm32f4xx.o(.text)
    $v0                                      0x0800019c   Number         0  startup_stm32f4xx.o(.text)
    .text                                    0x080001c0   Section        0  memcpya.o(.text)
    .text                                    0x080001e4   Section        0  uidiv.o(.text)
    .text                                    0x08000210   Section       36  init.o(.text)
    .text                                    0x08000234   Section        0  __dczerorl2.o(.text)
    i.Arcoss_Vice                            0x0800028a   Section        0  canbustask.o(i.Arcoss_Vice)
    i.BSP_Init                               0x080002e8   Section        0  bsp.o(i.BSP_Init)
    i.BusFault_Handler                       0x0800036c   Section        0  stm32f4xx_it.o(i.BusFault_Handler)
    i.CAN1_Config                            0x08000370   Section        0  can1.o(i.CAN1_Config)
    i.CAN1_RX0_IRQHandler                    0x08000464   Section        0  can1.o(i.CAN1_RX0_IRQHandler)
    i.CAN2_Config                            0x080007c4   Section        0  can2.o(i.CAN2_Config)
    i.CAN2_RX0_IRQHandler                    0x080008b8   Section        0  can2.o(i.CAN2_RX0_IRQHandler)
    i.CAN_ClearITPendingBit                  0x08000a7c   Section        0  stm32f4xx_can.o(i.CAN_ClearITPendingBit)
    i.CAN_FilterInit                         0x08000b24   Section        0  stm32f4xx_can.o(i.CAN_FilterInit)
    i.CAN_GetITStatus                        0x08000c2c   Section        0  stm32f4xx_can.o(i.CAN_GetITStatus)
    i.CAN_ITConfig                           0x08000d4c   Section        0  stm32f4xx_can.o(i.CAN_ITConfig)
    i.CAN_Init                               0x08000d5e   Section        0  stm32f4xx_can.o(i.CAN_Init)
    i.CAN_Receive                            0x08000e72   Section        0  stm32f4xx_can.o(i.CAN_Receive)
    i.CAN_Transmit                           0x08000f62   Section        0  stm32f4xx_can.o(i.CAN_Transmit)
    i.CheckITStatus                          0x08001088   Section        0  stm32f4xx_can.o(i.CheckITStatus)
    CheckITStatus                            0x08001089   Thumb Code    18  stm32f4xx_can.o(i.CheckITStatus)
    i.DMA_Cmd                                0x0800109a   Section        0  stm32f4xx_dma.o(i.DMA_Cmd)
    i.DMA_DeInit                             0x080010b0   Section        0  stm32f4xx_dma.o(i.DMA_DeInit)
    i.DMA_DoubleBufferModeCmd                0x08001208   Section        0  stm32f4xx_dma.o(i.DMA_DoubleBufferModeCmd)
    i.DMA_DoubleBufferModeConfig             0x0800121e   Section        0  stm32f4xx_dma.o(i.DMA_DoubleBufferModeConfig)
    i.DMA_GetCurrDataCounter                 0x08001236   Section        0  stm32f4xx_dma.o(i.DMA_GetCurrDataCounter)
    i.DMA_GetCurrentMemoryTarget             0x0800123e   Section        0  stm32f4xx_dma.o(i.DMA_GetCurrentMemoryTarget)
    i.DMA_Init                               0x08001254   Section        0  stm32f4xx_dma.o(i.DMA_Init)
    i.DMA_StructInit                         0x080012ac   Section        0  stm32f4xx_dma.o(i.DMA_StructInit)
    i.DOOR_Init                              0x080012d0   Section        0  door.o(i.DOOR_Init)
    i.Dataframe_Process                      0x0800141c   Section        0  protocol.o(i.Dataframe_Process)
    i.DebugMon_Handler                       0x08001504   Section        0  stm32f4xx_it.o(i.DebugMon_Handler)
    i.EXTI0_IRQHandler                       0x08001508   Section        0  exti.o(i.EXTI0_IRQHandler)
    i.EXTI15_10_IRQHandler                   0x08001524   Section        0  exti.o(i.EXTI15_10_IRQHandler)
    i.EXTI3_IRQHandler                       0x08001544   Section        0  exti.o(i.EXTI3_IRQHandler)
    i.EXTI9_5_IRQHandler                     0x08001560   Section        0  exti.o(i.EXTI9_5_IRQHandler)
    i.EXTI_ClearITPendingBit                 0x08001588   Section        0  stm32f4xx_exti.o(i.EXTI_ClearITPendingBit)
    i.EXTI_GetITStatus                       0x08001594   Section        0  stm32f4xx_exti.o(i.EXTI_GetITStatus)
    i.EXTI_Init                              0x080015bc   Section        0  stm32f4xx_exti.o(i.EXTI_Init)
    i.EncoderProcess                         0x08001650   Section        0  canbustask.o(i.EncoderProcess)
    i.Encoder_Start                          0x080016f8   Section        0  encoder.o(i.Encoder_Start)
    i.Exti_Configuration                     0x08001708   Section        0  exti.o(i.Exti_Configuration)
    i.GPIO_Init                              0x0800182e   Section        0  stm32f4xx_gpio.o(i.GPIO_Init)
    i.GPIO_PinAFConfig                       0x080018be   Section        0  stm32f4xx_gpio.o(i.GPIO_PinAFConfig)
    i.GPIO_ResetBits                         0x08001904   Section        0  stm32f4xx_gpio.o(i.GPIO_ResetBits)
    i.GPIO_SetBits                           0x08001908   Section        0  stm32f4xx_gpio.o(i.GPIO_SetBits)
    i.GPIO_StructInit                        0x0800190c   Section        0  stm32f4xx_gpio.o(i.GPIO_StructInit)
    i.GetEncoderBias                         0x0800191e   Section        0  canbustask.o(i.GetEncoderBias)
    i.GetInputMode                           0x08001938   Section        0  remotetask.o(i.GetInputMode)
    i.GetLostCounter                         0x08001944   Section        0  supervisetask.o(i.GetLostCounter)
    i.GetRemoteSwitchAction                  0x0800195c   Section        0  remotetask.o(i.GetRemoteSwitchAction)
    i.GetWorkState                           0x080019d8   Section        0  controltask.o(i.GetWorkState)
    i.GimbalAngleLimit                       0x080019e4   Section        0  remotetask.o(i.GimbalAngleLimit)
    i.HANDPID                                0x08001a90   Section        0  controltask.o(i.HANDPID)
    i.HardFault_Handler                      0x08001adc   Section        0  stm32f4xx_it.o(i.HardFault_Handler)
    i.IST8310_Init                           0x08001ae0   Section        0  test_imu.o(i.IST8310_Init)
    i.IST_Reg_Read_By_MPU                    0x08001bd2   Section        0  test_imu.o(i.IST_Reg_Read_By_MPU)
    IST_Reg_Read_By_MPU                      0x08001bd3   Thumb Code    58  test_imu.o(i.IST_Reg_Read_By_MPU)
    i.IST_Reg_Write_By_MPU                   0x08001c0c   Section        0  test_imu.o(i.IST_Reg_Write_By_MPU)
    IST_Reg_Write_By_MPU                     0x08001c0d   Thumb Code    64  test_imu.o(i.IST_Reg_Write_By_MPU)
    i.Key_Mouse                              0x08001c4c   Section        0  controltask.o(i.Key_Mouse)
    i.Led_Config                             0x0800204c   Section        0  led.o(i.Led_Config)
    i.LostCounterFeed                        0x0800213c   Section        0  lost_counter.o(i.LostCounterFeed)
    i.MOTORPID                               0x08002144   Section        0  controltask.o(i.MOTORPID)
    i.MPU6050_Init                           0x0800232c   Section        0  test_imu.o(i.MPU6050_Init)
    i.MPU6050_Read_Reg                       0x080023a8   Section        0  test_imu.o(i.MPU6050_Read_Reg)
    i.MPU6050_Write_Reg                      0x080023f0   Section        0  test_imu.o(i.MPU6050_Write_Reg)
    i.MPU_Auto_Read_IST_config               0x0800242c   Section        0  test_imu.o(i.MPU_Auto_Read_IST_config)
    MPU_Auto_Read_IST_config                 0x0800242d   Thumb Code   140  test_imu.o(i.MPU_Auto_Read_IST_config)
    i.MemManage_Handler                      0x080024b8   Section        0  stm32f4xx_it.o(i.MemManage_Handler)
    i.MouseKeyControlProcess                 0x080024bc   Section        0  remotetask.o(i.MouseKeyControlProcess)
    i.MouseShootControl                      0x0800268c   Section        0  remotetask.o(i.MouseShootControl)
    i.NMI_Handler                            0x08002744   Section        0  stm32f4xx_it.o(i.NMI_Handler)
    i.NVIC_Init                              0x08002748   Section        0  misc.o(i.NVIC_Init)
    i.NVIC_PriorityGroupConfig               0x080027c0   Section        0  misc.o(i.NVIC_PriorityGroupConfig)
    i.PID_Calc                               0x080027d4   Section        0  pid.o(i.PID_Calc)
    i.PID_Reset                              0x080028ac   Section        0  pid.o(i.PID_Reset)
    i.POSITION_PID_Calc                      0x080028d4   Section        0  pid.o(i.POSITION_PID_Calc)
    i.PWM_Config                             0x08002a18   Section        0  gun.o(i.PWM_Config)
    i.PendSV_Handler                         0x08002b40   Section        0  stm32f4xx_it.o(i.PendSV_Handler)
    i.RCC_AHB1PeriphClockCmd                 0x08002b44   Section        0  stm32f4xx_rcc.o(i.RCC_AHB1PeriphClockCmd)
    i.RCC_APB1PeriphClockCmd                 0x08002b64   Section        0  stm32f4xx_rcc.o(i.RCC_APB1PeriphClockCmd)
    i.RCC_APB1PeriphResetCmd                 0x08002b84   Section        0  stm32f4xx_rcc.o(i.RCC_APB1PeriphResetCmd)
    i.RCC_APB2PeriphClockCmd                 0x08002ba4   Section        0  stm32f4xx_rcc.o(i.RCC_APB2PeriphClockCmd)
    i.RCC_APB2PeriphResetCmd                 0x08002bc4   Section        0  stm32f4xx_rcc.o(i.RCC_APB2PeriphResetCmd)
    i.RCC_GetClocksFreq                      0x08002be4   Section        0  stm32f4xx_rcc.o(i.RCC_GetClocksFreq)
    i.RampCalc                               0x08002ccc   Section        0  ramp.o(i.RampCalc)
    i.RampInit                               0x08002cf6   Section        0  ramp.o(i.RampInit)
    i.RampIsOverflow                         0x08002cf8   Section        0  ramp.o(i.RampIsOverflow)
    i.RampResetCounter                       0x08002d0a   Section        0  ramp.o(i.RampResetCounter)
    i.RampSetCounter                         0x08002d10   Section        0  ramp.o(i.RampSetCounter)
    i.RampSetScale                           0x08002d14   Section        0  ramp.o(i.RampSetScale)
    i.RemoteControlProcess                   0x08002d18   Section        0  remotetask.o(i.RemoteControlProcess)
    i.RemoteDataPrcess                       0x08002f08   Section        0  remotetask.o(i.RemoteDataPrcess)
    i.RemoteShootControl                     0x08002ff0   Section        0  remotetask.o(i.RemoteShootControl)
    i.SPI5_Init                              0x08003090   Section        0  spi.o(i.SPI5_Init)
    i.SPI5_ReadWriteByte                     0x0800313c   Section        0  spi.o(i.SPI5_ReadWriteByte)
    i.SPI_Cmd                                0x08003174   Section        0  stm32f4xx_spi.o(i.SPI_Cmd)
    i.SPI_I2S_GetFlagStatus                  0x0800318c   Section        0  stm32f4xx_spi.o(i.SPI_I2S_GetFlagStatus)
    i.SPI_I2S_ReceiveData                    0x0800319e   Section        0  stm32f4xx_spi.o(i.SPI_I2S_ReceiveData)
    i.SPI_I2S_SendData                       0x080031a4   Section        0  stm32f4xx_spi.o(i.SPI_I2S_SendData)
    i.SPI_Init                               0x080031a8   Section        0  stm32f4xx_spi.o(i.SPI_Init)
    i.SVC_Handler                            0x080031e4   Section        0  stm32f4xx_it.o(i.SVC_Handler)
    i.SYSCFG_EXTILineConfig                  0x080031e8   Section        0  stm32f4xx_syscfg.o(i.SYSCFG_EXTILineConfig)
    i.SetInputMode                           0x08003228   Section        0  remotetask.o(i.SetInputMode)
    i.SetShootState                          0x08003250   Section        0  remotetask.o(i.SetShootState)
    i.SetSysClock                            0x0800325c   Section        0  system_stm32f4xx.o(i.SetSysClock)
    SetSysClock                              0x0800325d   Thumb Code   220  system_stm32f4xx.o(i.SetSysClock)
    i.Set_CM_Speed                           0x08003348   Section        0  canbustask.o(i.Set_CM_Speed)
    i.Set_GEThand                            0x080033a4   Section        0  canbustask.o(i.Set_GEThand)
    i.SystemInit                             0x080033f8   Section        0  system_stm32f4xx.o(i.SystemInit)
    i.TIM2_IRQHandler                        0x08003460   Section        0  timer.o(i.TIM2_IRQHandler)
    i.TIM2_Stop                              0x080034a0   Section        0  timer.o(i.TIM2_Stop)
    i.TIM6_Config                            0x080034d8   Section        0  timer.o(i.TIM6_Config)
    i.TIM6_DAC_IRQHandler                    0x08003524   Section        0  timer.o(i.TIM6_DAC_IRQHandler)
    i.TIM_ARRPreloadConfig                   0x08003548   Section        0  stm32f4xx_tim.o(i.TIM_ARRPreloadConfig)
    i.TIM_ClearFlag                          0x08003560   Section        0  stm32f4xx_tim.o(i.TIM_ClearFlag)
    i.TIM_ClearITPendingBit                  0x08003566   Section        0  stm32f4xx_tim.o(i.TIM_ClearITPendingBit)
    i.TIM_Cmd                                0x0800356c   Section        0  stm32f4xx_tim.o(i.TIM_Cmd)
    i.TIM_GetITStatus                        0x08003584   Section        0  stm32f4xx_tim.o(i.TIM_GetITStatus)
    i.TIM_ITConfig                           0x080035a6   Section        0  stm32f4xx_tim.o(i.TIM_ITConfig)
    i.TIM_OC1Init                            0x080035b8   Section        0  stm32f4xx_tim.o(i.TIM_OC1Init)
    i.TIM_OC1PreloadConfig                   0x08003634   Section        0  stm32f4xx_tim.o(i.TIM_OC1PreloadConfig)
    i.TIM_OC2Init                            0x08003648   Section        0  stm32f4xx_tim.o(i.TIM_OC2Init)
    i.TIM_OC2PreloadConfig                   0x080036ec   Section        0  stm32f4xx_tim.o(i.TIM_OC2PreloadConfig)
    i.TIM_SetCounter                         0x08003706   Section        0  stm32f4xx_tim.o(i.TIM_SetCounter)
    i.TIM_TimeBaseInit                       0x0800370c   Section        0  stm32f4xx_tim.o(i.TIM_TimeBaseInit)
    i.USART1_Config                          0x08003790   Section        0  usart1.o(i.USART1_Config)
    i.USART1_IRQHandler                      0x080038d0   Section        0  usart1.o(i.USART1_IRQHandler)
    i.USART2_IRQHandler                      0x080039a0   Section        0  usart2.o(i.USART2_IRQHandler)
    i.USART3_Config                          0x080039c8   Section        0  usart3.o(i.USART3_Config)
    i.USART3_IRQHandler                      0x08003a74   Section        0  usart3.o(i.USART3_IRQHandler)
    i.USART_Cmd                              0x08003b00   Section        0  stm32f4xx_usart.o(i.USART_Cmd)
    i.USART_DMACmd                           0x08003b18   Section        0  stm32f4xx_usart.o(i.USART_DMACmd)
    i.USART_DeInit                           0x08003b2c   Section        0  stm32f4xx_usart.o(i.USART_DeInit)
    i.USART_GetFlagStatus                    0x08003be0   Section        0  stm32f4xx_usart.o(i.USART_GetFlagStatus)
    i.USART_GetITStatus                      0x08003bfa   Section        0  stm32f4xx_usart.o(i.USART_GetITStatus)
    i.USART_ITConfig                         0x08003c4e   Section        0  stm32f4xx_usart.o(i.USART_ITConfig)
    i.USART_Init                             0x08003c98   Section        0  stm32f4xx_usart.o(i.USART_Init)
    i.USART_SendData                         0x08003d6c   Section        0  stm32f4xx_usart.o(i.USART_SendData)
    i.USART_StructInit                       0x08003d74   Section        0  stm32f4xx_usart.o(i.USART_StructInit)
    i.UsageFault_Handler                     0x08003d8c   Section        0  stm32f4xx_it.o(i.UsageFault_Handler)
    i.WuMingLunPID                           0x08003d90   Section        0  controltask.o(i.WuMingLunPID)
    i.__0printf$1                            0x08003f78   Section        0  printf1.o(i.__0printf$1)
    i.__scatterload_copy                     0x08003f98   Section       14  handlers.o(i.__scatterload_copy)
    i.__scatterload_null                     0x08003fa6   Section        2  handlers.o(i.__scatterload_null)
    i.__scatterload_zeroinit                 0x08003fa8   Section       14  handlers.o(i.__scatterload_zeroinit)
    i._printf_core                           0x08003fb8   Section        0  printf1.o(i._printf_core)
    _printf_core                             0x08003fb9   Thumb Code   336  printf1.o(i._printf_core)
    i.delay_ms                               0x0800410c   Section        0  delay.o(i.delay_ms)
    i.forward                                0x08004128   Section        0  canbustask.o(i.forward)
    i.fputc                                  0x08004178   Section        0  usart3.o(i.fputc)
    i.main                                   0x0800419c   Section        0  main.o(i.main)
    i.nishizhen                              0x08004218   Section        0  canbustask.o(i.nishizhen)
    i.remote                                 0x08004284   Section        0  controltask.o(i.remote)
    i.right_pinyi                            0x08004598   Section        0  canbustask.o(i.right_pinyi)
    i.stop                                   0x08004604   Section        0  canbustask.o(i.stop)
    .constdata                               0x08004614   Section       24  test_imu.o(.constdata)
    .data                                    0x20000000   Section        4  usart1.o(.data)
    this_time_rx_len                         0x20000000   Data           4  usart1.o(.data)
    .data                                    0x20000004   Section       72  can1.o(.data)
    .data                                    0x2000004c   Section        4  usart2.o(.data)
    .data                                    0x20000050   Section       36  can2.o(.data)
    .data                                    0x20000074   Section        8  exti.o(.data)
    .data                                    0x2000007c   Section       16  stm32f4xx_rcc.o(.data)
    APBAHBPrescTable                         0x2000007c   Data          16  stm32f4xx_rcc.o(.data)
    .data                                    0x2000008c   Section       19  test_imu.o(.data)
    MPU_Tx                                   0x2000008d   Data           1  test_imu.o(.data)
    MPU_Rx                                   0x2000008e   Data           1  test_imu.o(.data)
    MPU_Tx                                   0x2000008f   Data           1  test_imu.o(.data)
    MPU_Tx                                   0x20000090   Data           1  test_imu.o(.data)
    MPU_Tx_buff                              0x20000091   Data          14  test_imu.o(.data)
    .data                                    0x200000a0   Section     1742  controltask.o(.data)
    time_tick_1ms                            0x20000740   Data           4  controltask.o(.data)
    normalFlag                               0x20000746   Data           1  controltask.o(.data)
    standbyFlag                              0x20000747   Data           1  controltask.o(.data)
    modeChangeDelayCnt                       0x20000748   Data           4  controltask.o(.data)
    angleSave                                0x2000074c   Data           4  controltask.o(.data)
    add                                      0x20000750   Data           2  controltask.o(.data)
    minu                                     0x20000752   Data           2  controltask.o(.data)
    shift_scan                               0x20000754   Data           1  controltask.o(.data)
    ctrl_scan                                0x20000755   Data           1  controltask.o(.data)
    q_scan                                   0x20000756   Data           1  controltask.o(.data)
    w_scan                                   0x20000757   Data           1  controltask.o(.data)
    e_scan                                   0x20000758   Data           1  controltask.o(.data)
    a_scan                                   0x20000759   Data           1  controltask.o(.data)
    s_scan                                   0x2000075a   Data           1  controltask.o(.data)
    d_scan                                   0x2000075b   Data           1  controltask.o(.data)
    q_flag                                   0x2000075c   Data           1  controltask.o(.data)
    w_flag                                   0x2000075d   Data           1  controltask.o(.data)
    e_flag                                   0x2000075e   Data           1  controltask.o(.data)
    a_flag                                   0x2000075f   Data           1  controltask.o(.data)
    s_flag                                   0x20000760   Data           1  controltask.o(.data)
    d_flag                                   0x20000761   Data           1  controltask.o(.data)
    shift_flag                               0x20000762   Data           1  controltask.o(.data)
    ctrl_flag                                0x20000763   Data           1  controltask.o(.data)
    com                                      0x20000764   Data           1  controltask.o(.data)
    com_arm                                  0x20000765   Data           1  controltask.o(.data)
    com_duoji                                0x20000766   Data           1  controltask.o(.data)
    com_d                                    0x20000767   Data           1  controltask.o(.data)
    com_q                                    0x20000768   Data           1  controltask.o(.data)
    com_a                                    0x20000769   Data           1  controltask.o(.data)
    com_e                                    0x2000076a   Data           1  controltask.o(.data)
    com_s                                    0x2000076b   Data           1  controltask.o(.data)
    com_shift                                0x2000076c   Data           1  controltask.o(.data)
    com_ctrl                                 0x2000076d   Data           1  controltask.o(.data)
    .data                                    0x20000770   Section      128  remotetask.o(.data)
    shootState                               0x20000779   Data           1  remotetask.o(.data)
    inputmode                                0x2000077a   Data           1  remotetask.o(.data)
    switch_cnt                               0x200007e8   Data           4  remotetask.o(.data)
    forward_back_speed                       0x200007ec   Data           2  remotetask.o(.data)
    left_right_speed                         0x200007ee   Data           2  remotetask.o(.data)
    .data                                    0x200007f0   Section       60  supervisetask.o(.data)
    timeSpanCount                            0x20000820   Data           4  supervisetask.o(.data)
    tempCount                                0x20000824   Data           4  supervisetask.o(.data)
    sec                                      0x20000828   Data           4  supervisetask.o(.data)
    .data                                    0x2000082c   Section       40  pid.o(.data)
    .data                                    0x20000854   Section       18  protocol.o(.data)
    .data                                    0x20000868   Section        4  stdout.o(.data)
    .bss                                     0x2000086c   Section       60  usart1.o(.bss)
    sbus_rx_buffer                           0x2000086c   Data          60  usart1.o(.bss)
    .bss                                     0x200008a8   Section       64  usart3.o(.bss)
    .bss                                     0x200008e8   Section       68  can2.o(.bss)
    .bss                                     0x2000092c   Section      448  canbustask.o(.bss)
    .bss                                     0x20000aec   Section       22  controltask.o(.bss)
    .bss                                     0x20000b04   Section       71  remotetask.o(.bss)
    switch1                                  0x20000b34   Data          23  remotetask.o(.bss)
    .bss                                     0x20000b4b   Section      409  protocol.o(.bss)
    calibrate                                0x20000c7d   Data         103  protocol.o(.bss)
    STACK                                    0x20000ce8   Section     2560  startup_stm32f4xx.o(STACK)

    Global Symbols

    Symbol Name                              Value     Ov Type        Size  Object(Section)

    BuildAttributes$$THM_ISAv4$E$P$D$K$B$S$7EM$VFPi3$EXTD16$VFPS$VFMA$PE$A:L22UL41UL21$X:L11$S22US41US21$IEEE1$IW$USESV6$~STKCKD$USESV7$~SHL$OTIME$ROPI$IEEEX$EBA8$MICROLIB$REQ8$PRES8$EABIv2 0x00000000   Number         0  anon$$obj.o ABSOLUTE
    __ARM_use_no_argv                        0x00000000   Number         0  main.o ABSOLUTE
    _printf_a                                0x00000000   Number         0  stubs.o ABSOLUTE
    _printf_c                                0x00000000   Number         0  stubs.o ABSOLUTE
    _printf_charcount                        0x00000000   Number         0  stubs.o ABSOLUTE
    _printf_d                                0x00000000   Number         0  stubs.o ABSOLUTE
    _printf_e                                0x00000000   Number         0  stubs.o ABSOLUTE
    _printf_f                                0x00000000   Number         0  stubs.o ABSOLUTE
    _printf_flags                            0x00000000   Number         0  stubs.o ABSOLUTE
    _printf_fp_dec                           0x00000000   Number         0  stubs.o ABSOLUTE
    _printf_fp_hex                           0x00000000   Number         0  stubs.o ABSOLUTE
    _printf_g                                0x00000000   Number         0  stubs.o ABSOLUTE
    _printf_i                                0x00000000   Number         0  stubs.o ABSOLUTE
    _printf_int_dec                          0x00000000   Number         0  stubs.o ABSOLUTE
    _printf_l                                0x00000000   Number         0  stubs.o ABSOLUTE
    _printf_lc                               0x00000000   Number         0  stubs.o ABSOLUTE
    _printf_ll                               0x00000000   Number         0  stubs.o ABSOLUTE
    _printf_lld                              0x00000000   Number         0  stubs.o ABSOLUTE
    _printf_lli                              0x00000000   Number         0  stubs.o ABSOLUTE
    _printf_llo                              0x00000000   Number         0  stubs.o ABSOLUTE
    _printf_llu                              0x00000000   Number         0  stubs.o ABSOLUTE
    _printf_llx                              0x00000000   Number         0  stubs.o ABSOLUTE
    _printf_longlong_dec                     0x00000000   Number         0  stubs.o ABSOLUTE
    _printf_longlong_hex                     0x00000000   Number         0  stubs.o ABSOLUTE
    _printf_longlong_oct                     0x00000000   Number         0  stubs.o ABSOLUTE
    _printf_ls                               0x00000000   Number         0  stubs.o ABSOLUTE
    _printf_mbtowc                           0x00000000   Number         0  stubs.o ABSOLUTE
    _printf_n                                0x00000000   Number         0  stubs.o ABSOLUTE
    _printf_o                                0x00000000   Number         0  stubs.o ABSOLUTE
    _printf_p                                0x00000000   Number         0  stubs.o ABSOLUTE
    _printf_percent                          0x00000000   Number         0  stubs.o ABSOLUTE
    _printf_pre_padding                      0x00000000   Number         0  stubs.o ABSOLUTE
    _printf_return_value                     0x00000000   Number         0  stubs.o ABSOLUTE
    _printf_s                                0x00000000   Number         0  stubs.o ABSOLUTE
    _printf_sizespec                         0x00000000   Number         0  stubs.o ABSOLUTE
    _printf_str                              0x00000000   Number         0  stubs.o ABSOLUTE
    _printf_truncate_signed                  0x00000000   Number         0  stubs.o ABSOLUTE
    _printf_truncate_unsigned                0x00000000   Number         0  stubs.o ABSOLUTE
    _printf_u                                0x00000000   Number         0  stubs.o ABSOLUTE
    _printf_wc                               0x00000000   Number         0  stubs.o ABSOLUTE
    _printf_wctomb                           0x00000000   Number         0  stubs.o ABSOLUTE
    _printf_widthprec                        0x00000000   Number         0  stubs.o ABSOLUTE
    _printf_x                                0x00000000   Number         0  stubs.o ABSOLUTE
    __cpp_initialize__aeabi_                  - Undefined Weak Reference
    __cxa_finalize                            - Undefined Weak Reference
    _clock_init                               - Undefined Weak Reference
    _microlib_exit                            - Undefined Weak Reference
    __Vectors_Size                           0x00000188   Number         0  startup_stm32f4xx.o ABSOLUTE
    __Vectors                                0x08000000   Data           4  startup_stm32f4xx.o(RESET)
    __Vectors_End                            0x08000188   Data           0  startup_stm32f4xx.o(RESET)
    __main                                   0x08000189   Thumb Code     0  entry.o(.ARM.Collect$$$$00000000)
    _main_stk                                0x08000189   Thumb Code     0  entry2.o(.ARM.Collect$$$$00000001)
    _main_scatterload                        0x0800018d   Thumb Code     0  entry5.o(.ARM.Collect$$$$00000004)
    __main_after_scatterload                 0x08000191   Thumb Code     0  entry5.o(.ARM.Collect$$$$00000004)
    _main_clock                              0x08000191   Thumb Code     0  entry7b.o(.ARM.Collect$$$$00000008)
    _main_cpp_init                           0x08000191   Thumb Code     0  entry8b.o(.ARM.Collect$$$$0000000A)
    _main_init                               0x08000191   Thumb Code     0  entry9a.o(.ARM.Collect$$$$0000000B)
    __rt_final_cpp                           0x08000199   Thumb Code     0  entry10a.o(.ARM.Collect$$$$0000000D)
    __rt_final_exit                          0x08000199   Thumb Code     0  entry11a.o(.ARM.Collect$$$$0000000F)
    Reset_Handler                            0x0800019d   Thumb Code     8  startup_stm32f4xx.o(.text)
    SysTick_Handler                          0x080001b5   Thumb Code     2  startup_stm32f4xx.o(.text)
    ADC_IRQHandler                           0x080001b7   Thumb Code     0  startup_stm32f4xx.o(.text)
    CAN1_RX1_IRQHandler                      0x080001b7   Thumb Code     0  startup_stm32f4xx.o(.text)
    CAN1_SCE_IRQHandler                      0x080001b7   Thumb Code     0  startup_stm32f4xx.o(.text)
    CAN1_TX_IRQHandler                       0x080001b7   Thumb Code     0  startup_stm32f4xx.o(.text)
    CAN2_RX1_IRQHandler                      0x080001b7   Thumb Code     0  startup_stm32f4xx.o(.text)
    CAN2_SCE_IRQHandler                      0x080001b7   Thumb Code     0  startup_stm32f4xx.o(.text)
    CAN2_TX_IRQHandler                       0x080001b7   Thumb Code     0  startup_stm32f4xx.o(.text)
    CRYP_IRQHandler                          0x080001b7   Thumb Code     0  startup_stm32f4xx.o(.text)
    DCMI_IRQHandler                          0x080001b7   Thumb Code     0  startup_stm32f4xx.o(.text)
    DMA1_Stream0_IRQHandler                  0x080001b7   Thumb Code     0  startup_stm32f4xx.o(.text)
    DMA1_Stream1_IRQHandler                  0x080001b7   Thumb Code     0  startup_stm32f4xx.o(.text)
    DMA1_Stream2_IRQHandler                  0x080001b7   Thumb Code     0  startup_stm32f4xx.o(.text)
    DMA1_Stream3_IRQHandler                  0x080001b7   Thumb Code     0  startup_stm32f4xx.o(.text)
    DMA1_Stream4_IRQHandler                  0x080001b7   Thumb Code     0  startup_stm32f4xx.o(.text)
    DMA1_Stream5_IRQHandler                  0x080001b7   Thumb Code     0  startup_stm32f4xx.o(.text)
    DMA1_Stream6_IRQHandler                  0x080001b7   Thumb Code     0  startup_stm32f4xx.o(.text)
    DMA1_Stream7_IRQHandler                  0x080001b7   Thumb Code     0  startup_stm32f4xx.o(.text)
    DMA2_Stream0_IRQHandler                  0x080001b7   Thumb Code     0  startup_stm32f4xx.o(.text)
    DMA2_Stream1_IRQHandler                  0x080001b7   Thumb Code     0  startup_stm32f4xx.o(.text)
    DMA2_Stream2_IRQHandler                  0x080001b7   Thumb Code     0  startup_stm32f4xx.o(.text)
    DMA2_Stream3_IRQHandler                  0x080001b7   Thumb Code     0  startup_stm32f4xx.o(.text)
    DMA2_Stream4_IRQHandler                  0x080001b7   Thumb Code     0  startup_stm32f4xx.o(.text)
    DMA2_Stream5_IRQHandler                  0x080001b7   Thumb Code     0  startup_stm32f4xx.o(.text)
    DMA2_Stream6_IRQHandler                  0x080001b7   Thumb Code     0  startup_stm32f4xx.o(.text)
    DMA2_Stream7_IRQHandler                  0x080001b7   Thumb Code     0  startup_stm32f4xx.o(.text)
    ETH_IRQHandler                           0x080001b7   Thumb Code     0  startup_stm32f4xx.o(.text)
    ETH_WKUP_IRQHandler                      0x080001b7   Thumb Code     0  startup_stm32f4xx.o(.text)
    EXTI1_IRQHandler                         0x080001b7   Thumb Code     0  startup_stm32f4xx.o(.text)
    EXTI2_IRQHandler                         0x080001b7   Thumb Code     0  startup_stm32f4xx.o(.text)
    EXTI4_IRQHandler                         0x080001b7   Thumb Code     0  startup_stm32f4xx.o(.text)
    FLASH_IRQHandler                         0x080001b7   Thumb Code     0  startup_stm32f4xx.o(.text)
    FPU_IRQHandler                           0x080001b7   Thumb Code     0  startup_stm32f4xx.o(.text)
    FSMC_IRQHandler                          0x080001b7   Thumb Code     0  startup_stm32f4xx.o(.text)
    HASH_RNG_IRQHandler                      0x080001b7   Thumb Code     0  startup_stm32f4xx.o(.text)
    I2C1_ER_IRQHandler                       0x080001b7   Thumb Code     0  startup_stm32f4xx.o(.text)
    I2C1_EV_IRQHandler                       0x080001b7   Thumb Code     0  startup_stm32f4xx.o(.text)
    I2C2_ER_IRQHandler                       0x080001b7   Thumb Code     0  startup_stm32f4xx.o(.text)
    I2C2_EV_IRQHandler                       0x080001b7   Thumb Code     0  startup_stm32f4xx.o(.text)
    I2C3_ER_IRQHandler                       0x080001b7   Thumb Code     0  startup_stm32f4xx.o(.text)
    I2C3_EV_IRQHandler                       0x080001b7   Thumb Code     0  startup_stm32f4xx.o(.text)
    OTG_FS_IRQHandler                        0x080001b7   Thumb Code     0  startup_stm32f4xx.o(.text)
    OTG_FS_WKUP_IRQHandler                   0x080001b7   Thumb Code     0  startup_stm32f4xx.o(.text)
    OTG_HS_EP1_IN_IRQHandler                 0x080001b7   Thumb Code     0  startup_stm32f4xx.o(.text)
    OTG_HS_EP1_OUT_IRQHandler                0x080001b7   Thumb Code     0  startup_stm32f4xx.o(.text)
    OTG_HS_IRQHandler                        0x080001b7   Thumb Code     0  startup_stm32f4xx.o(.text)
    OTG_HS_WKUP_IRQHandler                   0x080001b7   Thumb Code     0  startup_stm32f4xx.o(.text)
    PVD_IRQHandler                           0x080001b7   Thumb Code     0  startup_stm32f4xx.o(.text)
    RCC_IRQHandler                           0x080001b7   Thumb Code     0  startup_stm32f4xx.o(.text)
    RTC_Alarm_IRQHandler                     0x080001b7   Thumb Code     0  startup_stm32f4xx.o(.text)
    RTC_WKUP_IRQHandler                      0x080001b7   Thumb Code     0  startup_stm32f4xx.o(.text)
    SDIO_IRQHandler                          0x080001b7   Thumb Code     0  startup_stm32f4xx.o(.text)
    SPI1_IRQHandler                          0x080001b7   Thumb Code     0  startup_stm32f4xx.o(.text)
    SPI2_IRQHandler                          0x080001b7   Thumb Code     0  startup_stm32f4xx.o(.text)
    SPI3_IRQHandler                          0x080001b7   Thumb Code     0  startup_stm32f4xx.o(.text)
    TAMP_STAMP_IRQHandler                    0x080001b7   Thumb Code     0  startup_stm32f4xx.o(.text)
    TIM1_BRK_TIM9_IRQHandler                 0x080001b7   Thumb Code     0  startup_stm32f4xx.o(.text)
    TIM1_CC_IRQHandler                       0x080001b7   Thumb Code     0  startup_stm32f4xx.o(.text)
    TIM1_TRG_COM_TIM11_IRQHandler            0x080001b7   Thumb Code     0  startup_stm32f4xx.o(.text)
    TIM1_UP_TIM10_IRQHandler                 0x080001b7   Thumb Code     0  startup_stm32f4xx.o(.text)
    TIM3_IRQHandler                          0x080001b7   Thumb Code     0  startup_stm32f4xx.o(.text)
    TIM4_IRQHandler                          0x080001b7   Thumb Code     0  startup_stm32f4xx.o(.text)
    TIM5_IRQHandler                          0x080001b7   Thumb Code     0  startup_stm32f4xx.o(.text)
    TIM7_IRQHandler                          0x080001b7   Thumb Code     0  startup_stm32f4xx.o(.text)
    TIM8_BRK_TIM12_IRQHandler                0x080001b7   Thumb Code     0  startup_stm32f4xx.o(.text)
    TIM8_CC_IRQHandler                       0x080001b7   Thumb Code     0  startup_stm32f4xx.o(.text)
    TIM8_TRG_COM_TIM14_IRQHandler            0x080001b7   Thumb Code     0  startup_stm32f4xx.o(.text)
    TIM8_UP_TIM13_IRQHandler                 0x080001b7   Thumb Code     0  startup_stm32f4xx.o(.text)
    UART4_IRQHandler                         0x080001b7   Thumb Code     0  startup_stm32f4xx.o(.text)
    UART5_IRQHandler                         0x080001b7   Thumb Code     0  startup_stm32f4xx.o(.text)
    USART6_IRQHandler                        0x080001b7   Thumb Code     0  startup_stm32f4xx.o(.text)
    WWDG_IRQHandler                          0x080001b7   Thumb Code     0  startup_stm32f4xx.o(.text)
    __aeabi_memcpy                           0x080001c1   Thumb Code    36  memcpya.o(.text)
    __aeabi_memcpy4                          0x080001c1   Thumb Code     0  memcpya.o(.text)
    __aeabi_memcpy8                          0x080001c1   Thumb Code     0  memcpya.o(.text)
    __aeabi_uidiv                            0x080001e5   Thumb Code     0  uidiv.o(.text)
    __aeabi_uidivmod                         0x080001e5   Thumb Code    44  uidiv.o(.text)
    __scatterload                            0x08000211   Thumb Code    28  init.o(.text)
    __scatterload_rt2                        0x08000211   Thumb Code     0  init.o(.text)
    __decompress                             0x08000235   Thumb Code     0  __dczerorl2.o(.text)
    __decompress1                            0x08000235   Thumb Code    86  __dczerorl2.o(.text)
    Arcoss_Vice                              0x0800028b   Thumb Code    92  canbustask.o(i.Arcoss_Vice)
    BSP_Init                                 0x080002e9   Thumb Code   126  bsp.o(i.BSP_Init)
    BusFault_Handler                         0x0800036d   Thumb Code     4  stm32f4xx_it.o(i.BusFault_Handler)
    CAN1_Config                              0x08000371   Thumb Code   234  can1.o(i.CAN1_Config)
    CAN1_RX0_IRQHandler                      0x08000465   Thumb Code   762  can1.o(i.CAN1_RX0_IRQHandler)
    CAN2_Config                              0x080007c5   Thumb Code   236  can2.o(i.CAN2_Config)
    CAN2_RX0_IRQHandler                      0x080008b9   Thumb Code   372  can2.o(i.CAN2_RX0_IRQHandler)
    CAN_ClearITPendingBit                    0x08000a7d   Thumb Code   162  stm32f4xx_can.o(i.CAN_ClearITPendingBit)
    CAN_FilterInit                           0x08000b25   Thumb Code   258  stm32f4xx_can.o(i.CAN_FilterInit)
    CAN_GetITStatus                          0x08000c2d   Thumb Code   284  stm32f4xx_can.o(i.CAN_GetITStatus)
    CAN_ITConfig                             0x08000d4d   Thumb Code    18  stm32f4xx_can.o(i.CAN_ITConfig)
    CAN_Init                                 0x08000d5f   Thumb Code   276  stm32f4xx_can.o(i.CAN_Init)
    CAN_Receive                              0x08000e73   Thumb Code   240  stm32f4xx_can.o(i.CAN_Receive)
    CAN_Transmit                             0x08000f63   Thumb Code   294  stm32f4xx_can.o(i.CAN_Transmit)
    DMA_Cmd                                  0x0800109b   Thumb Code    22  stm32f4xx_dma.o(i.DMA_Cmd)
    DMA_DeInit                               0x080010b1   Thumb Code   324  stm32f4xx_dma.o(i.DMA_DeInit)
    DMA_DoubleBufferModeCmd                  0x08001209   Thumb Code    22  stm32f4xx_dma.o(i.DMA_DoubleBufferModeCmd)
    DMA_DoubleBufferModeConfig               0x0800121f   Thumb Code    24  stm32f4xx_dma.o(i.DMA_DoubleBufferModeConfig)
    DMA_GetCurrDataCounter                   0x08001237   Thumb Code     8  stm32f4xx_dma.o(i.DMA_GetCurrDataCounter)
    DMA_GetCurrentMemoryTarget               0x0800123f   Thumb Code    20  stm32f4xx_dma.o(i.DMA_GetCurrentMemoryTarget)
    DMA_Init                                 0x08001255   Thumb Code    82  stm32f4xx_dma.o(i.DMA_Init)
    DMA_StructInit                           0x080012ad   Thumb Code    34  stm32f4xx_dma.o(i.DMA_StructInit)
    DOOR_Init                                0x080012d1   Thumb Code   314  door.o(i.DOOR_Init)
    Dataframe_Process                        0x0800141d   Thumb Code   212  protocol.o(i.Dataframe_Process)
    DebugMon_Handler                         0x08001505   Thumb Code     2  stm32f4xx_it.o(i.DebugMon_Handler)
    EXTI0_IRQHandler                         0x08001509   Thumb Code    24  exti.o(i.EXTI0_IRQHandler)
    EXTI15_10_IRQHandler                     0x08001525   Thumb Code    28  exti.o(i.EXTI15_10_IRQHandler)
    EXTI3_IRQHandler                         0x08001545   Thumb Code    24  exti.o(i.EXTI3_IRQHandler)
    EXTI9_5_IRQHandler                       0x08001561   Thumb Code    32  exti.o(i.EXTI9_5_IRQHandler)
    EXTI_ClearITPendingBit                   0x08001589   Thumb Code     6  stm32f4xx_exti.o(i.EXTI_ClearITPendingBit)
    EXTI_GetITStatus                         0x08001595   Thumb Code    34  stm32f4xx_exti.o(i.EXTI_GetITStatus)
    EXTI_Init                                0x080015bd   Thumb Code   142  stm32f4xx_exti.o(i.EXTI_Init)
    EncoderProcess                           0x08001651   Thumb Code   154  canbustask.o(i.EncoderProcess)
    Encoder_Start                            0x080016f9   Thumb Code    10  encoder.o(i.Encoder_Start)
    Exti_Configuration                       0x08001709   Thumb Code   294  exti.o(i.Exti_Configuration)
    GPIO_Init                                0x0800182f   Thumb Code   144  stm32f4xx_gpio.o(i.GPIO_Init)
    GPIO_PinAFConfig                         0x080018bf   Thumb Code    70  stm32f4xx_gpio.o(i.GPIO_PinAFConfig)
    GPIO_ResetBits                           0x08001905   Thumb Code     4  stm32f4xx_gpio.o(i.GPIO_ResetBits)
    GPIO_SetBits                             0x08001909   Thumb Code     4  stm32f4xx_gpio.o(i.GPIO_SetBits)
    GPIO_StructInit                          0x0800190d   Thumb Code    18  stm32f4xx_gpio.o(i.GPIO_StructInit)
    GetEncoderBias                           0x0800191f   Thumb Code    26  canbustask.o(i.GetEncoderBias)
    GetInputMode                             0x08001939   Thumb Code     6  remotetask.o(i.GetInputMode)
    GetLostCounter                           0x08001945   Thumb Code    18  supervisetask.o(i.GetLostCounter)
    GetRemoteSwitchAction                    0x0800195d   Thumb Code   120  remotetask.o(i.GetRemoteSwitchAction)
    GetWorkState                             0x080019d9   Thumb Code     6  controltask.o(i.GetWorkState)
    GimbalAngleLimit                         0x080019e5   Thumb Code   158  remotetask.o(i.GimbalAngleLimit)
    HANDPID                                  0x08001a91   Thumb Code    64  controltask.o(i.HANDPID)
    HardFault_Handler                        0x08001add   Thumb Code     4  stm32f4xx_it.o(i.HardFault_Handler)
    IST8310_Init                             0x08001ae1   Thumb Code   242  test_imu.o(i.IST8310_Init)
    Key_Mouse                                0x08001c4d   Thumb Code   840  controltask.o(i.Key_Mouse)
    Led_Config                               0x0800204d   Thumb Code   228  led.o(i.Led_Config)
    LostCounterFeed                          0x0800213d   Thumb Code     6  lost_counter.o(i.LostCounterFeed)
    MOTORPID                                 0x08002145   Thumb Code   442  controltask.o(i.MOTORPID)
    MPU6050_Init                             0x0800232d   Thumb Code   110  test_imu.o(i.MPU6050_Init)
    MPU6050_Read_Reg                         0x080023a9   Thumb Code    58  test_imu.o(i.MPU6050_Read_Reg)
    MPU6050_Write_Reg                        0x080023f1   Thumb Code    52  test_imu.o(i.MPU6050_Write_Reg)
    MemManage_Handler                        0x080024b9   Thumb Code     4  stm32f4xx_it.o(i.MemManage_Handler)
    MouseKeyControlProcess                   0x080024bd   Thumb Code   434  remotetask.o(i.MouseKeyControlProcess)
    MouseShootControl                        0x0800268d   Thumb Code   174  remotetask.o(i.MouseShootControl)
    NMI_Handler                              0x08002745   Thumb Code     2  stm32f4xx_it.o(i.NMI_Handler)
    NVIC_Init                                0x08002749   Thumb Code   106  misc.o(i.NVIC_Init)
    NVIC_PriorityGroupConfig                 0x080027c1   Thumb Code    10  misc.o(i.NVIC_PriorityGroupConfig)
    PID_Calc                                 0x080027d5   Thumb Code   214  pid.o(i.PID_Calc)
    PID_Reset                                0x080028ad   Thumb Code    34  pid.o(i.PID_Reset)
    POSITION_PID_Calc                        0x080028d5   Thumb Code   278  pid.o(i.POSITION_PID_Calc)
    PWM_Config                               0x08002a19   Thumb Code   282  gun.o(i.PWM_Config)
    PendSV_Handler                           0x08002b41   Thumb Code     2  stm32f4xx_it.o(i.PendSV_Handler)
    RCC_AHB1PeriphClockCmd                   0x08002b45   Thumb Code    26  stm32f4xx_rcc.o(i.RCC_AHB1PeriphClockCmd)
    RCC_APB1PeriphClockCmd                   0x08002b65   Thumb Code    26  stm32f4xx_rcc.o(i.RCC_APB1PeriphClockCmd)
    RCC_APB1PeriphResetCmd                   0x08002b85   Thumb Code    26  stm32f4xx_rcc.o(i.RCC_APB1PeriphResetCmd)
    RCC_APB2PeriphClockCmd                   0x08002ba5   Thumb Code    26  stm32f4xx_rcc.o(i.RCC_APB2PeriphClockCmd)
    RCC_APB2PeriphResetCmd                   0x08002bc5   Thumb Code    26  stm32f4xx_rcc.o(i.RCC_APB2PeriphResetCmd)
    RCC_GetClocksFreq                        0x08002be5   Thumb Code   214  stm32f4xx_rcc.o(i.RCC_GetClocksFreq)
    RampCalc                                 0x08002ccd   Thumb Code    42  ramp.o(i.RampCalc)
    RampInit                                 0x08002cf7   Thumb Code     2  ramp.o(i.RampInit)
    RampIsOverflow                           0x08002cf9   Thumb Code    18  ramp.o(i.RampIsOverflow)
    RampResetCounter                         0x08002d0b   Thumb Code     6  ramp.o(i.RampResetCounter)
    RampSetCounter                           0x08002d11   Thumb Code     4  ramp.o(i.RampSetCounter)
    RampSetScale                             0x08002d15   Thumb Code     4  ramp.o(i.RampSetScale)
    RemoteControlProcess                     0x08002d19   Thumb Code   462  remotetask.o(i.RemoteControlProcess)
    RemoteDataPrcess                         0x08002f09   Thumb Code   226  remotetask.o(i.RemoteDataPrcess)
    RemoteShootControl                       0x08002ff1   Thumb Code   150  remotetask.o(i.RemoteShootControl)
    SPI5_Init                                0x08003091   Thumb Code   162  spi.o(i.SPI5_Init)
    SPI5_ReadWriteByte                       0x0800313d   Thumb Code    50  spi.o(i.SPI5_ReadWriteByte)
    SPI_Cmd                                  0x08003175   Thumb Code    24  stm32f4xx_spi.o(i.SPI_Cmd)
    SPI_I2S_GetFlagStatus                    0x0800318d   Thumb Code    18  stm32f4xx_spi.o(i.SPI_I2S_GetFlagStatus)
    SPI_I2S_ReceiveData                      0x0800319f   Thumb Code     6  stm32f4xx_spi.o(i.SPI_I2S_ReceiveData)
    SPI_I2S_SendData                         0x080031a5   Thumb Code     4  stm32f4xx_spi.o(i.SPI_I2S_SendData)
    SPI_Init                                 0x080031a9   Thumb Code    60  stm32f4xx_spi.o(i.SPI_Init)
    SVC_Handler                              0x080031e5   Thumb Code     2  stm32f4xx_it.o(i.SVC_Handler)
    SYSCFG_EXTILineConfig                    0x080031e9   Thumb Code    60  stm32f4xx_syscfg.o(i.SYSCFG_EXTILineConfig)
    SetInputMode                             0x08003229   Thumb Code    36  remotetask.o(i.SetInputMode)
    SetShootState                            0x08003251   Thumb Code     6  remotetask.o(i.SetShootState)
    Set_CM_Speed                             0x08003349   Thumb Code    92  canbustask.o(i.Set_CM_Speed)
    Set_GEThand                              0x080033a5   Thumb Code    84  canbustask.o(i.Set_GEThand)
    SystemInit                               0x080033f9   Thumb Code    88  system_stm32f4xx.o(i.SystemInit)
    TIM2_IRQHandler                          0x08003461   Thumb Code    54  timer.o(i.TIM2_IRQHandler)
    TIM2_Stop                                0x080034a1   Thumb Code    50  timer.o(i.TIM2_Stop)
    TIM6_Config                              0x080034d9   Thumb Code    72  timer.o(i.TIM6_Config)
    TIM6_DAC_IRQHandler                      0x08003525   Thumb Code    30  timer.o(i.TIM6_DAC_IRQHandler)
    TIM_ARRPreloadConfig                     0x08003549   Thumb Code    24  stm32f4xx_tim.o(i.TIM_ARRPreloadConfig)
    TIM_ClearFlag                            0x08003561   Thumb Code     6  stm32f4xx_tim.o(i.TIM_ClearFlag)
    TIM_ClearITPendingBit                    0x08003567   Thumb Code     6  stm32f4xx_tim.o(i.TIM_ClearITPendingBit)
    TIM_Cmd                                  0x0800356d   Thumb Code    24  stm32f4xx_tim.o(i.TIM_Cmd)
    TIM_GetITStatus                          0x08003585   Thumb Code    34  stm32f4xx_tim.o(i.TIM_GetITStatus)
    TIM_ITConfig                             0x080035a7   Thumb Code    18  stm32f4xx_tim.o(i.TIM_ITConfig)
    TIM_OC1Init                              0x080035b9   Thumb Code   114  stm32f4xx_tim.o(i.TIM_OC1Init)
    TIM_OC1PreloadConfig                     0x08003635   Thumb Code    18  stm32f4xx_tim.o(i.TIM_OC1PreloadConfig)
    TIM_OC2Init                              0x08003649   Thumb Code   154  stm32f4xx_tim.o(i.TIM_OC2Init)
    TIM_OC2PreloadConfig                     0x080036ed   Thumb Code    26  stm32f4xx_tim.o(i.TIM_OC2PreloadConfig)
    TIM_SetCounter                           0x08003707   Thumb Code     4  stm32f4xx_tim.o(i.TIM_SetCounter)
    TIM_TimeBaseInit                         0x0800370d   Thumb Code   104  stm32f4xx_tim.o(i.TIM_TimeBaseInit)
    USART1_Config                            0x08003791   Thumb Code   298  usart1.o(i.USART1_Config)
    USART1_IRQHandler                        0x080038d1   Thumb Code   190  usart1.o(i.USART1_IRQHandler)
    USART2_IRQHandler                        0x080039a1   Thumb Code    32  usart2.o(i.USART2_IRQHandler)
    USART3_Config                            0x080039c9   Thumb Code   164  usart3.o(i.USART3_Config)
    USART3_IRQHandler                        0x08003a75   Thumb Code   122  usart3.o(i.USART3_IRQHandler)
    USART_Cmd                                0x08003b01   Thumb Code    24  stm32f4xx_usart.o(i.USART_Cmd)
    USART_DMACmd                             0x08003b19   Thumb Code    18  stm32f4xx_usart.o(i.USART_DMACmd)
    USART_DeInit                             0x08003b2d   Thumb Code   156  stm32f4xx_usart.o(i.USART_DeInit)
    USART_GetFlagStatus                      0x08003be1   Thumb Code    26  stm32f4xx_usart.o(i.USART_GetFlagStatus)
    USART_GetITStatus                        0x08003bfb   Thumb Code    84  stm32f4xx_usart.o(i.USART_GetITStatus)
    USART_ITConfig                           0x08003c4f   Thumb Code    74  stm32f4xx_usart.o(i.USART_ITConfig)
    USART_Init                               0x08003c99   Thumb Code   204  stm32f4xx_usart.o(i.USART_Init)
    USART_SendData                           0x08003d6d   Thumb Code     8  stm32f4xx_usart.o(i.USART_SendData)
    USART_StructInit                         0x08003d75   Thumb Code    24  stm32f4xx_usart.o(i.USART_StructInit)
    UsageFault_Handler                       0x08003d8d   Thumb Code     4  stm32f4xx_it.o(i.UsageFault_Handler)
    WuMingLunPID                             0x08003d91   Thumb Code   442  controltask.o(i.WuMingLunPID)
    __0printf$1                              0x08003f79   Thumb Code    22  printf1.o(i.__0printf$1)
    __1printf$1                              0x08003f79   Thumb Code     0  printf1.o(i.__0printf$1)
    __2printf                                0x08003f79   Thumb Code     0  printf1.o(i.__0printf$1)
    __scatterload_copy                       0x08003f99   Thumb Code    14  handlers.o(i.__scatterload_copy)
    __scatterload_null                       0x08003fa7   Thumb Code     2  handlers.o(i.__scatterload_null)
    __scatterload_zeroinit                   0x08003fa9   Thumb Code    14  handlers.o(i.__scatterload_zeroinit)
    delay_ms                                 0x0800410d   Thumb Code    28  delay.o(i.delay_ms)
    forward                                  0x08004129   Thumb Code    62  canbustask.o(i.forward)
    fputc                                    0x08004179   Thumb Code    32  usart3.o(i.fputc)
    main                                     0x0800419d   Thumb Code   102  main.o(i.main)
    nishizhen                                0x08004219   Thumb Code    90  canbustask.o(i.nishizhen)
    remote                                   0x08004285   Thumb Code   718  controltask.o(i.remote)
    right_pinyi                              0x08004599   Thumb Code    90  canbustask.o(i.right_pinyi)
    stop                                     0x08004605   Thumb Code    16  canbustask.o(i.stop)
    Region$$Table$$Base                      0x0800462c   Number         0  anon$$obj.o(Region$$Table)
    Region$$Table$$Limit                     0x0800464c   Number         0  anon$$obj.o(Region$$Table)
    sdf                                      0x20000004   Data           4  can1.o(.data)
    Fspeed_fdb                               0x20000008   Data           2  can1.o(.data)
    Uspeed_fdb                               0x2000000a   Data           2  can1.o(.data)
    speed_fdb                                0x2000000c   Data           2  can1.o(.data)
    Yp                                       0x2000000e   Data           2  can1.o(.data)
    Yy                                       0x20000010   Data           2  can1.o(.data)
    zhuanju_fdb                              0x20000012   Data           2  can1.o(.data)
    jiaoduh                                  0x20000014   Data           1  can1.o(.data)
    jiaodul                                  0x20000015   Data           1  can1.o(.data)
    zhuansuh                                 0x20000016   Data           1  can1.o(.data)
    zhhuansul                                0x20000017   Data           1  can1.o(.data)
    shiji_currenth                           0x20000018   Data           1  can1.o(.data)
    shiji_currentl                           0x20000019   Data           1  can1.o(.data)
    temp                                     0x2000001a   Data           1  can1.o(.data)
    null                                     0x2000001b   Data           1  can1.o(.data)
    Std                                      0x2000001c   Data           4  can1.o(.data)
    fenzhuang                                0x20000020   Data           4  can1.o(.data)
    y                                        0x20000024   Data           4  can1.o(.data)
    M1                                       0x20000028   Data           4  can1.o(.data)
    M2                                       0x2000002c   Data           4  can1.o(.data)
    M3                                       0x20000030   Data           4  can1.o(.data)
    M4                                       0x20000034   Data           4  can1.o(.data)
    M5                                       0x20000038   Data           4  can1.o(.data)
    M6                                       0x2000003c   Data           4  can1.o(.data)
    M7                                       0x20000040   Data           4  can1.o(.data)
    M8                                       0x20000044   Data           4  can1.o(.data)
    quanshu                                  0x20000048   Data           4  can1.o(.data)
    USART_TX_BUF                             0x2000004c   Data           2  usart2.o(.data)
    USART_RX_STA                             0x2000004e   Data           2  usart2.o(.data)
    check_can1                               0x20000050   Data           4  can2.o(.data)
    H_fdb                                    0x20000054   Data           4  can2.o(.data)
    Hcount                                   0x20000058   Data           4  can2.o(.data)
    diff                                     0x2000005c   Data           4  can2.o(.data)
    last_H_fdb                               0x20000060   Data           4  can2.o(.data)
    Std2                                     0x20000064   Data           4  can2.o(.data)
    timecount                                0x20000068   Data           4  can2.o(.data)
    M9                                       0x2000006c   Data           4  can2.o(.data)
    M10                                      0x20000070   Data           4  can2.o(.data)
    flag_z                                   0x20000074   Data           4  exti.o(.data)
    flag_y                                   0x20000078   Data           4  exti.o(.data)
    MPU_id                                   0x2000008c   Data           1  test_imu.o(.data)
    f                                        0x200000a0   Data           4  controltask.o(.data)
    l                                        0x200000a4   Data           4  controltask.o(.data)
    p                                        0x200000a8   Data           4  controltask.o(.data)
    g                                        0x200000ac   Data           4  controltask.o(.data)
    s1                                       0x200000b0   Data           4  controltask.o(.data)
    s2                                       0x200000b4   Data           4  controltask.o(.data)
    F                                        0x200000b8   Data           4  controltask.o(.data)
    L1                                       0x200000bc   Data           4  controltask.o(.data)
    L2                                       0x200000c0   Data           4  controltask.o(.data)
    L3                                       0x200000c4   Data           4  controltask.o(.data)
    P                                        0x200000c8   Data           4  controltask.o(.data)
    S1                                       0x200000cc   Data           4  controltask.o(.data)
    G                                        0x200000d0   Data           4  controltask.o(.data)
    friction_quanshu                         0x200000d4   Data           4  controltask.o(.data)
    ii                                       0x200000d8   Data           4  controltask.o(.data)
    iii                                      0x200000dc   Data           4  controltask.o(.data)
    mix                                      0x200000e0   Data           4  controltask.o(.data)
    timeXL                                   0x200000e4   Data           4  controltask.o(.data)
    suduXL                                   0x200000e8   Data           4  controltask.o(.data)
    timeSL                                   0x200000ec   Data           4  controltask.o(.data)
    suduSL                                   0x200000f0   Data           4  controltask.o(.data)
    time3                                    0x200000f4   Data           4  controltask.o(.data)
    sudu3                                    0x200000f8   Data           4  controltask.o(.data)
    timer                                    0x200000fc   Data           4  controltask.o(.data)
    ZH                                       0x20000100   Data           4  controltask.o(.data)
    sh1                                      0x20000104   Data           4  controltask.o(.data)
    sh2                                      0x20000108   Data           4  controltask.o(.data)
    sh3                                      0x2000010c   Data           4  controltask.o(.data)
    dpz                                      0x20000110   Data           4  controltask.o(.data)
    L4                                       0x20000114   Data           4  controltask.o(.data)
    sh4                                      0x20000118   Data           4  controltask.o(.data)
    duiwei                                   0x2000011c   Data           4  controltask.o(.data)
    dcf                                      0x20000120   Data           4  controltask.o(.data)
    shangdao_flag                            0x20000124   Data           4  controltask.o(.data)
    countL                                   0x20000128   Data           4  controltask.o(.data)
    HA                                       0x2000012c   Data           4  controltask.o(.data)
    handflag                                 0x20000130   Data           4  controltask.o(.data)
    CML                                      0x20000134   Data           4  controltask.o(.data)
    wcb                                      0x20000138   Data           4  controltask.o(.data)
    xxl                                      0x2000013c   Data           4  controltask.o(.data)
    xml                                      0x20000140   Data           4  controltask.o(.data)
    lhy1                                     0x20000144   Data           4  controltask.o(.data)
    lhy2                                     0x20000148   Data           4  controltask.o(.data)
    lhy3                                     0x2000014c   Data           4  controltask.o(.data)
    lhp1                                     0x20000150   Data           4  controltask.o(.data)
    lhp2                                     0x20000154   Data           4  controltask.o(.data)
    lhp3                                     0x20000158   Data           4  controltask.o(.data)
    TravelSwitch_1                           0x2000015c   Data           1  controltask.o(.data)
    TravelSwitch_2                           0x2000015d   Data           1  controltask.o(.data)
    GMPPositionPID                           0x20000160   Data          84  controltask.o(.data)
    GMPSpeedPID                              0x200001b4   Data          84  controltask.o(.data)
    GMYPositionPID                           0x20000208   Data          84  controltask.o(.data)
    GMYSpeedPID                              0x2000025c   Data          84  controltask.o(.data)
    CMRotatePID                              0x200002b0   Data          84  controltask.o(.data)
    CM1SpeedPID                              0x20000304   Data          84  controltask.o(.data)
    CM2SpeedPID                              0x20000358   Data          84  controltask.o(.data)
    CM3SpeedPID                              0x200003ac   Data          84  controltask.o(.data)
    CM4SpeedPID                              0x20000400   Data          84  controltask.o(.data)
    ShootMotorSpeedPID                       0x20000454   Data          84  controltask.o(.data)
    vice_fwheelspeedPID                      0x200004a8   Data          84  controltask.o(.data)
    vice_bwheelspeedPID                      0x200004fc   Data          84  controltask.o(.data)
    across1wheelspeedPID                     0x20000550   Data          84  controltask.o(.data)
    across2wheelspeedPID                     0x200005a4   Data          84  controltask.o(.data)
    WumingspeedPID                           0x200005f8   Data          84  controltask.o(.data)
    armspeedPID                              0x2000064c   Data          84  controltask.o(.data)
    handspeedPID                             0x200006a0   Data          84  controltask.o(.data)
    lastWorkState                            0x200006f4   Data           1  controltask.o(.data)
    workState                                0x200006f5   Data           1  controltask.o(.data)
    GMPitchRamp                              0x200006f8   Data          36  controltask.o(.data)
    GMYawRamp                                0x2000071c   Data          36  controltask.o(.data)
    pwm_ccr                                  0x20000744   Data           2  controltask.o(.data)
    ChassisSpeedRef                          0x20000770   Data           8  remotetask.o(.data)
    friction_wheel_state                     0x20000778   Data           1  remotetask.o(.data)
    frictionRamp                             0x2000077c   Data          36  remotetask.o(.data)
    LRSpeedRamp                              0x200007a0   Data          36  remotetask.o(.data)
    FBSpeedRamp                              0x200007c4   Data          36  remotetask.o(.data)
    lost_counter                             0x200007f0   Data          44  supervisetask.o(.data)
    lost_err                                 0x2000081c   Data           4  supervisetask.o(.data)
    p_kp                                     0x2000082c   Data           4  pid.o(.data)
    p_ki                                     0x20000830   Data           4  pid.o(.data)
    p_kd                                     0x20000834   Data           4  pid.o(.data)
    s_kp                                     0x20000838   Data           4  pid.o(.data)
    s_ki                                     0x2000083c   Data           4  pid.o(.data)
    s_kd                                     0x20000840   Data           4  pid.o(.data)
    position_output                          0x20000844   Data           4  pid.o(.data)
    speed_p_old                              0x20000848   Data           4  pid.o(.data)
    speed_p                                  0x2000084c   Data           4  pid.o(.data)
    speed_i                                  0x20000850   Data           4  pid.o(.data)
    PID_Flag                                 0x20000854   Data           3  protocol.o(.data)
    Upload_Speed                             0x20000858   Data           4  protocol.o(.data)
    system_micrsecond                        0x2000085c   Data           4  protocol.o(.data)
    TxCounter                                0x20000860   Data           1  protocol.o(.data)
    count                                    0x20000861   Data           1  protocol.o(.data)
    Rx_Act                                   0x20000862   Data           1  protocol.o(.data)
    Rx_Adr                                   0x20000863   Data           1  protocol.o(.data)
    Rx_Ok0                                   0x20000864   Data           1  protocol.o(.data)
    Rx_Ok1                                   0x20000865   Data           1  protocol.o(.data)
    __stdout                                 0x20000868   Data           4  stdout.o(.data)
    Rx_Buf                                   0x200008a8   Data          64  usart3.o(.bss)
    HANDEncoder                              0x200008e8   Data          68  can2.o(.bss)
    CM1Encoder                               0x2000092c   Data          68  canbustask.o(.bss)
    CM2Encoder                               0x20000970   Data          68  canbustask.o(.bss)
    CM3Encoder                               0x200009b4   Data          68  canbustask.o(.bss)
    CM4Encoder                               0x200009f8   Data          68  canbustask.o(.bss)
    GMYawEncoder                             0x20000a3c   Data          68  canbustask.o(.bss)
    GMPitchEncoder                           0x20000a80   Data          68  canbustask.o(.bss)
    Motor1_Measure                           0x20000ac4   Data          10  canbustask.o(.bss)
    Motor2_Measure                           0x20000ace   Data          10  canbustask.o(.bss)
    Motor3_Measure                           0x20000ad8   Data          10  canbustask.o(.bss)
    Motor4_Measure                           0x20000ae2   Data          10  canbustask.o(.bss)
    key_mouse                                0x20000aec   Data          22  controltask.o(.bss)
    RC_CtrlData                              0x20000b04   Data          24  remotetask.o(.bss)
    GimbalRef                                0x20000b1c   Data          24  remotetask.o(.bss)
    data_to_send                             0x20000b4b   Data          50  protocol.o(.bss)
    TxBuffer                                 0x20000b7d   Data         256  protocol.o(.bss)
    __initial_sp                             0x200016e8   Data           0  startup_stm32f4xx.o(STACK)



==============================================================================

Memory Map of the image

  Image Entry point : 0x08000189

  Load Region LR_IROM1 (Base: 0x08000000, Size: 0x00004eb8, Max: 0x00200000, ABSOLUTE, COMPRESSED[0x00004734])

    Execution Region ER_IROM1 (Base: 0x08000000, Size: 0x0000464c, Max: 0x00200000, ABSOLUTE)

    Base Addr    Size         Type   Attr      Idx    E Section Name        Object

    0x08000000   0x00000188   Data   RO         3690    RESET               startup_stm32f4xx.o
    0x08000188   0x00000000   Code   RO         5002  * .ARM.Collect$$$$00000000  mc_w.l(entry.o)
    0x08000188   0x00000004   Code   RO         5319    .ARM.Collect$$$$00000001  mc_w.l(entry2.o)
    0x0800018c   0x00000004   Code   RO         5322    .ARM.Collect$$$$00000004  mc_w.l(entry5.o)
    0x08000190   0x00000000   Code   RO         5324    .ARM.Collect$$$$00000008  mc_w.l(entry7b.o)
    0x08000190   0x00000000   Code   RO         5326    .ARM.Collect$$$$0000000A  mc_w.l(entry8b.o)
    0x08000190   0x00000008   Code   RO         5327    .ARM.Collect$$$$0000000B  mc_w.l(entry9a.o)
    0x08000198   0x00000000   Code   RO         5329    .ARM.Collect$$$$0000000D  mc_w.l(entry10a.o)
    0x08000198   0x00000000   Code   RO         5331    .ARM.Collect$$$$0000000F  mc_w.l(entry11a.o)
    0x08000198   0x00000004   Code   RO         5320    .ARM.Collect$$$$00002712  mc_w.l(entry2.o)
    0x0800019c   0x00000024   Code   RO         3691    .text               startup_stm32f4xx.o
    0x080001c0   0x00000024   Code   RO         5005    .text               mc_w.l(memcpya.o)
    0x080001e4   0x0000002c   Code   RO         5334    .text               mc_w.l(uidiv.o)
    0x08000210   0x00000024   Code   RO         5360    .text               mc_w.l(init.o)
    0x08000234   0x00000056   Code   RO         5374    .text               mc_w.l(__dczerorl2.o)
    0x0800028a   0x0000005c   Code   RO         4069    i.Arcoss_Vice       canbustask.o
    0x080002e6   0x00000002   PAD
    0x080002e8   0x00000084   Code   RO          542    i.BSP_Init          bsp.o
    0x0800036c   0x00000004   Code   RO         3622    i.BusFault_Handler  stm32f4xx_it.o
    0x08000370   0x000000f4   Code   RO          428    i.CAN1_Config       can1.o
    0x08000464   0x00000360   Code   RO          429    i.CAN1_RX0_IRQHandler  can1.o
    0x080007c4   0x000000f4   Code   RO          683    i.CAN2_Config       can2.o
    0x080008b8   0x000001c4   Code   RO          684    i.CAN2_RX0_IRQHandler  can2.o
    0x08000a7c   0x000000a8   Code   RO         3163    i.CAN_ClearITPendingBit  stm32f4xx_can.o
    0x08000b24   0x00000108   Code   RO         3167    i.CAN_FilterInit    stm32f4xx_can.o
    0x08000c2c   0x00000120   Code   RO         3169    i.CAN_GetITStatus   stm32f4xx_can.o
    0x08000d4c   0x00000012   Code   RO         3173    i.CAN_ITConfig      stm32f4xx_can.o
    0x08000d5e   0x00000114   Code   RO         3174    i.CAN_Init          stm32f4xx_can.o
    0x08000e72   0x000000f0   Code   RO         3177    i.CAN_Receive       stm32f4xx_can.o
    0x08000f62   0x00000126   Code   RO         3182    i.CAN_Transmit      stm32f4xx_can.o
    0x08001088   0x00000012   Code   RO         3185    i.CheckITStatus     stm32f4xx_can.o
    0x0800109a   0x00000016   Code   RO         2974    i.DMA_Cmd           stm32f4xx_dma.o
    0x080010b0   0x00000158   Code   RO         2975    i.DMA_DeInit        stm32f4xx_dma.o
    0x08001208   0x00000016   Code   RO         2976    i.DMA_DoubleBufferModeCmd  stm32f4xx_dma.o
    0x0800121e   0x00000018   Code   RO         2977    i.DMA_DoubleBufferModeConfig  stm32f4xx_dma.o
    0x08001236   0x00000008   Code   RO         2980    i.DMA_GetCurrDataCounter  stm32f4xx_dma.o
    0x0800123e   0x00000014   Code   RO         2981    i.DMA_GetCurrentMemoryTarget  stm32f4xx_dma.o
    0x08001252   0x00000002   PAD
    0x08001254   0x00000058   Code   RO         2986    i.DMA_Init          stm32f4xx_dma.o
    0x080012ac   0x00000022   Code   RO         2990    i.DMA_StructInit    stm32f4xx_dma.o
    0x080012ce   0x00000002   PAD
    0x080012d0   0x0000014c   Code   RO         4934    i.DOOR_Init         door.o
    0x0800141c   0x000000e8   Code   RO         4839    i.Dataframe_Process  protocol.o
    0x08001504   0x00000002   Code   RO         3623    i.DebugMon_Handler  stm32f4xx_it.o
    0x08001506   0x00000002   PAD
    0x08001508   0x0000001c   Code   RO          889    i.EXTI0_IRQHandler  exti.o
    0x08001524   0x00000020   Code   RO          890    i.EXTI15_10_IRQHandler  exti.o
    0x08001544   0x0000001c   Code   RO          891    i.EXTI3_IRQHandler  exti.o
    0x08001560   0x00000028   Code   RO          892    i.EXTI9_5_IRQHandler  exti.o
    0x08001588   0x0000000c   Code   RO         2907    i.EXTI_ClearITPendingBit  stm32f4xx_exti.o
    0x08001594   0x00000028   Code   RO         2911    i.EXTI_GetITStatus  stm32f4xx_exti.o
    0x080015bc   0x00000094   Code   RO         2912    i.EXTI_Init         stm32f4xx_exti.o
    0x08001650   0x000000a8   Code   RO         4071    i.EncoderProcess    canbustask.o
    0x080016f8   0x00000010   Code   RO          566    i.Encoder_Start     encoder.o
    0x08001708   0x00000126   Code   RO          893    i.Exti_Configuration  exti.o
    0x0800182e   0x00000090   Code   RO         2607    i.GPIO_Init         stm32f4xx_gpio.o
    0x080018be   0x00000046   Code   RO         2608    i.GPIO_PinAFConfig  stm32f4xx_gpio.o
    0x08001904   0x00000004   Code   RO         2614    i.GPIO_ResetBits    stm32f4xx_gpio.o
    0x08001908   0x00000004   Code   RO         2615    i.GPIO_SetBits      stm32f4xx_gpio.o
    0x0800190c   0x00000012   Code   RO         2616    i.GPIO_StructInit   stm32f4xx_gpio.o
    0x0800191e   0x0000001a   Code   RO         4072    i.GetEncoderBias    canbustask.o
    0x08001938   0x0000000c   Code   RO         4520    i.GetInputMode      remotetask.o
    0x08001944   0x00000018   Code   RO         4634    i.GetLostCounter    supervisetask.o
    0x0800195c   0x0000007c   Code   RO         4521    i.GetRemoteSwitchAction  remotetask.o
    0x080019d8   0x0000000c   Code   RO         4202    i.GetWorkState      controltask.o
    0x080019e4   0x000000ac   Code   RO         4523    i.GimbalAngleLimit  remotetask.o
    0x08001a90   0x0000004c   Code   RO         4204    i.HANDPID           controltask.o
    0x08001adc   0x00000004   Code   RO         3624    i.HardFault_Handler  stm32f4xx_it.o
    0x08001ae0   0x000000f2   Code   RO         3959    i.IST8310_Init      test_imu.o
    0x08001bd2   0x0000003a   Code   RO         3960    i.IST_Reg_Read_By_MPU  test_imu.o
    0x08001c0c   0x00000040   Code   RO         3961    i.IST_Reg_Write_By_MPU  test_imu.o
    0x08001c4c   0x00000400   Code   RO         4205    i.Key_Mouse         controltask.o
    0x0800204c   0x000000f0   Code   RO          207    i.Led_Config        led.o
    0x0800213c   0x00000006   Code   RO         4748    i.LostCounterFeed   lost_counter.o
    0x08002142   0x00000002   PAD
    0x08002144   0x000001e8   Code   RO         4206    i.MOTORPID          controltask.o
    0x0800232c   0x0000007c   Code   RO         3963    i.MPU6050_Init      test_imu.o
    0x080023a8   0x00000048   Code   RO         3964    i.MPU6050_Read_Reg  test_imu.o
    0x080023f0   0x0000003c   Code   RO         3968    i.MPU6050_Write_Reg  test_imu.o
    0x0800242c   0x0000008c   Code   RO         3970    i.MPU_Auto_Read_IST_config  test_imu.o
    0x080024b8   0x00000004   Code   RO         3625    i.MemManage_Handler  stm32f4xx_it.o
    0x080024bc   0x000001d0   Code   RO         4525    i.MouseKeyControlProcess  remotetask.o
    0x0800268c   0x000000b8   Code   RO         4526    i.MouseShootControl  remotetask.o
    0x08002744   0x00000002   Code   RO         3626    i.NMI_Handler       stm32f4xx_it.o
    0x08002746   0x00000002   PAD
    0x08002748   0x00000078   Code   RO         3574    i.NVIC_Init         misc.o
    0x080027c0   0x00000014   Code   RO         3575    i.NVIC_PriorityGroupConfig  misc.o
    0x080027d4   0x000000d6   Code   RO         4698    i.PID_Calc          pid.o
    0x080028aa   0x00000002   PAD
    0x080028ac   0x00000028   Code   RO         4699    i.PID_Reset         pid.o
    0x080028d4   0x00000144   Code   RO         4700    i.POSITION_PID_Calc  pid.o
    0x08002a18   0x00000128   Code   RO          515    i.PWM_Config        gun.o
    0x08002b40   0x00000002   Code   RO         3627    i.PendSV_Handler    stm32f4xx_it.o
    0x08002b42   0x00000002   PAD
    0x08002b44   0x00000020   Code   RO         2049    i.RCC_AHB1PeriphClockCmd  stm32f4xx_rcc.o
    0x08002b64   0x00000020   Code   RO         2058    i.RCC_APB1PeriphClockCmd  stm32f4xx_rcc.o
    0x08002b84   0x00000020   Code   RO         2060    i.RCC_APB1PeriphResetCmd  stm32f4xx_rcc.o
    0x08002ba4   0x00000020   Code   RO         2061    i.RCC_APB2PeriphClockCmd  stm32f4xx_rcc.o
    0x08002bc4   0x00000020   Code   RO         2063    i.RCC_APB2PeriphResetCmd  stm32f4xx_rcc.o
    0x08002be4   0x000000e8   Code   RO         2070    i.RCC_GetClocksFreq  stm32f4xx_rcc.o
    0x08002ccc   0x0000002a   Code   RO         4783    i.RampCalc          ramp.o
    0x08002cf6   0x00000002   Code   RO         4784    i.RampInit          ramp.o
    0x08002cf8   0x00000012   Code   RO         4785    i.RampIsOverflow    ramp.o
    0x08002d0a   0x00000006   Code   RO         4786    i.RampResetCounter  ramp.o
    0x08002d10   0x00000004   Code   RO         4787    i.RampSetCounter    ramp.o
    0x08002d14   0x00000004   Code   RO         4788    i.RampSetScale      ramp.o
    0x08002d18   0x000001f0   Code   RO         4527    i.RemoteControlProcess  remotetask.o
    0x08002f08   0x000000e8   Code   RO         4528    i.RemoteDataPrcess  remotetask.o
    0x08002ff0   0x000000a0   Code   RO         4529    i.RemoteShootControl  remotetask.o
    0x08003090   0x000000ac   Code   RO          604    i.SPI5_Init         spi.o
    0x0800313c   0x00000038   Code   RO          605    i.SPI5_ReadWriteByte  spi.o
    0x08003174   0x00000018   Code   RO         3704    i.SPI_Cmd           stm32f4xx_spi.o
    0x0800318c   0x00000012   Code   RO         3712    i.SPI_I2S_GetFlagStatus  stm32f4xx_spi.o
    0x0800319e   0x00000006   Code   RO         3715    i.SPI_I2S_ReceiveData  stm32f4xx_spi.o
    0x080031a4   0x00000004   Code   RO         3716    i.SPI_I2S_SendData  stm32f4xx_spi.o
    0x080031a8   0x0000003c   Code   RO         3717    i.SPI_Init          stm32f4xx_spi.o
    0x080031e4   0x00000002   Code   RO         3628    i.SVC_Handler       stm32f4xx_it.o
    0x080031e6   0x00000002   PAD
    0x080031e8   0x00000040   Code   RO         1797    i.SYSCFG_EXTILineConfig  stm32f4xx_syscfg.o
    0x08003228   0x00000028   Code   RO         4532    i.SetInputMode      remotetask.o
    0x08003250   0x0000000c   Code   RO         4533    i.SetShootState     remotetask.o
    0x0800325c   0x000000ec   Code   RO          945    i.SetSysClock       system_stm32f4xx.o
    0x08003348   0x0000005c   Code   RO         4073    i.Set_CM_Speed      canbustask.o
    0x080033a4   0x00000054   Code   RO         4075    i.Set_GEThand       canbustask.o
    0x080033f8   0x00000068   Code   RO          947    i.SystemInit        system_stm32f4xx.o
    0x08003460   0x00000040   Code   RO          267    i.TIM2_IRQHandler   timer.o
    0x080034a0   0x00000038   Code   RO          269    i.TIM2_Stop         timer.o
    0x080034d8   0x0000004c   Code   RO          270    i.TIM6_Config       timer.o
    0x08003524   0x00000024   Code   RO          271    i.TIM6_DAC_IRQHandler  timer.o
    0x08003548   0x00000018   Code   RO         1232    i.TIM_ARRPreloadConfig  stm32f4xx_tim.o
    0x08003560   0x00000006   Code   RO         1238    i.TIM_ClearFlag     stm32f4xx_tim.o
    0x08003566   0x00000006   Code   RO         1239    i.TIM_ClearITPendingBit  stm32f4xx_tim.o
    0x0800356c   0x00000018   Code   RO         1244    i.TIM_Cmd           stm32f4xx_tim.o
    0x08003584   0x00000022   Code   RO         1265    i.TIM_GetITStatus   stm32f4xx_tim.o
    0x080035a6   0x00000012   Code   RO         1269    i.TIM_ITConfig      stm32f4xx_tim.o
    0x080035b8   0x0000007c   Code   RO         1273    i.TIM_OC1Init       stm32f4xx_tim.o
    0x08003634   0x00000012   Code   RO         1276    i.TIM_OC1PreloadConfig  stm32f4xx_tim.o
    0x08003646   0x00000002   PAD
    0x08003648   0x000000a4   Code   RO         1278    i.TIM_OC2Init       stm32f4xx_tim.o
    0x080036ec   0x0000001a   Code   RO         1281    i.TIM_OC2PreloadConfig  stm32f4xx_tim.o
    0x08003706   0x00000004   Code   RO         1310    i.TIM_SetCounter    stm32f4xx_tim.o
    0x0800370a   0x00000002   PAD
    0x0800370c   0x00000084   Code   RO         1316    i.TIM_TimeBaseInit  stm32f4xx_tim.o
    0x08003790   0x00000140   Code   RO          341    i.USART1_Config     usart1.o
    0x080038d0   0x000000d0   Code   RO          342    i.USART1_IRQHandler  usart1.o
    0x080039a0   0x00000028   Code   RO          641    i.USART2_IRQHandler  usart2.o
    0x080039c8   0x000000ac   Code   RO          374    i.USART3_Config     usart3.o
    0x08003a74   0x0000008c   Code   RO          375    i.USART3_IRQHandler  usart3.o
    0x08003b00   0x00000018   Code   RO         1036    i.USART_Cmd         stm32f4xx_usart.o
    0x08003b18   0x00000012   Code   RO         1037    i.USART_DMACmd      stm32f4xx_usart.o
    0x08003b2a   0x00000002   PAD
    0x08003b2c   0x000000b4   Code   RO         1038    i.USART_DeInit      stm32f4xx_usart.o
    0x08003be0   0x0000001a   Code   RO         1039    i.USART_GetFlagStatus  stm32f4xx_usart.o
    0x08003bfa   0x00000054   Code   RO         1040    i.USART_GetITStatus  stm32f4xx_usart.o
    0x08003c4e   0x0000004a   Code   RO         1042    i.USART_ITConfig    stm32f4xx_usart.o
    0x08003c98   0x000000d4   Code   RO         1043    i.USART_Init        stm32f4xx_usart.o
    0x08003d6c   0x00000008   Code   RO         1053    i.USART_SendData    stm32f4xx_usart.o
    0x08003d74   0x00000018   Code   RO         1059    i.USART_StructInit  stm32f4xx_usart.o
    0x08003d8c   0x00000004   Code   RO         3629    i.UsageFault_Handler  stm32f4xx_it.o
    0x08003d90   0x000001e8   Code   RO         4212    i.WuMingLunPID      controltask.o
    0x08003f78   0x00000020   Code   RO         5054    i.__0printf$1       mc_w.l(printf1.o)
    0x08003f98   0x0000000e   Code   RO         5368    i.__scatterload_copy  mc_w.l(handlers.o)
    0x08003fa6   0x00000002   Code   RO         5369    i.__scatterload_null  mc_w.l(handlers.o)
    0x08003fa8   0x0000000e   Code   RO         5370    i.__scatterload_zeroinit  mc_w.l(handlers.o)
    0x08003fb6   0x00000002   PAD
    0x08003fb8   0x00000154   Code   RO         5061    i._printf_core      mc_w.l(printf1.o)
    0x0800410c   0x0000001c   Code   RO          235    i.delay_ms          delay.o
    0x08004128   0x00000050   Code   RO         4079    i.forward           canbustask.o
    0x08004178   0x00000024   Code   RO          378    i.fputc             usart3.o
    0x0800419c   0x0000007c   Code   RO            4    i.main              main.o
    0x08004218   0x0000006c   Code   RO         4082    i.nishizhen         canbustask.o
    0x08004284   0x00000314   Code   RO         4213    i.remote            controltask.o
    0x08004598   0x0000006c   Code   RO         4083    i.right_pinyi       canbustask.o
    0x08004604   0x00000010   Code   RO         4085    i.stop              canbustask.o
    0x08004614   0x00000018   Data   RO         3972    .constdata          test_imu.o
    0x0800462c   0x00000020   Data   RO         5366    Region$$Table       anon$$obj.o


    Execution Region RW_IRAM1 (Base: 0x20000000, Size: 0x000016e8, Max: 0x00030000, ABSOLUTE, COMPRESSED[0x000000e8])

    Base Addr    Size         Type   Attr      Idx    E Section Name        Object

    0x20000000   0x00000004   Data   RW          344    .data               usart1.o
    0x20000004   0x00000048   Data   RW          431    .data               can1.o
    0x2000004c   0x00000004   Data   RW          644    .data               usart2.o
    0x20000050   0x00000024   Data   RW          686    .data               can2.o
    0x20000074   0x00000008   Data   RW          894    .data               exti.o
    0x2000007c   0x00000010   Data   RW         2102    .data               stm32f4xx_rcc.o
    0x2000008c   0x00000013   Data   RW         3973    .data               test_imu.o
    0x2000009f   0x00000001   PAD
    0x200000a0   0x000006ce   Data   RW         4215    .data               controltask.o
    0x2000076e   0x00000002   PAD
    0x20000770   0x00000080   Data   RW         4535    .data               remotetask.o
    0x200007f0   0x0000003c   Data   RW         4642    .data               supervisetask.o
    0x2000082c   0x00000028   Data   RW         4702    .data               pid.o
    0x20000854   0x00000012   Data   RW         4850    .data               protocol.o
    0x20000866   0x00000002   PAD
    0x20000868   0x00000004   Data   RW         5333    .data               mc_w.l(stdout.o)
    0x2000086c   0x0000003c   Zero   RW          343    .bss                usart1.o
    0x200008a8   0x00000040   Zero   RW          379    .bss                usart3.o
    0x200008e8   0x00000044   Zero   RW          685    .bss                can2.o
    0x2000092c   0x000001c0   Zero   RW         4086    .bss                canbustask.o
    0x20000aec   0x00000016   Zero   RW         4214    .bss                controltask.o
    0x20000b02   0x00000002   PAD
    0x20000b04   0x00000047   Zero   RW         4534    .bss                remotetask.o
    0x20000b4b   0x00000199   Zero   RW         4849    .bss                protocol.o
    0x20000ce4   0x00000004   PAD
    0x20000ce8   0x00000a00   Zero   RW         3688    STACK               startup_stm32f4xx.o


==============================================================================

Image component sizes


      Code (inc. data)   RO Data    RW Data    ZI Data      Debug   Object Name

       132          6          0          0          0        587   bsp.o
      1108        112          0         72          0       2847   can1.o
       696         88          0         36         68     267736   can2.o
       774         68          0          0        448       7023   canbustask.o
      2876        364          0       1742         22      12842   controltask.o
        28          0          0          0          0        635   delay.o
       332         18          0          0          0        744   door.o
        16          6          0          0          0        496   encoder.o
       422         20          0          8          0       3187   exti.o
       296         14          0          0          0        745   gun.o
       240         12          0          0          0        657   led.o
         6          0          0          0          0        862   lost_counter.o
       124         22          0          0          0     325669   main.o
       140         24          0          0          0       1663   misc.o
       578         52          0         40          0       2511   pid.o
       232         20          0         18        409       2252   protocol.o
        76          0          0          0          0       3702   ramp.o
      1896        124          0        128         71      10783   remotetask.o
       228         16          0          0          0       1297   spi.o
        36          8        392          0       2560        860   startup_stm32f4xx.o
      1566         16          0          0          0       6810   stm32f4xx_can.o
       562         26          0          0          0       6440   stm32f4xx_dma.o
       200         18          0          0          0       2300   stm32f4xx_exti.o
       240          0          0          0          0       3673   stm32f4xx_gpio.o
        24          0          0          0          0       4160   stm32f4xx_it.o
       392         48          0         16          0       6181   stm32f4xx_rcc.o
       112          0          0          0          0       3746   stm32f4xx_spi.o
        64          4          0          0          0        696   stm32f4xx_syscfg.o
       580         48          0          0          0       8600   stm32f4xx_tim.o
       650         32          0          0          0       7138   stm32f4xx_usart.o
        24          6          0         60          0       2171   supervisetask.o
       340         32          0          0          0     326397   system_stm32f4xx.o
       760         36         24         19          0       7573   test_imu.o
       232         26          0          0          0       2194   timer.o
       528         40          0          4         60       1992   usart1.o
        40          8          0          4          0       1272   usart2.o
       348         30          0          0         64       2637   usart3.o

    ----------------------------------------------------------------------
     16922       1344        448       2152       3708    1041078   Object Totals
         0          0         32          0          0          0   (incl. Generated)
        24          0          0          5          6          0   (incl. Padding)

    ----------------------------------------------------------------------

      Code (inc. data)   RO Data    RW Data    ZI Data      Debug   Library Member Name

        86          0          0          0          0          0   __dczerorl2.o
         0          0          0          0          0          0   entry.o
         0          0          0          0          0          0   entry10a.o
         0          0          0          0          0          0   entry11a.o
         8          4          0          0          0          0   entry2.o
         4          0          0          0          0          0   entry5.o
         0          0          0          0          0          0   entry7b.o
         0          0          0          0          0          0   entry8b.o
         8          4          0          0          0          0   entry9a.o
        30          0          0          0          0          0   handlers.o
        36          8          0          0          0         68   init.o
        36          0          0          0          0         68   memcpya.o
       372         14          0          0          0        184   printf1.o
         0          0          0          4          0          0   stdout.o
        44          0          0          0          0         80   uidiv.o

    ----------------------------------------------------------------------
       626         30          0          4          0        400   Library Totals
         2          0          0          0          0          0   (incl. Padding)

    ----------------------------------------------------------------------

      Code (inc. data)   RO Data    RW Data    ZI Data      Debug   Library Name

       624         30          0          4          0        400   mc_w.l

    ----------------------------------------------------------------------
       626         30          0          4          0        400   Library Totals

    ----------------------------------------------------------------------

==============================================================================


      Code (inc. data)   RO Data    RW Data    ZI Data      Debug   

     17548       1374        448       2156       3708    1028658   Grand Totals
     17548       1374        448        232       3708    1028658   ELF Image Totals (compressed)
     17548       1374        448        232          0          0   ROM Totals

==============================================================================

    Total RO  Size (Code + RO Data)                17996 (  17.57kB)
    Total RW  Size (RW Data + ZI Data)              5864 (   5.73kB)
    Total ROM Size (Code + RO Data + RW Data)      18228 (  17.80kB)

==============================================================================

