Component: ARM Compiler 5.06 update 3 (build 300) Tool: armlink [4d35c9]

==============================================================================

Section Cross References

    main.o(i.main) refers to bsp.o(i.BSP_Init) for BSP_Init
    main.o(i.main) refers to stm32f4xx_gpio.o(i.GPIO_SetBits) for GPIO_SetBits
    main.o(i.main) refers to pid.o(i.PID_Reset) for PID_Reset
    main.o(i.main) refers to delay.o(i.delay_ms) for delay_ms
    main.o(i.main) refers to test_imu.o(i.MPU6050_Init) for MPU6050_Init
    main.o(i.main) refers to test_imu.o(i.IST8310_Init) for IST8310_Init
    main.o(i.main) refers to imu.o(i.Init_Quaternion) for Init_Quaternion
    main.o(i.main) refers to timer.o(i.TIM6_Start) for TIM6_Start
    main.o(i.main) refers to imu.o(i.IMU_getYawPitchRoll) for IMU_getYawPitchRoll
    main.o(i.main) refers to controltask.o(i.remote) for remote
    main.o(i.main) refers to lbpid.o(i.imu_PID) for imu_PID
    main.o(i.main) refers to lbpid.o(i.Gimbal_Set) for Gimbal_Set
    main.o(i.main) refers to controltask.o(.data) for GMPPositionPID
    main.o(i.main) refers to imu.o(.bss) for angle
    main.o(i.main) refers to main.o(.data) for BAIDONG_YAW_flag
    main.o(i.main) refers to imu.o(.data) for yaw_angle
    main.o(i.main) refers to test_imu.o(.bss) for MPU6050_Real_Data
    main.o(i.main) refers to can1.o(.data) for REAL_YY
    led.o(i.Led_Config) refers to stm32f4xx_rcc.o(i.RCC_AHB1PeriphClockCmd) for RCC_AHB1PeriphClockCmd
    led.o(i.Led_Config) refers to stm32f4xx_gpio.o(i.GPIO_Init) for GPIO_Init
    led.o(i.Led_Config) refers to stm32f4xx_gpio.o(i.GPIO_SetBits) for GPIO_SetBits
    timer.o(i.TIM2_Config) refers to stm32f4xx_rcc.o(i.RCC_APB1PeriphClockCmd) for RCC_APB1PeriphClockCmd
    timer.o(i.TIM2_Config) refers to stm32f4xx_tim.o(i.TIM_ARRPreloadConfig) for TIM_ARRPreloadConfig
    timer.o(i.TIM2_Config) refers to stm32f4xx_tim.o(i.TIM_TimeBaseInit) for TIM_TimeBaseInit
    timer.o(i.TIM2_Config) refers to stm32f4xx_tim.o(i.TIM_Cmd) for TIM_Cmd
    timer.o(i.TIM2_IRQHandler) refers to stm32f4xx_tim.o(i.TIM_GetITStatus) for TIM_GetITStatus
    timer.o(i.TIM2_IRQHandler) refers to stm32f4xx_tim.o(i.TIM_ClearITPendingBit) for TIM_ClearITPendingBit
    timer.o(i.TIM2_IRQHandler) refers to stm32f4xx_tim.o(i.TIM_ClearFlag) for TIM_ClearFlag
    timer.o(i.TIM6_Config) refers to stm32f4xx_rcc.o(i.RCC_APB1PeriphClockCmd) for RCC_APB1PeriphClockCmd
    timer.o(i.TIM6_Config) refers to misc.o(i.NVIC_Init) for NVIC_Init
    timer.o(i.TIM6_Config) refers to stm32f4xx_tim.o(i.TIM_TimeBaseInit) for TIM_TimeBaseInit
    timer.o(i.TIM6_DAC_IRQHandler) refers to stm32f4xx_tim.o(i.TIM_GetITStatus) for TIM_GetITStatus
    timer.o(i.TIM6_DAC_IRQHandler) refers to stm32f4xx_tim.o(i.TIM_ClearITPendingBit) for TIM_ClearITPendingBit
    timer.o(i.TIM6_DAC_IRQHandler) refers to stm32f4xx_tim.o(i.TIM_ClearFlag) for TIM_ClearFlag
    timer.o(i.TIM6_Start) refers to stm32f4xx_tim.o(i.TIM_Cmd) for TIM_Cmd
    timer.o(i.TIM6_Start) refers to stm32f4xx_tim.o(i.TIM_ITConfig) for TIM_ITConfig
    timer.o(i.TIM6_Start) refers to stm32f4xx_tim.o(i.TIM_ClearFlag) for TIM_ClearFlag
    timer.o(i.TIM6_Stop) refers to stm32f4xx_tim.o(i.TIM_Cmd) for TIM_Cmd
    timer.o(i.TIM6_Stop) refers to stm32f4xx_tim.o(i.TIM_ITConfig) for TIM_ITConfig
    timer.o(i.TIM6_Stop) refers to stm32f4xx_tim.o(i.TIM_ClearFlag) for TIM_ClearFlag
    usart1.o(i.USART1_Config) refers to stm32f4xx_rcc.o(i.RCC_AHB1PeriphClockCmd) for RCC_AHB1PeriphClockCmd
    usart1.o(i.USART1_Config) refers to stm32f4xx_rcc.o(i.RCC_APB2PeriphClockCmd) for RCC_APB2PeriphClockCmd
    usart1.o(i.USART1_Config) refers to stm32f4xx_gpio.o(i.GPIO_PinAFConfig) for GPIO_PinAFConfig
    usart1.o(i.USART1_Config) refers to stm32f4xx_gpio.o(i.GPIO_StructInit) for GPIO_StructInit
    usart1.o(i.USART1_Config) refers to stm32f4xx_gpio.o(i.GPIO_Init) for GPIO_Init
    usart1.o(i.USART1_Config) refers to stm32f4xx_usart.o(i.USART_DeInit) for USART_DeInit
    usart1.o(i.USART1_Config) refers to stm32f4xx_usart.o(i.USART_StructInit) for USART_StructInit
    usart1.o(i.USART1_Config) refers to stm32f4xx_usart.o(i.USART_Init) for USART_Init
    usart1.o(i.USART1_Config) refers to stm32f4xx_usart.o(i.USART_DMACmd) for USART_DMACmd
    usart1.o(i.USART1_Config) refers to stm32f4xx_dma.o(i.DMA_DeInit) for DMA_DeInit
    usart1.o(i.USART1_Config) refers to stm32f4xx_dma.o(i.DMA_StructInit) for DMA_StructInit
    usart1.o(i.USART1_Config) refers to stm32f4xx_dma.o(i.DMA_Init) for DMA_Init
    usart1.o(i.USART1_Config) refers to stm32f4xx_dma.o(i.DMA_DoubleBufferModeConfig) for DMA_DoubleBufferModeConfig
    usart1.o(i.USART1_Config) refers to stm32f4xx_dma.o(i.DMA_DoubleBufferModeCmd) for DMA_DoubleBufferModeCmd
    usart1.o(i.USART1_Config) refers to stm32f4xx_dma.o(i.DMA_Cmd) for DMA_Cmd
    usart1.o(i.USART1_Config) refers to misc.o(i.NVIC_Init) for NVIC_Init
    usart1.o(i.USART1_Config) refers to stm32f4xx_usart.o(i.USART_ITConfig) for USART_ITConfig
[...]
    i.Encoder_Start                          0x0800170c   Section        0  encoder.o(i.Encoder_Start)
    i.FRICTIONPID                            0x0800171c   Section        0  controltask.o(i.FRICTIONPID)
    i.GPIO_Init                              0x080017d4   Section        0  stm32f4xx_gpio.o(i.GPIO_Init)
    i.GPIO_PinAFConfig                       0x08001864   Section        0  stm32f4xx_gpio.o(i.GPIO_PinAFConfig)
    i.GPIO_ResetBits                         0x080018aa   Section        0  stm32f4xx_gpio.o(i.GPIO_ResetBits)
    i.GPIO_SetBits                           0x080018ae   Section        0  stm32f4xx_gpio.o(i.GPIO_SetBits)
    i.GPIO_StructInit                        0x080018b2   Section        0  stm32f4xx_gpio.o(i.GPIO_StructInit)
    i.GetInputMode                           0x080018c4   Section        0  remotetask.o(i.GetInputMode)
    i.GetLostCounter                         0x080018d0   Section        0  supervisetask.o(i.GetLostCounter)
    i.GetPitchYawGxGyGz                      0x080018e8   Section        0  imu.o(i.GetPitchYawGxGyGz)
    i.GetRemoteSwitchAction                  0x080019f0   Section        0  remotetask.o(i.GetRemoteSwitchAction)
    i.GetWorkState                           0x08001a6c   Section        0  controltask.o(i.GetWorkState)
    i.Get_Time_Micros                        0x08001a78   Section        0  timer.o(i.Get_Time_Micros)
    i.GimbalAngleLimit                       0x08001a80   Section        0  remotetask.o(i.GimbalAngleLimit)
    i.Gimbal_Set                             0x08001b2c   Section        0  lbpid.o(i.Gimbal_Set)
    i.HardFault_Handler                      0x08001b9c   Section        0  stm32f4xx_it.o(i.HardFault_Handler)
    i.IMU_AHRSupdate                         0x08001ba0   Section        0  imu.o(i.IMU_AHRSupdate)
    i.IMU_Get_Data                           0x08002364   Section        0  test_imu.o(i.IMU_Get_Data)
    i.IMU_getQ                               0x0800240c   Section        0  imu.o(i.IMU_getQ)
    i.IMU_getValues                          0x08002458   Section        0  imu.o(i.IMU_getValues)
    i.IMU_getYawPitchRoll                    0x0800251c   Section        0  imu.o(i.IMU_getYawPitchRoll)
    i.IST8310_Init                           0x08002758   Section        0  test_imu.o(i.IST8310_Init)
    i.IST_Reg_Read_By_MPU                    0x0800284a   Section        0  test_imu.o(i.IST_Reg_Read_By_MPU)
    IST_Reg_Read_By_MPU                      0x0800284b   Thumb Code    58  test_imu.o(i.IST_Reg_Read_By_MPU)
    i.IST_Reg_Write_By_MPU                   0x08002884   Section        0  test_imu.o(i.IST_Reg_Write_By_MPU)
    IST_Reg_Write_By_MPU                     0x08002885   Thumb Code    64  test_imu.o(i.IST_Reg_Write_By_MPU)
    i.Init_Quaternion                        0x080028c4   Section        0  imu.o(i.Init_Quaternion)
    i.Led_Config                             0x08002b7c   Section        0  led.o(i.Led_Config)
    i.LostCounterFeed                        0x08002c14   Section        0  lost_counter.o(i.LostCounterFeed)
    i.MOTORPID                               0x08002c1c   Section        0  controltask.o(i.MOTORPID)
    i.MPU6050_AverageFilter                  0x08002dfc   Section        0  test_imu.o(i.MPU6050_AverageFilter)
    i.MPU6050_Init                           0x08002ff0   Section        0  test_imu.o(i.MPU6050_Init)
    i.MPU6050_IntConfig                      0x0800306c   Section        0  mpu6500_interrupt.o(i.MPU6050_IntConfig)
    i.MPU6050_Read_Reg                       0x080030ec   Section        0  test_imu.o(i.MPU6050_Read_Reg)
    i.MPU6050_Read_Regs                      0x08003134   Section        0  test_imu.o(i.MPU6050_Read_Regs)
    i.MPU6050_Write_Reg                      0x08003190   Section        0  test_imu.o(i.MPU6050_Write_Reg)
    i.MPU6050_getMotion6                     0x080031cc   Section        0  test_imu.o(i.MPU6050_getMotion6)
    i.MPU_Auto_Read_IST_config               0x08003250   Section        0  test_imu.o(i.MPU_Auto_Read_IST_config)
    MPU_Auto_Read_IST_config                 0x08003251   Thumb Code   140  test_imu.o(i.MPU_Auto_Read_IST_config)
    i.MemManage_Handler                      0x080032dc   Section        0  stm32f4xx_it.o(i.MemManage_Handler)
    i.MouseKeyControlProcess                 0x080032e0   Section        0  remotetask.o(i.MouseKeyControlProcess)
    i.MouseShootControl                      0x080034b0   Section        0  remotetask.o(i.MouseShootControl)
    i.NMI_Handler                            0x080035c8   Section        0  stm32f4xx_it.o(i.NMI_Handler)
    i.NVIC_Init                              0x080035cc   Section        0  misc.o(i.NVIC_Init)
    i.NVIC_PriorityGroupConfig               0x08003644   Section        0  misc.o(i.NVIC_PriorityGroupConfig)
    i.PID_Calc                               0x08003658   Section        0  pid.o(i.PID_Calc)
    i.PID_Reset                              0x08003730   Section        0  pid.o(i.PID_Reset)
    i.PWM_Config                             0x08003758   Section        0  gun.o(i.PWM_Config)
    i.PendSV_Handler                         0x08003880   Section        0  stm32f4xx_it.o(i.PendSV_Handler)
    i.Pitch_PID                              0x08003884   Section        0  lbpid.o(i.Pitch_PID)
    i.RCC_AHB1PeriphClockCmd                 0x080039d0   Section        0  stm32f4xx_rcc.o(i.RCC_AHB1PeriphClockCmd)
    i.RCC_APB1PeriphClockCmd                 0x080039f0   Section        0  stm32f4xx_rcc.o(i.RCC_APB1PeriphClockCmd)
    i.RCC_APB1PeriphResetCmd                 0x08003a10   Section        0  stm32f4xx_rcc.o(i.RCC_APB1PeriphResetCmd)
    i.RCC_APB2PeriphClockCmd                 0x08003a30   Section        0  stm32f4xx_rcc.o(i.RCC_APB2PeriphClockCmd)
    i.RCC_APB2PeriphResetCmd                 0x08003a50   Section        0  stm32f4xx_rcc.o(i.RCC_APB2PeriphResetCmd)
    i.RCC_GetClocksFreq                      0x08003a70   Section        0  stm32f4xx_rcc.o(i.RCC_GetClocksFreq)
    i.RampCalc                               0x08003b58   Section        0  ramp.o(i.RampCalc)
    i.RampInit                               0x08003b82   Section        0  ramp.o(i.RampInit)
    i.RampIsOverflow                         0x08003b84   Section        0  ramp.o(i.RampIsOverflow)
    i.RampResetCounter                       0x08003b96   Section        0  ramp.o(i.RampResetCounter)
    i.RampSetCounter                         0x08003b9c   Section        0  ramp.o(i.RampSetCounter)
    i.RampSetScale                           0x08003ba0   Section        0  ramp.o(i.RampSetScale)
    i.RemoteControlProcess                   0x08003ba4   Section        0  remotetask.o(i.RemoteControlProcess)
    i.RemoteDataPrcess                       0x08003d94   Section        0  remotetask.o(i.RemoteDataPrcess)
    i.RemoteShootControl                     0x08003e6c   Section        0  remotetask.o(i.RemoteShootControl)
    i.SPI5_Init                              0x08003f6c   Section        0  spi.o(i.SPI5_Init)
    i.SPI5_ReadWriteByte                     0x08004018   Section        0  spi.o(i.SPI5_ReadWriteByte)
    i.SPI_Cmd                                0x08004050   Section        0  stm32f4xx_spi.o(i.SPI_Cmd)
    i.SPI_I2S_GetFlagStatus                  0x08004068   Section        0  stm32f4xx_spi.o(i.SPI_I2S_GetFlagStatus)
    i.SPI_I2S_ReceiveData                    0x0800407a   Section        0  stm32f4xx_spi.o(i.SPI_I2S_ReceiveData)
    i.SPI_I2S_SendData                       0x08004080   Section        0  stm32f4xx_spi.o(i.SPI_I2S_SendData)
    i.SPI_Init                               0x08004084   Section        0  stm32f4xx_spi.o(i.SPI_Init)
    i.SVC_Handler                            0x080040c0   Section        0  stm32f4xx_it.o(i.SVC_Handler)
    i.SYSCFG_EXTILineConfig                  0x080040c4   Section        0  stm32f4xx_syscfg.o(i.SYSCFG_EXTILineConfig)
    i.SetInputMode                           0x08004104   Section        0  remotetask.o(i.SetInputMode)
    i.SetShootState                          0x0800412c   Section        0  remotetask.o(i.SetShootState)
    i.SetSysClock                            0x08004138   Section        0  system_stm32f4xx.o(i.SetSysClock)
    SetSysClock                              0x08004139   Thumb Code   220  system_stm32f4xx.o(i.SetSysClock)
    i.Set_CM_Speed                           0x08004224   Section        0  canbustask.o(i.Set_CM_Speed)
    i.Set_Current                            0x08004280   Section        0  canbustask.o(i.Set_Current)
    i.Set_Gimbal_Current                     0x080042dc   Section        0  canbustask.o(i.Set_Gimbal_Current)
    i.SystemInit                             0x08004330   Section        0  system_stm32f4xx.o(i.SystemInit)
    i.TIM2_Config                            0x08004398   Section        0  timer.o(i.TIM2_Config)
    i.TIM2_IRQHandler                        0x080043d4   Section        0  timer.o(i.TIM2_IRQHandler)
    i.TIM6_Config                            0x080043f4   Section        0  timer.o(i.TIM6_Config)
    i.TIM6_DAC_IRQHandler                    0x08004440   Section        0  timer.o(i.TIM6_DAC_IRQHandler)
    i.TIM6_Start                             0x08004464   Section        0  timer.o(i.TIM6_Start)
    i.TIM_ARRPreloadConfig                   0x08004488   Section        0  stm32f4xx_tim.o(i.TIM_ARRPreloadConfig)
    i.TIM_ClearFlag                          0x080044a0   Section        0  stm32f4xx_tim.o(i.TIM_ClearFlag)
    i.TIM_ClearITPendingBit                  0x080044a6   Section        0  stm32f4xx_tim.o(i.TIM_ClearITPendingBit)
    i.TIM_Cmd                                0x080044ac   Section        0  stm32f4xx_tim.o(i.TIM_Cmd)
    i.TIM_GetITStatus                        0x080044c4   Section        0  stm32f4xx_tim.o(i.TIM_GetITStatus)
    i.TIM_ITConfig                           0x080044e6   Section        0  stm32f4xx_tim.o(i.TIM_ITConfig)
    i.TIM_OC1Init                            0x080044f8   Section        0  stm32f4xx_tim.o(i.TIM_OC1Init)
    i.TIM_OC1PreloadConfig                   0x08004574   Section        0  stm32f4xx_tim.o(i.TIM_OC1PreloadConfig)
    i.TIM_OC2Init                            0x08004588   Section        0  stm32f4xx_tim.o(i.TIM_OC2Init)
    i.TIM_OC2PreloadConfig                   0x0800462c   Section        0  stm32f4xx_tim.o(i.TIM_OC2PreloadConfig)
    i.TIM_TimeBaseInit                       0x08004648   Section        0  stm32f4xx_tim.o(i.TIM_TimeBaseInit)
    i.USART1_Config                          0x080046cc   Section        0  usart1.o(i.USART1_Config)
    i.USART1_IRQHandler                      0x0800480c   Section        0  usart1.o(i.USART1_IRQHandler)
    i.USART2_Config                          0x080048dc   Section        0  usart2.o(i.USART2_Config)
    i.USART2_IRQHandler                      0x08004988   Section        0  usart2.o(i.USART2_IRQHandler)
    i.USART3_Config                          0x08004a14   Section        0  usart3.o(i.USART3_Config)
    i.USART3_IRQHandler                      0x08004ac0   Section        0  usart3.o(i.USART3_IRQHandler)
    i.USART_Cmd                              0x08004b4c   Section        0  stm32f4xx_usart.o(i.USART_Cmd)
    i.USART_DMACmd                           0x08004b64   Section        0  stm32f4xx_usart.o(i.USART_DMACmd)
    i.USART_DeInit                           0x08004b78   Section        0  stm32f4xx_usart.o(i.USART_DeInit)
    i.USART_GetITStatus                      0x08004c2c   Section        0  stm32f4xx_usart.o(i.USART_GetITStatus)
    i.USART_ITConfig                         0x08004c80   Section        0  stm32f4xx_usart.o(i.USART_ITConfig)
    i.USART_Init                             0x08004ccc   Section        0  stm32f4xx_usart.o(i.USART_Init)
    i.USART_StructInit                       0x08004da0   Section        0  stm32f4xx_usart.o(i.USART_StructInit)
    i.UsageFault_Handler                     0x08004db8   Section        0  stm32f4xx_it.o(i.UsageFault_Handler)
    i.Yaw_PID                                0x08004dbc   Section        0  lbpid.o(i.Yaw_PID)
    i.__ARM_fpclassify                       0x08004f08   Section        0  fpclassify.o(i.__ARM_fpclassify)
    i.__hardfp_asin                          0x08004f38   Section        0  asin.o(i.__hardfp_asin)
    i.__hardfp_atan                          0x08005298   Section        0  atan.o(i.__hardfp_atan)
    i.__hardfp_atan2                         0x08005570   Section        0  atan2.o(i.__hardfp_atan2)
    i.__hardfp_fabs                          0x08005760   Section        0  fabs.o(i.__hardfp_fabs)
    i.__hardfp_sqrt                          0x08005774   Section        0  sqrt.o(i.__hardfp_sqrt)
    i.__kernel_poly                          0x080057ee   Section        0  poly.o(i.__kernel_poly)
    i.__mathlib_dbl_infnan                   0x080058e6   Section        0  dunder.o(i.__mathlib_dbl_infnan)
    i.__mathlib_dbl_infnan2                  0x080058fa   Section        0  dunder.o(i.__mathlib_dbl_infnan2)
    i.__mathlib_dbl_invalid                  0x08005910   Section        0  dunder.o(i.__mathlib_dbl_invalid)
    i.__mathlib_dbl_underflow                0x08005930   Section        0  dunder.o(i.__mathlib_dbl_underflow)
    i.__scatterload_copy                     0x08005950   Section       14  handlers.o(i.__scatterload_copy)
    i.__scatterload_null                     0x0800595e   Section        2  handlers.o(i.__scatterload_null)
    i.__scatterload_zeroinit                 0x08005960   Section       14  handlers.o(i.__scatterload_zeroinit)
    i.__set_errno                            0x08005970   Section        0  errno.o(i.__set_errno)
    i.atan                                   0x0800597c   Section        0  atan.o(i.atan)
    i.delay_ms                               0x0800598c   Section        0  delay.o(i.delay_ms)
    i.fabs                                   0x080059a8   Section        0  fabs.o(i.fabs)
    i.forward                                0x080059c0   Section        0  canbustask.o(i.forward)
    i.imu_PID                                0x08005a10   Section        0  lbpid.o(i.imu_PID)
    i.invSqrt                                0x08005af8   Section        0  imu.o(i.invSqrt)
    i.main                                   0x08005b34   Section        0  main.o(i.main)
    i.nishizhen                              0x08005c60   Section        0  canbustask.o(i.nishizhen)
    i.remote                                 0x08005ccc   Section        0  controltask.o(i.remote)
    i.right_pinyi                            0x08005f08   Section        0  canbustask.o(i.right_pinyi)
    i.sqrt                                   0x08005f74   Section        0  sqrt.o(i.sqrt)
    i.stop                                   0x08005fe2   Section        0  canbustask.o(i.stop)
    .constdata                               0x08005ff4   Section       24  test_imu.o(.constdata)
    .constdata                               0x08006010   Section       80  asin.o(.constdata)
    pS                                       0x08006010   Data          48  asin.o(.constdata)
    qS                                       0x08006040   Data          32  asin.o(.constdata)
    .constdata                               0x08006060   Section      152  atan.o(.constdata)
    atanhi                                   0x08006060   Data          32  atan.o(.constdata)
    atanlo                                   0x08006080   Data          32  atan.o(.constdata)
    aTodd                                    0x080060a0   Data          40  atan.o(.constdata)
    aTeven                                   0x080060c8   Data          48  atan.o(.constdata)
    .constdata                               0x080060f8   Section        8  qnan.o(.constdata)
    .data                                    0x20000000   Section       29  main.o(.data)
    .data                                    0x20000020   Section        4  usart1.o(.data)
    this_time_rx_len                         0x20000020   Data           4  usart1.o(.data)
    .data                                    0x20000024   Section       68  can1.o(.data)
    .data                                    0x20000068   Section       16  stm32f4xx_rcc.o(.data)
    APBAHBPrescTable                         0x20000068   Data          16  stm32f4xx_rcc.o(.data)
    .data                                    0x20000078   Section      112  imu.o(.data)
    gx                                       0x20000094   Data           4  imu.o(.data)
    gy                                       0x20000098   Data           4  imu.o(.data)
    gz                                       0x2000009c   Data           4  imu.o(.data)
    ax                                       0x200000a0   Data           4  imu.o(.data)
    ay                                       0x200000a4   Data           4  imu.o(.data)
    az                                       0x200000a8   Data           4  imu.o(.data)
    mx                                       0x200000ac   Data           4  imu.o(.data)
    my                                       0x200000b0   Data           4  imu.o(.data)
    mz                                       0x200000b4   Data           4  imu.o(.data)
    yaw_count                                0x200000e4   Data           4  imu.o(.data)
    .data                                    0x200000e8   Section        1  mpu6500_interrupt.o(.data)
    .data                                    0x200000e9   Section       19  test_imu.o(.data)
    MPU_Tx                                   0x200000ea   Data           1  test_imu.o(.data)
    MPU_Rx                                   0x200000eb   Data           1  test_imu.o(.data)
    MPU_Tx                                   0x200000ec   Data           1  test_imu.o(.data)
    MPU_Tx                                   0x200000ed   Data           1  test_imu.o(.data)
    MPU_Tx_buff                              0x200000ee   Data          14  test_imu.o(.data)
    .data                                    0x20000100   Section     1008  controltask.o(.data)
    time_tick_1ms                            0x200004e0   Data           4  controltask.o(.data)
    normalFlag                               0x200004e6   Data           1  controltask.o(.data)
    standbyFlag                              0x200004e7   Data           1  controltask.o(.data)
    modeChangeDelayCnt                       0x200004e8   Data           4  controltask.o(.data)
    angleSave                                0x200004ec   Data           4  controltask.o(.data)
    .data                                    0x200004f0   Section      128  remotetask.o(.data)
    shootState                               0x200004f9   Data           1  remotetask.o(.data)
    inputmode                                0x200004fa   Data           1  remotetask.o(.data)
    switch_cnt                               0x20000568   Data           4  remotetask.o(.data)
    forward_back_speed                       0x2000056c   Data           2  remotetask.o(.data)
    left_right_speed                         0x2000056e   Data           2  remotetask.o(.data)
    .data                                    0x20000570   Section       60  supervisetask.o(.data)
    timeSpanCount                            0x200005a0   Data           4  supervisetask.o(.data)
    tempCount                                0x200005a4   Data           4  supervisetask.o(.data)
    sec                                      0x200005a8   Data           4  supervisetask.o(.data)
    .data                                    0x200005ac   Section       18  protocol.o(.data)
    .data                                    0x200005c0   Section      144  lbpid.o(.data)
    .data                                    0x20000650   Section        4  errno.o(.data)
    _errno                                   0x20000650   Data           4  errno.o(.data)
    .bss                                     0x20000654   Section       60  usart1.o(.bss)
    sbus_rx_buffer                           0x20000654   Data          60  usart1.o(.bss)
    .bss                                     0x20000690   Section       64  usart3.o(.bss)
    .bss                                     0x200006d0   Section       64  imu.o(.bss)
    q                                        0x200006f4   Data          16  imu.o(.bss)
    .bss                                     0x20000710   Section      244  test_imu.o(.bss)
    .bss                                     0x20000804   Section      448  canbustask.o(.bss)
    .bss                                     0x200009c4   Section       71  remotetask.o(.bss)
    switch1                                  0x200009f4   Data          23  remotetask.o(.bss)
    .bss                                     0x20000a0b   Section      409  protocol.o(.bss)
    calibrate                                0x20000b3d   Data         103  protocol.o(.bss)
    STACK                                    0x20000ba8   Section     2560  startup_stm32f4xx.o(STACK)

    Global Symbols

    Symbol Name                              Value     Ov Type        Size  Object(Section)

    BuildAttributes$$THM_ISAv4$E$P$D$K$B$S$7EM$VFPi3$EXTD16$VFPS$VFMA$PE$A:L22UL41UL21$X:L11$S22US41US21$IEEE1$IW$USESV6$~STKCKD$USESV7$~SHL$OTIME$ROPI$IEEEX$EBA8$MICROLIB$REQ8$PRES8$EABIv2 0x00000000   Number         0  anon$$obj.o ABSOLUTE
    __ARM_use_no_argv                        0x00000000   Number         0  main.o ABSOLUTE
    __cpp_initialize__aeabi_                  - Undefined Weak Reference
    __cxa_finalize                            - Undefined Weak Reference
    _clock_init                               - Undefined Weak Reference
    _microlib_exit                            - Undefined Weak Reference
    __Vectors_Size                           0x00000188   Number         0  startup_stm32f4xx.o ABSOLUTE
    __Vectors                                0x08000000   Data           4  startup_stm32f4xx.o(RESET)
    __Vectors_End                            0x08000188   Data           0  startup_stm32f4xx.o(RESET)
    __main                                   0x08000189   Thumb Code     0  entry.o(.ARM.Collect$$$$00000000)
    _main_stk                                0x08000189   Thumb Code     0  entry2.o(.ARM.Collect$$$$00000001)
    _main_scatterload                        0x0800018d   Thumb Code     0  entry5.o(.ARM.Collect$$$$00000004)
    __main_after_scatterload                 0x08000191   Thumb Code     0  entry5.o(.ARM.Collect$$$$00000004)
    _main_clock                              0x08000191   Thumb Code     0  entry7b.o(.ARM.Collect$$$$00000008)
    _main_cpp_init                           0x08000191   Thumb Code     0  entry8b.o(.ARM.Collect$$$$0000000A)
    _main_init                               0x08000191   Thumb Code     0  entry9a.o(.ARM.Collect$$$$0000000B)
    __rt_final_cpp                           0x08000199   Thumb Code     0  entry10a.o(.ARM.Collect$$$$0000000D)
    __rt_final_exit                          0x08000199   Thumb Code     0  entry11a.o(.ARM.Collect$$$$0000000F)
    Reset_Handler                            0x0800019d   Thumb Code     8  startup_stm32f4xx.o(.text)
    SysTick_Handler                          0x080001b5   Thumb Code     2  startup_stm32f4xx.o(.text)
    ADC_IRQHandler                           0x080001b7   Thumb Code     0  startup_stm32f4xx.o(.text)
    CAN1_RX1_IRQHandler                      0x080001b7   Thumb Code     0  startup_stm32f4xx.o(.text)
    CAN1_SCE_IRQHandler                      0x080001b7   Thumb Code     0  startup_stm32f4xx.o(.text)
    CAN1_TX_IRQHandler                       0x080001b7   Thumb Code     0  startup_stm32f4xx.o(.text)
    CAN2_RX0_IRQHandler                      0x080001b7   Thumb Code     0  startup_stm32f4xx.o(.text)
    CAN2_RX1_IRQHandler                      0x080001b7   Thumb Code     0  startup_stm32f4xx.o(.text)
    CAN2_SCE_IRQHandler                      0x080001b7   Thumb Code     0  startup_stm32f4xx.o(.text)
    CAN2_TX_IRQHandler                       0x080001b7   Thumb Code     0  startup_stm32f4xx.o(.text)
    CRYP_IRQHandler                          0x080001b7   Thumb Code     0  startup_stm32f4xx.o(.text)
    DCMI_IRQHandler                          0x080001b7   Thumb Code     0  startup_stm32f4xx.o(.text)
    DMA1_Stream0_IRQHandler                  0x080001b7   Thumb Code     0  startup_stm32f4xx.o(.text)
    DMA1_Stream1_IRQHandler                  0x080001b7   Thumb Code     0  startup_stm32f4xx.o(.text)
    DMA1_Stream2_IRQHandler                  0x080001b7   Thumb Code     0  startup_stm32f4xx.o(.text)
    DMA1_Stream3_IRQHandler                  0x080001b7   Thumb Code     0  startup_stm32f4xx.o(.text)
    DMA1_Stream4_IRQHandler                  0x080001b7   Thumb Code     0  startup_stm32f4xx.o(.text)
    DMA1_Stream5_IRQHandler                  0x080001b7   Thumb Code     0  startup_stm32f4xx.o(.text)
    DMA1_Stream6_IRQHandler                  0x080001b7   Thumb Code     0  startup_stm32f4xx.o(.text)
    DMA1_Stream7_IRQHandler                  0x080001b7   Thumb Code     0  startup_stm32f4xx.o(.text)
    DMA2_Stream0_IRQHandler                  0x080001b7   Thumb Code     0  startup_stm32f4xx.o(.text)
    DMA2_Stream1_IRQHandler                  0x080001b7   Thumb Code     0  startup_stm32f4xx.o(.text)
    DMA2_Stream2_IRQHandler                  0x080001b7   Thumb Code     0  startup_stm32f4xx.o(.text)
    DMA2_Stream3_IRQHandler                  0x080001b7   Thumb Code     0  startup_stm32f4xx.o(.text)
    DMA2_Stream4_IRQHandler                  0x080001b7   Thumb Code     0  startup_stm32f4xx.o(.text)
    DMA2_Stream5_IRQHandler                  0x080001b7   Thumb Code     0  startup_stm32f4xx.o(.text)
    DMA2_Stream6_IRQHandler                  0x080001b7   Thumb Code     0  startup_stm32f4xx.o(.text)
    DMA2_Stream7_IRQHandler                  0x080001b7   Thumb Code     0  startup_stm32f4xx.o(.text)
    ETH_IRQHandler                           0x080001b7   Thumb Code     0  startup_stm32f4xx.o(.text)
    ETH_WKUP_IRQHandler                      0x080001b7   Thumb Code     0  startup_stm32f4xx.o(.text)
    EXTI0_IRQHandler                         0x080001b7   Thumb Code     0  startup_stm32f4xx.o(.text)
    EXTI15_10_IRQHandler                     0x080001b7   Thumb Code     0  startup_stm32f4xx.o(.text)
    EXTI2_IRQHandler                         0x080001b7   Thumb Code     0  startup_stm32f4xx.o(.text)
    EXTI3_IRQHandler                         0x080001b7   Thumb Code     0  startup_stm32f4xx.o(.text)
    EXTI4_IRQHandler                         0x080001b7   Thumb Code     0  startup_stm32f4xx.o(.text)
    EXTI9_5_IRQHandler                       0x080001b7   Thumb Code     0  startup_stm32f4xx.o(.text)
    FLASH_IRQHandler                         0x080001b7   Thumb Code     0  startup_stm32f4xx.o(.text)
    FPU_IRQHandler                           0x080001b7   Thumb Code     0  startup_stm32f4xx.o(.text)
    FSMC_IRQHandler                          0x080001b7   Thumb Code     0  startup_stm32f4xx.o(.text)
    HASH_RNG_IRQHandler                      0x080001b7   Thumb Code     0  startup_stm32f4xx.o(.text)
    I2C1_ER_IRQHandler                       0x080001b7   Thumb Code     0  startup_stm32f4xx.o(.text)
    I2C1_EV_IRQHandler                       0x080001b7   Thumb Code     0  startup_stm32f4xx.o(.text)
    I2C2_ER_IRQHandler                       0x080001b7   Thumb Code     0  startup_stm32f4xx.o(.text)
    I2C2_EV_IRQHandler                       0x080001b7   Thumb Code     0  startup_stm32f4xx.o(.text)
    I2C3_ER_IRQHandler                       0x080001b7   Thumb Code     0  startup_stm32f4xx.o(.text)
    I2C3_EV_IRQHandler                       0x080001b7   Thumb Code     0  startup_stm32f4xx.o(.text)
    OTG_FS_IRQHandler                        0x080001b7   Thumb Code     0  startup_stm32f4xx.o(.text)
    OTG_FS_WKUP_IRQHandler                   0x080001b7   Thumb Code     0  startup_stm32f4xx.o(.text)
    OTG_HS_EP1_IN_IRQHandler                 0x080001b7   Thumb Code     0  startup_stm32f4xx.o(.text)
    OTG_HS_EP1_OUT_IRQHandler                0x080001b7   Thumb Code     0  startup_stm32f4xx.o(.text)
    OTG_HS_IRQHandler                        0x080001b7   Thumb Code     0  startup_stm32f4xx.o(.text)
    OTG_HS_WKUP_IRQHandler                   0x080001b7   Thumb Code     0  startup_stm32f4xx.o(.text)
    PVD_IRQHandler                           0x080001b7   Thumb Code     0  startup_stm32f4xx.o(.text)
    RCC_IRQHandler                           0x080001b7   Thumb Code     0  startup_stm32f4xx.o(.text)
    RTC_Alarm_IRQHandler                     0x080001b7   Thumb Code     0  startup_stm32f4xx.o(.text)
    RTC_WKUP_IRQHandler                      0x080001b7   Thumb Code     0  startup_stm32f4xx.o(.text)
    SDIO_IRQHandler                          0x080001b7   Thumb Code     0  startup_stm32f4xx.o(.text)
    SPI1_IRQHandler                          0x080001b7   Thumb Code     0  startup_stm32f4xx.o(.text)
    SPI2_IRQHandler                          0x080001b7   Thumb Code     0  startup_stm32f4xx.o(.text)
    SPI3_IRQHandler                          0x080001b7   Thumb Code     0  startup_stm32f4xx.o(.text)
    TAMP_STAMP_IRQHandler                    0x080001b7   Thumb Code     0  startup_stm32f4xx.o(.text)
    TIM1_BRK_TIM9_IRQHandler                 0x080001b7   Thumb Code     0  startup_stm32f4xx.o(.text)
    TIM1_CC_IRQHandler                       0x080001b7   Thumb Code     0  startup_stm32f4xx.o(.text)
    TIM1_TRG_COM_TIM11_IRQHandler            0x080001b7   Thumb Code     0  startup_stm32f4xx.o(.text)
    TIM1_UP_TIM10_IRQHandler                 0x080001b7   Thumb Code     0  startup_stm32f4xx.o(.text)
    TIM3_IRQHandler                          0x080001b7   Thumb Code     0  startup_stm32f4xx.o(.text)
    TIM4_IRQHandler                          0x080001b7   Thumb Code     0  startup_stm32f4xx.o(.text)
    TIM5_IRQHandler                          0x080001b7   Thumb Code     0  startup_stm32f4xx.o(.text)
    TIM7_IRQHandler                          0x080001b7   Thumb Code     0  startup_stm32f4xx.o(.text)
    TIM8_BRK_TIM12_IRQHandler                0x080001b7   Thumb Code     0  startup_stm32f4xx.o(.text)
    TIM8_CC_IRQHandler                       0x080001b7   Thumb Code     0  startup_stm32f4xx.o(.text)
    TIM8_TRG_COM_TIM14_IRQHandler            0x080001b7   Thumb Code     0  startup_stm32f4xx.o(.text)
    TIM8_UP_TIM13_IRQHandler                 0x080001b7   Thumb Code     0  startup_stm32f4xx.o(.text)
    UART4_IRQHandler                         0x080001b7   Thumb Code     0  startup_stm32f4xx.o(.text)
    UART5_IRQHandler                         0x080001b7   Thumb Code     0  startup_stm32f4xx.o(.text)
    USART6_IRQHandler                        0x080001b7   Thumb Code     0  startup_stm32f4xx.o(.text)
    WWDG_IRQHandler                          0x080001b7   Thumb Code     0  startup_stm32f4xx.o(.text)
    __aeabi_memcpy                           0x080001c1   Thumb Code    36  memcpya.o(.text)
    __aeabi_memcpy4                          0x080001c1   Thumb Code     0  memcpya.o(.text)
    __aeabi_memcpy8                          0x080001c1   Thumb Code     0  memcpya.o(.text)
    __aeabi_dmul                             0x080001e5   Thumb Code   228  dmul.o(.text)
    __aeabi_ddiv                             0x080002c9   Thumb Code   222  ddiv.o(.text)
    __aeabi_i2d                              0x080003a7   Thumb Code    34  dflti.o(.text)
    __aeabi_f2d                              0x080003c9   Thumb Code    38  f2d.o(.text)
    __aeabi_cdrcmple                         0x080003f1   Thumb Code    48  cdrcmple.o(.text)
    __aeabi_d2f                              0x08000421   Thumb Code    56  d2f.o(.text)
    __aeabi_llsr                             0x08000459   Thumb Code    32  llushr.o(.text)
    _ll_ushift_r                             0x08000459   Thumb Code     0  llushr.o(.text)
    __I$use$fp                               0x08000479   Thumb Code     0  iusefp.o(.text)
    _float_round                             0x08000479   Thumb Code    18  fepilogue.o(.text)
    _float_epilogue                          0x0800048b   Thumb Code    92  fepilogue.o(.text)
    _double_round                            0x080004e7   Thumb Code    30  depilogue.o(.text)
    _double_epilogue                         0x08000505   Thumb Code   156  depilogue.o(.text)
    __aeabi_dadd                             0x080005a1   Thumb Code   322  dadd.o(.text)
    __aeabi_dsub                             0x080006e3   Thumb Code     6  dadd.o(.text)
    __aeabi_drsub                            0x080006e9   Thumb Code     6  dadd.o(.text)
    _dsqrt                                   0x080006ef   Thumb Code   162  dsqrt.o(.text)
    __scatterload                            0x08000791   Thumb Code    28  init.o(.text)
    __scatterload_rt2                        0x08000791   Thumb Code     0  init.o(.text)
    __aeabi_llsl                             0x080007b5   Thumb Code    30  llshl.o(.text)
    _ll_shift_l                              0x080007b5   Thumb Code     0  llshl.o(.text)
    __aeabi_lasr                             0x080007d3   Thumb Code    36  llsshr.o(.text)
    _ll_sshift_r                             0x080007d3   Thumb Code     0  llsshr.o(.text)
    __decompress                             0x080007f7   Thumb Code     0  __dczerorl2.o(.text)
    __decompress1                            0x080007f7   Thumb Code    86  __dczerorl2.o(.text)
    BSP_Init                                 0x0800084d   Thumb Code    70  bsp.o(i.BSP_Init)
    BusFault_Handler                         0x08000893   Thumb Code     4  stm32f4xx_it.o(i.BusFault_Handler)
    CAN1_Config                              0x08000899   Thumb Code   234  can1.o(i.CAN1_Config)
    CAN1_RX0_IRQHandler                      0x0800098d   Thumb Code   722  can1.o(i.CAN1_RX0_IRQHandler)
    CAN_ClearITPendingBit                    0x08000cd1   Thumb Code   162  stm32f4xx_can.o(i.CAN_ClearITPendingBit)
    CAN_FilterInit                           0x08000d79   Thumb Code   258  stm32f4xx_can.o(i.CAN_FilterInit)
    CAN_GetITStatus                          0x08000e81   Thumb Code   284  stm32f4xx_can.o(i.CAN_GetITStatus)
    CAN_ITConfig                             0x08000fa1   Thumb Code    18  stm32f4xx_can.o(i.CAN_ITConfig)
    CAN_Init                                 0x08000fb3   Thumb Code   276  stm32f4xx_can.o(i.CAN_Init)
    CAN_Receive                              0x080010c7   Thumb Code   240  stm32f4xx_can.o(i.CAN_Receive)
    CAN_Transmit                             0x080011b7   Thumb Code   294  stm32f4xx_can.o(i.CAN_Transmit)
    DMA_Cmd                                  0x080012ef   Thumb Code    22  stm32f4xx_dma.o(i.DMA_Cmd)
    DMA_DeInit                               0x08001305   Thumb Code   324  stm32f4xx_dma.o(i.DMA_DeInit)
    DMA_DoubleBufferModeCmd                  0x0800145d   Thumb Code    22  stm32f4xx_dma.o(i.DMA_DoubleBufferModeCmd)
    DMA_DoubleBufferModeConfig               0x08001473   Thumb Code    24  stm32f4xx_dma.o(i.DMA_DoubleBufferModeConfig)
    DMA_GetCurrDataCounter                   0x0800148b   Thumb Code     8  stm32f4xx_dma.o(i.DMA_GetCurrDataCounter)
    DMA_GetCurrentMemoryTarget               0x08001493   Thumb Code    20  stm32f4xx_dma.o(i.DMA_GetCurrentMemoryTarget)
    DMA_Init                                 0x080014a9   Thumb Code    82  stm32f4xx_dma.o(i.DMA_Init)
    DMA_StructInit                           0x08001501   Thumb Code    34  stm32f4xx_dma.o(i.DMA_StructInit)
    Dataframe_Process                        0x08001525   Thumb Code   212  protocol.o(i.Dataframe_Process)
    DebugMon_Handler                         0x0800160d   Thumb Code     2  stm32f4xx_it.o(i.DebugMon_Handler)
    EXTI1_IRQHandler                         0x08001611   Thumb Code    34  mpu6500_interrupt.o(i.EXTI1_IRQHandler)
    EXTI_ClearFlag                           0x08001639   Thumb Code     6  stm32f4xx_exti.o(i.EXTI_ClearFlag)
    EXTI_ClearITPendingBit                   0x08001645   Thumb Code     6  stm32f4xx_exti.o(i.EXTI_ClearITPendingBit)
    EXTI_GetITStatus                         0x08001651   Thumb Code    34  stm32f4xx_exti.o(i.EXTI_GetITStatus)
    EXTI_Init                                0x08001679   Thumb Code   142  stm32f4xx_exti.o(i.EXTI_Init)
    Encoder_Start                            0x0800170d   Thumb Code    10  encoder.o(i.Encoder_Start)
    FRICTIONPID                              0x0800171d   Thumb Code   156  controltask.o(i.FRICTIONPID)
    GPIO_Init                                0x080017d5   Thumb Code   144  stm32f4xx_gpio.o(i.GPIO_Init)
    GPIO_PinAFConfig                         0x08001865   Thumb Code    70  stm32f4xx_gpio.o(i.GPIO_PinAFConfig)
    GPIO_ResetBits                           0x080018ab   Thumb Code     4  stm32f4xx_gpio.o(i.GPIO_ResetBits)
    GPIO_SetBits                             0x080018af   Thumb Code     4  stm32f4xx_gpio.o(i.GPIO_SetBits)
    GPIO_StructInit                          0x080018b3   Thumb Code    18  stm32f4xx_gpio.o(i.GPIO_StructInit)
    GetInputMode                             0x080018c5   Thumb Code     6  remotetask.o(i.GetInputMode)
    GetLostCounter                           0x080018d1   Thumb Code    18  supervisetask.o(i.GetLostCounter)
    GetPitchYawGxGyGz                        0x080018e9   Thumb Code   218  imu.o(i.GetPitchYawGxGyGz)
    GetRemoteSwitchAction                    0x080019f1   Thumb Code   120  remotetask.o(i.GetRemoteSwitchAction)
    GetWorkState                             0x08001a6d   Thumb Code     6  controltask.o(i.GetWorkState)
    Get_Time_Micros                          0x08001a79   Thumb Code     8  timer.o(i.Get_Time_Micros)
    GimbalAngleLimit                         0x08001a81   Thumb Code   158  remotetask.o(i.GimbalAngleLimit)
    Gimbal_Set                               0x08001b2d   Thumb Code    98  lbpid.o(i.Gimbal_Set)
    HardFault_Handler                        0x08001b9d   Thumb Code     4  stm32f4xx_it.o(i.HardFault_Handler)
    IMU_AHRSupdate                           0x08001ba1   Thumb Code  1920  imu.o(i.IMU_AHRSupdate)
    IMU_Get_Data                             0x08002365   Thumb Code   158  test_imu.o(i.IMU_Get_Data)
    IMU_getQ                                 0x0800240d   Thumb Code    56  imu.o(i.IMU_getQ)
    IMU_getValues                            0x08002459   Thumb Code   186  imu.o(i.IMU_getValues)
    IMU_getYawPitchRoll                      0x0800251d   Thumb Code   552  imu.o(i.IMU_getYawPitchRoll)
    IST8310_Init                             0x08002759   Thumb Code   242  test_imu.o(i.IST8310_Init)
    Init_Quaternion                          0x080028c5   Thumb Code   586  imu.o(i.Init_Quaternion)
    Led_Config                               0x08002b7d   Thumb Code   140  led.o(i.Led_Config)
    LostCounterFeed                          0x08002c15   Thumb Code     6  lost_counter.o(i.LostCounterFeed)
    MOTORPID                                 0x08002c1d   Thumb Code   436  controltask.o(i.MOTORPID)
    MPU6050_AverageFilter                    0x08002dfd   Thumb Code   494  test_imu.o(i.MPU6050_AverageFilter)
    MPU6050_Init                             0x08002ff1   Thumb Code   110  test_imu.o(i.MPU6050_Init)
    MPU6050_IntConfig                        0x0800306d   Thumb Code   124  mpu6500_interrupt.o(i.MPU6050_IntConfig)
    MPU6050_Read_Reg                         0x080030ed   Thumb Code    58  test_imu.o(i.MPU6050_Read_Reg)
    MPU6050_Read_Regs                        0x08003135   Thumb Code    78  test_imu.o(i.MPU6050_Read_Regs)
    MPU6050_Write_Reg                        0x08003191   Thumb Code    52  test_imu.o(i.MPU6050_Write_Reg)
    MPU6050_getMotion6                       0x080031cd   Thumb Code   118  test_imu.o(i.MPU6050_getMotion6)
    MemManage_Handler                        0x080032dd   Thumb Code     4  stm32f4xx_it.o(i.MemManage_Handler)
    MouseKeyControlProcess                   0x080032e1   Thumb Code   434  remotetask.o(i.MouseKeyControlProcess)
    MouseShootControl                        0x080034b1   Thumb Code   260  remotetask.o(i.MouseShootControl)
    NMI_Handler                              0x080035c9   Thumb Code     2  stm32f4xx_it.o(i.NMI_Handler)
    NVIC_Init                                0x080035cd   Thumb Code   106  misc.o(i.NVIC_Init)
    NVIC_PriorityGroupConfig                 0x08003645   Thumb Code    10  misc.o(i.NVIC_PriorityGroupConfig)
    PID_Calc                                 0x08003659   Thumb Code   214  pid.o(i.PID_Calc)
    PID_Reset                                0x08003731   Thumb Code    34  pid.o(i.PID_Reset)
    PWM_Config                               0x08003759   Thumb Code   282  gun.o(i.PWM_Config)
    PendSV_Handler                           0x08003881   Thumb Code     2  stm32f4xx_it.o(i.PendSV_Handler)
    Pitch_PID                                0x08003885   Thumb Code   268  lbpid.o(i.Pitch_PID)
    RCC_AHB1PeriphClockCmd                   0x080039d1   Thumb Code    26  stm32f4xx_rcc.o(i.RCC_AHB1PeriphClockCmd)
    RCC_APB1PeriphClockCmd                   0x080039f1   Thumb Code    26  stm32f4xx_rcc.o(i.RCC_APB1PeriphClockCmd)
    RCC_APB1PeriphResetCmd                   0x08003a11   Thumb Code    26  stm32f4xx_rcc.o(i.RCC_APB1PeriphResetCmd)
    RCC_APB2PeriphClockCmd                   0x08003a31   Thumb Code    26  stm32f4xx_rcc.o(i.RCC_APB2PeriphClockCmd)
    RCC_APB2PeriphResetCmd                   0x08003a51   Thumb Code    26  stm32f4xx_rcc.o(i.RCC_APB2PeriphResetCmd)
    RCC_GetClocksFreq                        0x08003a71   Thumb Code   214  stm32f4xx_rcc.o(i.RCC_GetClocksFreq)
    RampCalc                                 0x08003b59   Thumb Code    42  ramp.o(i.RampCalc)
    RampInit                                 0x08003b83   Thumb Code     2  ramp.o(i.RampInit)
    RampIsOverflow                           0x08003b85   Thumb Code    18  ramp.o(i.RampIsOverflow)
    RampResetCounter                         0x08003b97   Thumb Code     6  ramp.o(i.RampResetCounter)
    RampSetCounter                           0x08003b9d   Thumb Code     4  ramp.o(i.RampSetCounter)
    RampSetScale                             0x08003ba1   Thumb Code     4  ramp.o(i.RampSetScale)
    RemoteControlProcess                     0x08003ba5   Thumb Code   462  remotetask.o(i.RemoteControlProcess)
    RemoteDataPrcess                         0x08003d95   Thumb Code   210  remotetask.o(i.RemoteDataPrcess)
    RemoteShootControl                       0x08003e6d   Thumb Code   236  remotetask.o(i.RemoteShootControl)
    SPI5_Init                                0x08003f6d   Thumb Code   162  spi.o(i.SPI5_Init)
    SPI5_ReadWriteByte                       0x08004019   Thumb Code    50  spi.o(i.SPI5_ReadWriteByte)
    SPI_Cmd                                  0x08004051   Thumb Code    24  stm32f4xx_spi.o(i.SPI_Cmd)
    SPI_I2S_GetFlagStatus                    0x08004069   Thumb Code    18  stm32f4xx_spi.o(i.SPI_I2S_GetFlagStatus)
    SPI_I2S_ReceiveData                      0x0800407b   Thumb Code     6  stm32f4xx_spi.o(i.SPI_I2S_ReceiveData)
    SPI_I2S_SendData                         0x08004081   Thumb Code     4  stm32f4xx_spi.o(i.SPI_I2S_SendData)
    SPI_Init                                 0x08004085   Thumb Code    60  stm32f4xx_spi.o(i.SPI_Init)
    SVC_Handler                              0x080040c1   Thumb Code     2  stm32f4xx_it.o(i.SVC_Handler)
    SYSCFG_EXTILineConfig                    0x080040c5   Thumb Code    60  stm32f4xx_syscfg.o(i.SYSCFG_EXTILineConfig)
    SetInputMode                             0x08004105   Thumb Code    36  remotetask.o(i.SetInputMode)
    SetShootState                            0x0800412d   Thumb Code     6  remotetask.o(i.SetShootState)
    Set_CM_Speed                             0x08004225   Thumb Code    92  canbustask.o(i.Set_CM_Speed)
    Set_Current                              0x08004281   Thumb Code    92  canbustask.o(i.Set_Current)
    Set_Gimbal_Current                       0x080042dd   Thumb Code    82  canbustask.o(i.Set_Gimbal_Current)
    SystemInit                               0x08004331   Thumb Code    88  system_stm32f4xx.o(i.SystemInit)
    TIM2_Config                              0x08004399   Thumb Code    60  timer.o(i.TIM2_Config)
    TIM2_IRQHandler                          0x080043d5   Thumb Code    30  timer.o(i.TIM2_IRQHandler)
    TIM6_Config                              0x080043f5   Thumb Code    72  timer.o(i.TIM6_Config)
    TIM6_DAC_IRQHandler                      0x08004441   Thumb Code    30  timer.o(i.TIM6_DAC_IRQHandler)
    TIM6_Start                               0x08004465   Thumb Code    30  timer.o(i.TIM6_Start)
    TIM_ARRPreloadConfig                     0x08004489   Thumb Code    24  stm32f4xx_tim.o(i.TIM_ARRPreloadConfig)
    TIM_ClearFlag                            0x080044a1   Thumb Code     6  stm32f4xx_tim.o(i.TIM_ClearFlag)
    TIM_ClearITPendingBit                    0x080044a7   Thumb Code     6  stm32f4xx_tim.o(i.TIM_ClearITPendingBit)
    TIM_Cmd                                  0x080044ad   Thumb Code    24  stm32f4xx_tim.o(i.TIM_Cmd)
    TIM_GetITStatus                          0x080044c5   Thumb Code    34  stm32f4xx_tim.o(i.TIM_GetITStatus)
    TIM_ITConfig                             0x080044e7   Thumb Code    18  stm32f4xx_tim.o(i.TIM_ITConfig)
    TIM_OC1Init                              0x080044f9   Thumb Code   114  stm32f4xx_tim.o(i.TIM_OC1Init)
    TIM_OC1PreloadConfig                     0x08004575   Thumb Code    18  stm32f4xx_tim.o(i.TIM_OC1PreloadConfig)
    TIM_OC2Init                              0x08004589   Thumb Code   154  stm32f4xx_tim.o(i.TIM_OC2Init)
    TIM_OC2PreloadConfig                     0x0800462d   Thumb Code    26  stm32f4xx_tim.o(i.TIM_OC2PreloadConfig)
    TIM_TimeBaseInit                         0x08004649   Thumb Code   104  stm32f4xx_tim.o(i.TIM_TimeBaseInit)
    USART1_Config                            0x080046cd   Thumb Code   298  usart1.o(i.USART1_Config)
    USART1_IRQHandler                        0x0800480d   Thumb Code   190  usart1.o(i.USART1_IRQHandler)
    USART2_Config                            0x080048dd   Thumb Code   162  usart2.o(i.USART2_Config)
    USART2_IRQHandler                        0x08004989   Thumb Code   122  usart2.o(i.USART2_IRQHandler)
    USART3_Config                            0x08004a15   Thumb Code   164  usart3.o(i.USART3_Config)
    USART3_IRQHandler                        0x08004ac1   Thumb Code   122  usart3.o(i.USART3_IRQHandler)
    USART_Cmd                                0x08004b4d   Thumb Code    24  stm32f4xx_usart.o(i.USART_Cmd)
    USART_DMACmd                             0x08004b65   Thumb Code    18  stm32f4xx_usart.o(i.USART_DMACmd)
    USART_DeInit                             0x08004b79   Thumb Code   156  stm32f4xx_usart.o(i.USART_DeInit)
    USART_GetITStatus                        0x08004c2d   Thumb Code    84  stm32f4xx_usart.o(i.USART_GetITStatus)
    USART_ITConfig                           0x08004c81   Thumb Code    74  stm32f4xx_usart.o(i.USART_ITConfig)
    USART_Init                               0x08004ccd   Thumb Code   204  stm32f4xx_usart.o(i.USART_Init)
    USART_StructInit                         0x08004da1   Thumb Code    24  stm32f4xx_usart.o(i.USART_StructInit)
    UsageFault_Handler                       0x08004db9   Thumb Code     4  stm32f4xx_it.o(i.UsageFault_Handler)
    Yaw_PID                                  0x08004dbd   Thumb Code   268  lbpid.o(i.Yaw_PID)
    __ARM_fpclassify                         0x08004f09   Thumb Code    48  fpclassify.o(i.__ARM_fpclassify)
    __hardfp_asin                            0x08004f39   Thumb Code   770  asin.o(i.__hardfp_asin)
    __hardfp_atan                            0x08005299   Thumb Code   622  atan.o(i.__hardfp_atan)
    __hardfp_atan2                           0x08005571   Thumb Code   432  atan2.o(i.__hardfp_atan2)
    __hardfp_fabs                            0x08005761   Thumb Code    20  fabs.o(i.__hardfp_fabs)
    __hardfp_sqrt                            0x08005775   Thumb Code   122  sqrt.o(i.__hardfp_sqrt)
    __kernel_poly                            0x080057ef   Thumb Code   248  poly.o(i.__kernel_poly)
    __mathlib_dbl_infnan                     0x080058e7   Thumb Code    20  dunder.o(i.__mathlib_dbl_infnan)
    __mathlib_dbl_infnan2                    0x080058fb   Thumb Code    20  dunder.o(i.__mathlib_dbl_infnan2)
    __mathlib_dbl_invalid                    0x08005911   Thumb Code    24  dunder.o(i.__mathlib_dbl_invalid)
    __mathlib_dbl_underflow                  0x08005931   Thumb Code    24  dunder.o(i.__mathlib_dbl_underflow)
    __scatterload_copy                       0x08005951   Thumb Code    14  handlers.o(i.__scatterload_copy)
    __scatterload_null                       0x0800595f   Thumb Code     2  handlers.o(i.__scatterload_null)
    __scatterload_zeroinit                   0x08005961   Thumb Code    14  handlers.o(i.__scatterload_zeroinit)
    __set_errno                              0x08005971   Thumb Code     6  errno.o(i.__set_errno)
    atan                                     0x0800597d   Thumb Code    16  atan.o(i.atan)
    delay_ms                                 0x0800598d   Thumb Code    28  delay.o(i.delay_ms)
    fabs                                     0x080059a9   Thumb Code    24  fabs.o(i.fabs)
    forward                                  0x080059c1   Thumb Code    62  canbustask.o(i.forward)
    imu_PID                                  0x08005a11   Thumb Code   194  lbpid.o(i.imu_PID)
    invSqrt                                  0x08005af9   Thumb Code    56  imu.o(i.invSqrt)
    main                                     0x08005b35   Thumb Code   240  main.o(i.main)
    nishizhen                                0x08005c61   Thumb Code    90  canbustask.o(i.nishizhen)
    remote                                   0x08005ccd   Thumb Code   490  controltask.o(i.remote)
    right_pinyi                              0x08005f09   Thumb Code    90  canbustask.o(i.right_pinyi)
    sqrt                                     0x08005f75   Thumb Code   110  sqrt.o(i.sqrt)
    stop                                     0x08005fe3   Thumb Code    16  canbustask.o(i.stop)
    __mathlib_zero                           0x080060f8   Data           8  qnan.o(.constdata)
    Region$$Table$$Base                      0x08006100   Number         0  anon$$obj.o(Region$$Table)
    Region$$Table$$Limit                     0x08006120   Number         0  anon$$obj.o(Region$$Table)
    YAW                                      0x20000000   Data           4  main.o(.data)
    BAIDONG_YAW                              0x20000004   Data           4  main.o(.data)
    BAIDONG_YAW_flag                         0x20000008   Data           4  main.o(.data)
    stastic_yaw_angle                        0x2000000c   Data           4  main.o(.data)
    i                                        0x20000010   Data           4  main.o(.data)
    cxgkey                                   0x20000014   Data           4  main.o(.data)
    chazhi                                   0x20000018   Data           4  main.o(.data)
    data                                     0x2000001c   Data           1  main.o(.data)
    Fspeed_fdb                               0x20000024   Data           2  can1.o(.data)
    Uspeed_fdb                               0x20000026   Data           2  can1.o(.data)
    speed_fdb                                0x20000028   Data           2  can1.o(.data)
    Yp                                       0x2000002c   Data           4  can1.o(.data)
    Yy                                       0x20000030   Data           4  can1.o(.data)
    REAL_YP                                  0x20000034   Data           4  can1.o(.data)
    REAL_YY                                  0x20000038   Data           4  can1.o(.data)
    jiaoduh                                  0x2000003c   Data           1  can1.o(.data)
    jiaodul                                  0x2000003d   Data           1  can1.o(.data)
    zhuansuh                                 0x2000003e   Data           1  can1.o(.data)
    zhhuansul                                0x2000003f   Data           1  can1.o(.data)
    shiji_currenth                           0x20000040   Data           1  can1.o(.data)
    shiji_currentl                           0x20000041   Data           1  can1.o(.data)
    temp                                     0x20000042   Data           1  can1.o(.data)
    null                                     0x20000043   Data           1  can1.o(.data)
    Std                                      0x20000044   Data           4  can1.o(.data)
    fenzhuang                                0x20000048   Data           4  can1.o(.data)
    y                                        0x2000004c   Data           4  can1.o(.data)
    M1                                       0x20000050   Data           4  can1.o(.data)
    M2                                       0x20000054   Data           4  can1.o(.data)
    M3                                       0x20000058   Data           4  can1.o(.data)
    M4                                       0x2000005c   Data           4  can1.o(.data)
    M5                                       0x20000060   Data           4  can1.o(.data)
    quanshu                                  0x20000064   Data           4  can1.o(.data)
    exInt                                    0x20000078   Data           4  imu.o(.data)
    eyInt                                    0x2000007c   Data           4  imu.o(.data)
    ezInt                                    0x20000080   Data           4  imu.o(.data)
    q0                                       0x20000084   Data           4  imu.o(.data)
    q1                                       0x20000088   Data           4  imu.o(.data)
    q2                                       0x2000008c   Data           4  imu.o(.data)
    q3                                       0x20000090   Data           4  imu.o(.data)
    lastUpdate                               0x200000b8   Data           4  imu.o(.data)
    now                                      0x200000bc   Data           4  imu.o(.data)
    yaw_temp                                 0x200000c0   Data           4  imu.o(.data)
    pitch_temp                               0x200000c4   Data           4  imu.o(.data)
    roll_temp                                0x200000c8   Data           4  imu.o(.data)
    last_yaw_temp                            0x200000cc   Data           4  imu.o(.data)
    last_pitch_temp                          0x200000d0   Data           4  imu.o(.data)
    last_roll_temp                           0x200000d4   Data           4  imu.o(.data)
    yaw_angle                                0x200000d8   Data           4  imu.o(.data)
    pitch_angle                              0x200000dc   Data           4  imu.o(.data)
    roll_angle                               0x200000e0   Data           4  imu.o(.data)
    isMPU6050_is_DRY                         0x200000e8   Data           1  mpu6500_interrupt.o(.data)
    MPU_id                                   0x200000e9   Data           1  test_imu.o(.data)
    f                                        0x20000100   Data           4  controltask.o(.data)
    l                                        0x20000104   Data           4  controltask.o(.data)
    p                                        0x20000108   Data           4  controltask.o(.data)
    g                                        0x2000010c   Data           4  controltask.o(.data)
    s1                                       0x20000110   Data           4  controltask.o(.data)
    s2                                       0x20000114   Data           4  controltask.o(.data)
    F                                        0x20000118   Data           4  controltask.o(.data)
    L                                        0x2000011c   Data           4  controltask.o(.data)
    P                                        0x20000120   Data           4  controltask.o(.data)
    S1                                       0x20000124   Data           4  controltask.o(.data)
    G                                        0x20000128   Data           4  controltask.o(.data)
    Y                                        0x2000012c   Data           4  controltask.o(.data)
    SPEED_LEVAL                              0x20000130   Data           4  controltask.o(.data)
    speed_number                             0x20000134   Data           4  controltask.o(.data)
    IMU_G                                    0x20000138   Data           8  controltask.o(.data)
    IMU_FDB                                  0x20000140   Data           4  controltask.o(.data)
    fiction_time                             0x20000144   Data           4  controltask.o(.data)
    friction_quanshu                         0x20000148   Data           4  controltask.o(.data)
    GMPPositionPID                           0x2000014c   Data          84  controltask.o(.data)
    GMPSpeedPID                              0x200001a0   Data          84  controltask.o(.data)
    GMYPositionPID                           0x200001f4   Data          84  controltask.o(.data)
    GMYSpeedPID                              0x20000248   Data          84  controltask.o(.data)
    CMRotatePID                              0x2000029c   Data          84  controltask.o(.data)
    CM1SpeedPID                              0x200002f0   Data          84  controltask.o(.data)
    CM2SpeedPID                              0x20000344   Data          84  controltask.o(.data)
    CM3SpeedPID                              0x20000398   Data          84  controltask.o(.data)
    CM4SpeedPID                              0x200003ec   Data          84  controltask.o(.data)
    ShootMotorSpeedPID                       0x20000440   Data          84  controltask.o(.data)
    lastWorkState                            0x20000494   Data           1  controltask.o(.data)
    workState                                0x20000495   Data           1  controltask.o(.data)
    GMPitchRamp                              0x20000498   Data          36  controltask.o(.data)
    GMYawRamp                                0x200004bc   Data          36  controltask.o(.data)
    pwm_ccr                                  0x200004e4   Data           2  controltask.o(.data)
    ChassisSpeedRef                          0x200004f0   Data           8  remotetask.o(.data)
    friction_wheel_state                     0x200004f8   Data           1  remotetask.o(.data)
    frictionRamp                             0x200004fc   Data          36  remotetask.o(.data)
    LRSpeedRamp                              0x20000520   Data          36  remotetask.o(.data)
    FBSpeedRamp                              0x20000544   Data          36  remotetask.o(.data)
    lost_counter                             0x20000570   Data          44  supervisetask.o(.data)
    lost_err                                 0x2000059c   Data           4  supervisetask.o(.data)
    PID_Flag                                 0x200005ac   Data           3  protocol.o(.data)
    Upload_Speed                             0x200005b0   Data           4  protocol.o(.data)
    system_micrsecond                        0x200005b4   Data           4  protocol.o(.data)
    TxCounter                                0x200005b8   Data           1  protocol.o(.data)
    count                                    0x200005b9   Data           1  protocol.o(.data)
    Rx_Act                                   0x200005ba   Data           1  protocol.o(.data)
    Rx_Adr                                   0x200005bb   Data           1  protocol.o(.data)
    Rx_Ok0                                   0x200005bc   Data           1  protocol.o(.data)
    Rx_Ok1                                   0x200005bd   Data           1  protocol.o(.data)
    Pitch_Fina_Out                           0x200005c0   Data           2  lbpid.o(.data)
    Yaw_Fina_Out                             0x200005c2   Data           2  lbpid.o(.data)
    Pitch_i                                  0x200005c4   Data           4  lbpid.o(.data)
    Pitch_old                                0x200005c8   Data           4  lbpid.o(.data)
    Pitch_d                                  0x200005cc   Data           4  lbpid.o(.data)
    Pitch_shell_out                          0x200005d0   Data           4  lbpid.o(.data)
    Pitch_shell_kp                           0x200005d4   Data           4  lbpid.o(.data)
    Pitch_shell_ki                           0x200005d8   Data           4  lbpid.o(.data)
    Pitch_shell_kd                           0x200005dc   Data           4  lbpid.o(.data)
    Speed_Pitch                              0x200005e0   Data           4  lbpid.o(.data)
    pitch_core_kp_out                        0x200005e4   Data           4  lbpid.o(.data)
    pitch_core_kd_out                        0x200005e8   Data           4  lbpid.o(.data)
    Pitch_core_kp                            0x200005ec   Data           4  lbpid.o(.data)
    Pitch_core_kd                            0x200005f0   Data           4  lbpid.o(.data)
    Speed_Pitch_Old                          0x200005f4   Data           4  lbpid.o(.data)
    Pitch_core_out                           0x200005f8   Data           4  lbpid.o(.data)
    Yaw_i                                    0x200005fc   Data           4  lbpid.o(.data)
    Yaw_old                                  0x20000600   Data           4  lbpid.o(.data)
    Yaw_d                                    0x20000604   Data           4  lbpid.o(.data)
    Yaw_shell_out                            0x20000608   Data           4  lbpid.o(.data)
    Yaw_shell_kp                             0x2000060c   Data           4  lbpid.o(.data)
    Yaw_shell_ki                             0x20000610   Data           4  lbpid.o(.data)
    Yaw_shell_kd                             0x20000614   Data           4  lbpid.o(.data)
    Speed_Yaw                                0x20000618   Data           4  lbpid.o(.data)
    Yaw_core_kp_out                          0x2000061c   Data           4  lbpid.o(.data)
    Yaw_core_kd_out                          0x20000620   Data           4  lbpid.o(.data)
    Yaw_core_kp                              0x20000624   Data           4  lbpid.o(.data)
    Yaw_core_kd                              0x20000628   Data           4  lbpid.o(.data)
    Speed_Yaw_Old                            0x2000062c   Data           4  lbpid.o(.data)
    Yaw_core_out                             0x20000630   Data           4  lbpid.o(.data)
    Yaw_imu_i                                0x20000634   Data           4  lbpid.o(.data)
    Yaw_imu_d                                0x20000638   Data           4  lbpid.o(.data)
    Yaw_imu_old                              0x2000063c   Data           4  lbpid.o(.data)
    Yaw_imu_out                              0x20000640   Data           4  lbpid.o(.data)
    Yaw_imu_kp                               0x20000644   Data           4  lbpid.o(.data)
    Yaw_imu_ki                               0x20000648   Data           4  lbpid.o(.data)
    Yaw_imu_kd                               0x2000064c   Data           4  lbpid.o(.data)
    Rx_Buf                                   0x20000690   Data          64  usart3.o(.bss)
    mygetqval                                0x200006d0   Data          36  imu.o(.bss)
    angle                                    0x20000704   Data          12  imu.o(.bss)
    imu_data                                 0x20000710   Data          20  test_imu.o(.bss)
    imu_data_offest                          0x20000724   Data          20  test_imu.o(.bss)
    MPU6050_FIFO                             0x20000738   Data         132  test_imu.o(.bss)
    MPU6050_Raw_Data                         0x200007bc   Data          20  test_imu.o(.bss)
    MPU6050_Real_Data                        0x200007d0   Data          40  test_imu.o(.bss)
    MagMaxMinData                            0x200007f8   Data          12  test_imu.o(.bss)
    CM1Encoder                               0x20000804   Data          68  canbustask.o(.bss)
    CM2Encoder                               0x20000848   Data          68  canbustask.o(.bss)
    CM3Encoder                               0x2000088c   Data          68  canbustask.o(.bss)
    CM4Encoder                               0x200008d0   Data          68  canbustask.o(.bss)
    GMYawEncoder                             0x20000914   Data          68  canbustask.o(.bss)
    GMPitchEncoder                           0x20000958   Data          68  canbustask.o(.bss)
    Motor1_Measure                           0x2000099c   Data          10  canbustask.o(.bss)
    Motor2_Measure                           0x200009a6   Data          10  canbustask.o(.bss)
    Motor3_Measure                           0x200009b0   Data          10  canbustask.o(.bss)
    Motor4_Measure                           0x200009ba   Data          10  canbustask.o(.bss)
    RC_CtrlData                              0x200009c4   Data          22  remotetask.o(.bss)
    GimbalRef                                0x200009dc   Data          24  remotetask.o(.bss)
    data_to_send                             0x20000a0b   Data          50  protocol.o(.bss)
    TxBuffer                                 0x20000a3d   Data         256  protocol.o(.bss)
    __initial_sp                             0x200015a8   Data           0  startup_stm32f4xx.o(STACK)



==============================================================================

Memory Map of the image

  Image Entry point : 0x08000189

  Load Region LR_IROM1 (Base: 0x08000000, Size: 0x00006774, Max: 0x00200000, ABSOLUTE, COMPRESSED[0x0000620c])

    Execution Region ER_IROM1 (Base: 0x08000000, Size: 0x00006120, Max: 0x00200000, ABSOLUTE)

    Base Addr    Size         Type   Attr      Idx    E Section Name        Object

    0x08000000   0x00000188   Data   RO         3467    RESET               startup_stm32f4xx.o
    0x08000188   0x00000000   Code   RO         4793  * .ARM.Collect$$$$00000000  mc_w.l(entry.o)
    0x08000188   0x00000004   Code   RO         4851    .ARM.Collect$$$$00000001  mc_w.l(entry2.o)
    0x0800018c   0x00000004   Code   RO         4854    .ARM.Collect$$$$00000004  mc_w.l(entry5.o)
    0x08000190   0x00000000   Code   RO         4856    .ARM.Collect$$$$00000008  mc_w.l(entry7b.o)
    0x08000190   0x00000000   Code   RO         4858    .ARM.Collect$$$$0000000A  mc_w.l(entry8b.o)
    0x08000190   0x00000008   Code   RO         4859    .ARM.Collect$$$$0000000B  mc_w.l(entry9a.o)
    0x08000198   0x00000000   Code   RO         4861    .ARM.Collect$$$$0000000D  mc_w.l(entry10a.o)
    0x08000198   0x00000000   Code   RO         4863    .ARM.Collect$$$$0000000F  mc_w.l(entry11a.o)
    0x08000198   0x00000004   Code   RO         4852    .ARM.Collect$$$$00002712  mc_w.l(entry2.o)
    0x0800019c   0x00000024   Code   RO         3468    .text               startup_stm32f4xx.o
    0x080001c0   0x00000024   Code   RO         4796    .text               mc_w.l(memcpya.o)
    0x080001e4   0x000000e4   Code   RO         4800    .text               mf_w.l(dmul.o)
    0x080002c8   0x000000de   Code   RO         4802    .text               mf_w.l(ddiv.o)
    0x080003a6   0x00000022   Code   RO         4806    .text               mf_w.l(dflti.o)
    0x080003c8   0x00000026   Code   RO         4810    .text               mf_w.l(f2d.o)
    0x080003ee   0x00000002   PAD
    0x080003f0   0x00000030   Code   RO         4814    .text               mf_w.l(cdrcmple.o)
    0x08000420   0x00000038   Code   RO         4816    .text               mf_w.l(d2f.o)
    0x08000458   0x00000020   Code   RO         4865    .text               mc_w.l(llushr.o)
    0x08000478   0x00000000   Code   RO         4874    .text               mc_w.l(iusefp.o)
    0x08000478   0x0000006e   Code   RO         4875    .text               mf_w.l(fepilogue.o)
    0x080004e6   0x000000ba   Code   RO         4877    .text               mf_w.l(depilogue.o)
    0x080005a0   0x0000014e   Code   RO         4879    .text               mf_w.l(dadd.o)
    0x080006ee   0x000000a2   Code   RO         4881    .text               mf_w.l(dsqrt.o)
    0x08000790   0x00000024   Code   RO         4883    .text               mc_w.l(init.o)
    0x080007b4   0x0000001e   Code   RO         4885    .text               mc_w.l(llshl.o)
    0x080007d2   0x00000024   Code   RO         4887    .text               mc_w.l(llsshr.o)
    0x080007f6   0x00000056   Code   RO         4897    .text               mc_w.l(__dczerorl2.o)
    0x0800084c   0x00000046   Code   RO          531    i.BSP_Init          bsp.o
    0x08000892   0x00000004   Code   RO         3399    i.BusFault_Handler  stm32f4xx_it.o
    0x08000896   0x00000002   PAD
    0x08000898   0x000000f4   Code   RO          417    i.CAN1_Config       can1.o
    0x0800098c   0x00000344   Code   RO          418    i.CAN1_RX0_IRQHandler  can1.o
    0x08000cd0   0x000000a8   Code   RO         2940    i.CAN_ClearITPendingBit  stm32f4xx_can.o
    0x08000d78   0x00000108   Code   RO         2944    i.CAN_FilterInit    stm32f4xx_can.o
    0x08000e80   0x00000120   Code   RO         2946    i.CAN_GetITStatus   stm32f4xx_can.o
    0x08000fa0   0x00000012   Code   RO         2950    i.CAN_ITConfig      stm32f4xx_can.o
    0x08000fb2   0x00000114   Code   RO         2951    i.CAN_Init          stm32f4xx_can.o
    0x080010c6   0x000000f0   Code   RO         2954    i.CAN_Receive       stm32f4xx_can.o
    0x080011b6   0x00000126   Code   RO         2959    i.CAN_Transmit      stm32f4xx_can.o
    0x080012dc   0x00000012   Code   RO         2962    i.CheckITStatus     stm32f4xx_can.o
    0x080012ee   0x00000016   Code   RO         2751    i.DMA_Cmd           stm32f4xx_dma.o
    0x08001304   0x00000158   Code   RO         2752    i.DMA_DeInit        stm32f4xx_dma.o
    0x0800145c   0x00000016   Code   RO         2753    i.DMA_DoubleBufferModeCmd  stm32f4xx_dma.o
    0x08001472   0x00000018   Code   RO         2754    i.DMA_DoubleBufferModeConfig  stm32f4xx_dma.o
    0x0800148a   0x00000008   Code   RO         2757    i.DMA_GetCurrDataCounter  stm32f4xx_dma.o
    0x08001492   0x00000014   Code   RO         2758    i.DMA_GetCurrentMemoryTarget  stm32f4xx_dma.o
    0x080014a6   0x00000002   PAD
    0x080014a8   0x00000058   Code   RO         2763    i.DMA_Init          stm32f4xx_dma.o
    0x08001500   0x00000022   Code   RO         2767    i.DMA_StructInit    stm32f4xx_dma.o
    0x08001522   0x00000002   PAD
    0x08001524   0x000000e8   Code   RO         4608    i.Dataframe_Process  protocol.o
    0x0800160c   0x00000002   Code   RO         3400    i.DebugMon_Handler  stm32f4xx_it.o
    0x0800160e   0x00000002   PAD
    0x08001610   0x00000028   Code   RO         3711    i.EXTI1_IRQHandler  mpu6500_interrupt.o
    0x08001638   0x0000000c   Code   RO         2683    i.EXTI_ClearFlag    stm32f4xx_exti.o
    0x08001644   0x0000000c   Code   RO         2684    i.EXTI_ClearITPendingBit  stm32f4xx_exti.o
    0x08001650   0x00000028   Code   RO         2688    i.EXTI_GetITStatus  stm32f4xx_exti.o
    0x08001678   0x00000094   Code   RO         2689    i.EXTI_Init         stm32f4xx_exti.o
    0x0800170c   0x00000010   Code   RO          555    i.Encoder_Start     encoder.o
    0x0800171c   0x000000b8   Code   RO         3982    i.FRICTIONPID       controltask.o
    0x080017d4   0x00000090   Code   RO         2384    i.GPIO_Init         stm32f4xx_gpio.o
    0x08001864   0x00000046   Code   RO         2385    i.GPIO_PinAFConfig  stm32f4xx_gpio.o
    0x080018aa   0x00000004   Code   RO         2391    i.GPIO_ResetBits    stm32f4xx_gpio.o
    0x080018ae   0x00000004   Code   RO         2392    i.GPIO_SetBits      stm32f4xx_gpio.o
    0x080018b2   0x00000012   Code   RO         2393    i.GPIO_StructInit   stm32f4xx_gpio.o
    0x080018c4   0x0000000c   Code   RO         4302    i.GetInputMode      remotetask.o
    0x080018d0   0x00000018   Code   RO         4416    i.GetLostCounter    supervisetask.o
    0x080018e8   0x00000108   Code   RO         3643    i.GetPitchYawGxGyGz  imu.o
    0x080019f0   0x0000007c   Code   RO         4303    i.GetRemoteSwitchAction  remotetask.o
    0x08001a6c   0x0000000c   Code   RO         3985    i.GetWorkState      controltask.o
    0x08001a78   0x00000008   Code   RO          269    i.Get_Time_Micros   timer.o
    0x08001a80   0x000000ac   Code   RO         4305    i.GimbalAngleLimit  remotetask.o
    0x08001b2c   0x00000070   Code   RO         4703    i.Gimbal_Set        lbpid.o
    0x08001b9c   0x00000004   Code   RO         3401    i.HardFault_Handler  stm32f4xx_it.o
    0x08001ba0   0x000007c4   Code   RO         3644    i.IMU_AHRSupdate    imu.o
    0x08002364   0x000000a8   Code   RO         3747    i.IMU_Get_Data      test_imu.o
    0x0800240c   0x0000004c   Code   RO         3645    i.IMU_getQ          imu.o
    0x08002458   0x000000c4   Code   RO         3646    i.IMU_getValues     imu.o
    0x0800251c   0x0000023c   Code   RO         3647    i.IMU_getYawPitchRoll  imu.o
    0x08002758   0x000000f2   Code   RO         3748    i.IST8310_Init      test_imu.o
    0x0800284a   0x0000003a   Code   RO         3749    i.IST_Reg_Read_By_MPU  test_imu.o
    0x08002884   0x00000040   Code   RO         3750    i.IST_Reg_Write_By_MPU  test_imu.o
    0x080028c4   0x000002b8   Code   RO         3648    i.Init_Quaternion   imu.o
    0x08002b7c   0x00000098   Code   RO          211    i.Led_Config        led.o
    0x08002c14   0x00000006   Code   RO         4517    i.LostCounterFeed   lost_counter.o
    0x08002c1a   0x00000002   PAD
    0x08002c1c   0x000001e0   Code   RO         3989    i.MOTORPID          controltask.o
    0x08002dfc   0x000001f4   Code   RO         3751    i.MPU6050_AverageFilter  test_imu.o
    0x08002ff0   0x0000007c   Code   RO         3752    i.MPU6050_Init      test_imu.o
    0x0800306c   0x00000080   Code   RO         3712    i.MPU6050_IntConfig  mpu6500_interrupt.o
    0x080030ec   0x00000048   Code   RO         3753    i.MPU6050_Read_Reg  test_imu.o
    0x08003134   0x0000005c   Code   RO         3754    i.MPU6050_Read_Regs  test_imu.o
    0x08003190   0x0000003c   Code   RO         3757    i.MPU6050_Write_Reg  test_imu.o
    0x080031cc   0x00000084   Code   RO         3758    i.MPU6050_getMotion6  test_imu.o
    0x08003250   0x0000008c   Code   RO         3759    i.MPU_Auto_Read_IST_config  test_imu.o
    0x080032dc   0x00000004   Code   RO         3402    i.MemManage_Handler  stm32f4xx_it.o
    0x080032e0   0x000001d0   Code   RO         4307    i.MouseKeyControlProcess  remotetask.o
    0x080034b0   0x00000118   Code   RO         4308    i.MouseShootControl  remotetask.o
    0x080035c8   0x00000002   Code   RO         3403    i.NMI_Handler       stm32f4xx_it.o
    0x080035ca   0x00000002   PAD
    0x080035cc   0x00000078   Code   RO         3351    i.NVIC_Init         misc.o
    0x08003644   0x00000014   Code   RO         3352    i.NVIC_PriorityGroupConfig  misc.o
    0x08003658   0x000000d6   Code   RO         4480    i.PID_Calc          pid.o
    0x0800372e   0x00000002   PAD
    0x08003730   0x00000028   Code   RO         4481    i.PID_Reset         pid.o
    0x08003758   0x00000128   Code   RO          504    i.PWM_Config        gun.o
    0x08003880   0x00000002   Code   RO         3404    i.PendSV_Handler    stm32f4xx_it.o
    0x08003882   0x00000002   PAD
    0x08003884   0x0000014c   Code   RO         4704    i.Pitch_PID         lbpid.o
    0x080039d0   0x00000020   Code   RO         1826    i.RCC_AHB1PeriphClockCmd  stm32f4xx_rcc.o
    0x080039f0   0x00000020   Code   RO         1835    i.RCC_APB1PeriphClockCmd  stm32f4xx_rcc.o
    0x08003a10   0x00000020   Code   RO         1837    i.RCC_APB1PeriphResetCmd  stm32f4xx_rcc.o
    0x08003a30   0x00000020   Code   RO         1838    i.RCC_APB2PeriphClockCmd  stm32f4xx_rcc.o
    0x08003a50   0x00000020   Code   RO         1840    i.RCC_APB2PeriphResetCmd  stm32f4xx_rcc.o
    0x08003a70   0x000000e8   Code   RO         1847    i.RCC_GetClocksFreq  stm32f4xx_rcc.o
    0x08003b58   0x0000002a   Code   RO         4552    i.RampCalc          ramp.o
    0x08003b82   0x00000002   Code   RO         4553    i.RampInit          ramp.o
    0x08003b84   0x00000012   Code   RO         4554    i.RampIsOverflow    ramp.o
    0x08003b96   0x00000006   Code   RO         4555    i.RampResetCounter  ramp.o
    0x08003b9c   0x00000004   Code   RO         4556    i.RampSetCounter    ramp.o
    0x08003ba0   0x00000004   Code   RO         4557    i.RampSetScale      ramp.o
    0x08003ba4   0x000001f0   Code   RO         4309    i.RemoteControlProcess  remotetask.o
    0x08003d94   0x000000d8   Code   RO         4310    i.RemoteDataPrcess  remotetask.o
    0x08003e6c   0x00000100   Code   RO         4311    i.RemoteShootControl  remotetask.o
    0x08003f6c   0x000000ac   Code   RO          593    i.SPI5_Init         spi.o
    0x08004018   0x00000038   Code   RO          594    i.SPI5_ReadWriteByte  spi.o
    0x08004050   0x00000018   Code   RO         3481    i.SPI_Cmd           stm32f4xx_spi.o
    0x08004068   0x00000012   Code   RO         3489    i.SPI_I2S_GetFlagStatus  stm32f4xx_spi.o
    0x0800407a   0x00000006   Code   RO         3492    i.SPI_I2S_ReceiveData  stm32f4xx_spi.o
    0x08004080   0x00000004   Code   RO         3493    i.SPI_I2S_SendData  stm32f4xx_spi.o
    0x08004084   0x0000003c   Code   RO         3494    i.SPI_Init          stm32f4xx_spi.o
    0x080040c0   0x00000002   Code   RO         3405    i.SVC_Handler       stm32f4xx_it.o
    0x080040c2   0x00000002   PAD
    0x080040c4   0x00000040   Code   RO         1574    i.SYSCFG_EXTILineConfig  stm32f4xx_syscfg.o
    0x08004104   0x00000028   Code   RO         4314    i.SetInputMode      remotetask.o
    0x0800412c   0x0000000c   Code   RO         4315    i.SetShootState     remotetask.o
    0x08004138   0x000000ec   Code   RO          722    i.SetSysClock       system_stm32f4xx.o
    0x08004224   0x0000005c   Code   RO         3861    i.Set_CM_Speed      canbustask.o
    0x08004280   0x0000005c   Code   RO         3862    i.Set_Current       canbustask.o
    0x080042dc   0x00000052   Code   RO         3865    i.Set_Gimbal_Current  canbustask.o
    0x0800432e   0x00000002   PAD
    0x08004330   0x00000068   Code   RO          724    i.SystemInit        system_stm32f4xx.o
    0x08004398   0x0000003c   Code   RO          270    i.TIM2_Config       timer.o
    0x080043d4   0x0000001e   Code   RO          271    i.TIM2_IRQHandler   timer.o
    0x080043f2   0x00000002   PAD
    0x080043f4   0x0000004c   Code   RO          272    i.TIM6_Config       timer.o
    0x08004440   0x00000024   Code   RO          273    i.TIM6_DAC_IRQHandler  timer.o
    0x08004464   0x00000024   Code   RO          274    i.TIM6_Start        timer.o
    0x08004488   0x00000018   Code   RO         1009    i.TIM_ARRPreloadConfig  stm32f4xx_tim.o
    0x080044a0   0x00000006   Code   RO         1015    i.TIM_ClearFlag     stm32f4xx_tim.o
    0x080044a6   0x00000006   Code   RO         1016    i.TIM_ClearITPendingBit  stm32f4xx_tim.o
    0x080044ac   0x00000018   Code   RO         1021    i.TIM_Cmd           stm32f4xx_tim.o
    0x080044c4   0x00000022   Code   RO         1042    i.TIM_GetITStatus   stm32f4xx_tim.o
    0x080044e6   0x00000012   Code   RO         1046    i.TIM_ITConfig      stm32f4xx_tim.o
    0x080044f8   0x0000007c   Code   RO         1050    i.TIM_OC1Init       stm32f4xx_tim.o
    0x08004574   0x00000012   Code   RO         1053    i.TIM_OC1PreloadConfig  stm32f4xx_tim.o
    0x08004586   0x00000002   PAD
    0x08004588   0x000000a4   Code   RO         1055    i.TIM_OC2Init       stm32f4xx_tim.o
    0x0800462c   0x0000001a   Code   RO         1058    i.TIM_OC2PreloadConfig  stm32f4xx_tim.o
    0x08004646   0x00000002   PAD
    0x08004648   0x00000084   Code   RO         1093    i.TIM_TimeBaseInit  stm32f4xx_tim.o
    0x080046cc   0x00000140   Code   RO          330    i.USART1_Config     usart1.o
    0x0800480c   0x000000d0   Code   RO          331    i.USART1_IRQHandler  usart1.o
    0x080048dc   0x000000ac   Code   RO          629    i.USART2_Config     usart2.o
    0x08004988   0x0000008c   Code   RO          630    i.USART2_IRQHandler  usart2.o
    0x08004a14   0x000000ac   Code   RO          363    i.USART3_Config     usart3.o
    0x08004ac0   0x0000008c   Code   RO          364    i.USART3_IRQHandler  usart3.o
    0x08004b4c   0x00000018   Code   RO          813    i.USART_Cmd         stm32f4xx_usart.o
    0x08004b64   0x00000012   Code   RO          814    i.USART_DMACmd      stm32f4xx_usart.o
    0x08004b76   0x00000002   PAD
    0x08004b78   0x000000b4   Code   RO          815    i.USART_DeInit      stm32f4xx_usart.o
    0x08004c2c   0x00000054   Code   RO          817    i.USART_GetITStatus  stm32f4xx_usart.o
    0x08004c80   0x0000004a   Code   RO          819    i.USART_ITConfig    stm32f4xx_usart.o
    0x08004cca   0x00000002   PAD
    0x08004ccc   0x000000d4   Code   RO          820    i.USART_Init        stm32f4xx_usart.o
    0x08004da0   0x00000018   Code   RO          836    i.USART_StructInit  stm32f4xx_usart.o
    0x08004db8   0x00000004   Code   RO         3406    i.UsageFault_Handler  stm32f4xx_it.o
    0x08004dbc   0x0000014c   Code   RO         4705    i.Yaw_PID           lbpid.o
    0x08004f08   0x00000030   Code   RO         4846    i.__ARM_fpclassify  m_wm.l(fpclassify.o)
    0x08004f38   0x00000360   Code   RO         4749    i.__hardfp_asin     m_wm.l(asin.o)
    0x08005298   0x000002d8   Code   RO         4818    i.__hardfp_atan     m_wm.l(atan.o)
    0x08005570   0x000001f0   Code   RO         4763    i.__hardfp_atan2    m_wm.l(atan2.o)
    0x08005760   0x00000014   Code   RO         4775    i.__hardfp_fabs     m_wm.l(fabs.o)
    0x08005774   0x0000007a   Code   RO         4781    i.__hardfp_sqrt     m_wm.l(sqrt.o)
    0x080057ee   0x000000f8   Code   RO         4848    i.__kernel_poly     m_wm.l(poly.o)
    0x080058e6   0x00000014   Code   RO         4833    i.__mathlib_dbl_infnan  m_wm.l(dunder.o)
    0x080058fa   0x00000014   Code   RO         4834    i.__mathlib_dbl_infnan2  m_wm.l(dunder.o)
    0x0800590e   0x00000002   PAD
    0x08005910   0x00000020   Code   RO         4835    i.__mathlib_dbl_invalid  m_wm.l(dunder.o)
    0x08005930   0x00000020   Code   RO         4838    i.__mathlib_dbl_underflow  m_wm.l(dunder.o)
    0x08005950   0x0000000e   Code   RO         4891    i.__scatterload_copy  mc_w.l(handlers.o)
    0x0800595e   0x00000002   Code   RO         4892    i.__scatterload_null  mc_w.l(handlers.o)
    0x08005960   0x0000000e   Code   RO         4893    i.__scatterload_zeroinit  mc_w.l(handlers.o)
    0x0800596e   0x00000002   PAD
    0x08005970   0x0000000c   Code   RO         4869    i.__set_errno       mc_w.l(errno.o)
    0x0800597c   0x00000010   Code   RO         4820    i.atan              m_wm.l(atan.o)
    0x0800598c   0x0000001c   Code   RO          239    i.delay_ms          delay.o
    0x080059a8   0x00000018   Code   RO         4777    i.fabs              m_wm.l(fabs.o)
    0x080059c0   0x00000050   Code   RO         3867    i.forward           canbustask.o
    0x08005a10   0x000000e8   Code   RO         4706    i.imu_PID           lbpid.o
    0x08005af8   0x0000003c   Code   RO         3649    i.invSqrt           imu.o
    0x08005b34   0x0000012c   Code   RO            4    i.main              main.o
    0x08005c60   0x0000006c   Code   RO         3870    i.nishizhen         canbustask.o
    0x08005ccc   0x0000023c   Code   RO         3996    i.remote            controltask.o
    0x08005f08   0x0000006c   Code   RO         3871    i.right_pinyi       canbustask.o
    0x08005f74   0x0000006e   Code   RO         4783    i.sqrt              m_wm.l(sqrt.o)
    0x08005fe2   0x00000010   Code   RO         3873    i.stop              canbustask.o
    0x08005ff2   0x00000002   PAD
    0x08005ff4   0x00000018   Data   RO         3761    .constdata          test_imu.o
    0x0800600c   0x00000004   PAD
    0x08006010   0x00000050   Data   RO         4752    .constdata          m_wm.l(asin.o)
    0x08006060   0x00000098   Data   RO         4821    .constdata          m_wm.l(atan.o)
    0x080060f8   0x00000008   Data   RO         4850    .constdata          m_wm.l(qnan.o)
    0x08006100   0x00000020   Data   RO         4889    Region$$Table       anon$$obj.o


    Execution Region RW_IRAM1 (Base: 0x20000000, Size: 0x000015a8, Max: 0x00030000, ABSOLUTE, COMPRESSED[0x000000ec])

    Base Addr    Size         Type   Attr      Idx    E Section Name        Object

    0x20000000   0x0000001d   Data   RW            6    .data               main.o
    0x2000001d   0x00000003   PAD
    0x20000020   0x00000004   Data   RW          333    .data               usart1.o
    0x20000024   0x00000044   Data   RW          420    .data               can1.o
    0x20000068   0x00000010   Data   RW         1879    .data               stm32f4xx_rcc.o
    0x20000078   0x00000070   Data   RW         3651    .data               imu.o
    0x200000e8   0x00000001   Data   RW         3713    .data               mpu6500_interrupt.o
    0x200000e9   0x00000013   Data   RW         3762    .data               test_imu.o
    0x200000fc   0x00000004   PAD
    0x20000100   0x000003f0   Data   RW         3997    .data               controltask.o
    0x200004f0   0x00000080   Data   RW         4317    .data               remotetask.o
    0x20000570   0x0000003c   Data   RW         4424    .data               supervisetask.o
    0x200005ac   0x00000012   Data   RW         4619    .data               protocol.o
    0x200005be   0x00000002   PAD
    0x200005c0   0x00000090   Data   RW         4707    .data               lbpid.o
    0x20000650   0x00000004   Data   RW         4870    .data               mc_w.l(errno.o)
    0x20000654   0x0000003c   Zero   RW          332    .bss                usart1.o
    0x20000690   0x00000040   Zero   RW          368    .bss                usart3.o
    0x200006d0   0x00000040   Zero   RW         3650    .bss                imu.o
    0x20000710   0x000000f4   Zero   RW         3760    .bss                test_imu.o
    0x20000804   0x000001c0   Zero   RW         3874    .bss                canbustask.o
    0x200009c4   0x00000047   Zero   RW         4316    .bss                remotetask.o
    0x20000a0b   0x00000199   Zero   RW         4618    .bss                protocol.o
    0x20000ba4   0x00000004   PAD
    0x20000ba8   0x00000a00   Zero   RW         3465    STACK               startup_stm32f4xx.o


==============================================================================

Image component sizes


      Code (inc. data)   RO Data    RW Data    ZI Data      Debug   Object Name

        70          0          0          0          0        531   bsp.o
      1080        124          0         68          0       2590   can1.o
       578         54          0          0        448       5528   canbustask.o
      1248        160          0       1008          0       7567   controltask.o
        28          0          0          0          0        599   delay.o
        16          6          0          0          0        464   encoder.o
       296         14          0          0          0        713   gun.o
      3852        354          0        112         64       6741   imu.o
      1008        180          0        144          0       4704   lbpid.o
       152         12          0          0          0        565   led.o
         6          0          0          0          0        794   lost_counter.o
       300         60          0         29          0     320920   main.o
       140         24          0          0          0       1567   misc.o
       168         10          0          1          0       1474   mpu6500_interrupt.o
       254          6          0          0          0       1291   pid.o
       232         20          0         18        409       2116   protocol.o
        76          0          0          0          0       3474   ramp.o
      2072        144          0        128         71       9979   remotetask.o
       228         16          0          0          0       1233   spi.o
        36          8        392          0       2560        836   startup_stm32f4xx.o
      1566         16          0          0          0       6518   stm32f4xx_can.o
       562         26          0          0          0       6136   stm32f4xx_dma.o
       212         24          0          0          0       2701   stm32f4xx_exti.o
       240          0          0          0          0       3473   stm32f4xx_gpio.o
        24          0          0          0          0       3896   stm32f4xx_it.o
       392         48          0         16          0       5917   stm32f4xx_rcc.o
       112          0          0          0          0       3550   stm32f4xx_spi.o
        64          4          0          0          0        660   stm32f4xx_syscfg.o
       576         48          0          0          0       7603   stm32f4xx_tim.o
       616         32          0          0          0       5575   stm32f4xx_usart.o
        24          6          0         60          0       2035   supervisetask.o
       340         32          0          0          0     325973   system_stm32f4xx.o
      1652         80         24         19        244       9729   test_imu.o
       246         16          0          0          0       3047   timer.o
       528         40          0          4         60       1860   usart1.o
       312         28          0          0          0       1336   usart2.o
       312         26          0          0         64       1865   usart3.o

    ----------------------------------------------------------------------
     19650       1618        452       1616       3924     765560   Object Totals
         0          0         32          0          0          0   (incl. Generated)
        32          0          4          9          4          0   (incl. Padding)

    ----------------------------------------------------------------------

      Code (inc. data)   RO Data    RW Data    ZI Data      Debug   Library Member Name

       864         94         80          0          0        280   asin.o
       744        106        152          0          0        352   atan.o
       496         64          0          0          0        192   atan2.o
       104         16          0          0          0        496   dunder.o
        44          0          0          0          0        248   fabs.o
        48          0          0          0          0        124   fpclassify.o
       248          0          0          0          0        152   poly.o
         0          0          8          0          0          0   qnan.o
       232          0          0          0          0        296   sqrt.o
        86          0          0          0          0          0   __dczerorl2.o
         0          0          0          0          0          0   entry.o
         0          0          0          0          0          0   entry10a.o
         0          0          0          0          0          0   entry11a.o
         8          4          0          0          0          0   entry2.o
         4          0          0          0          0          0   entry5.o
         0          0          0          0          0          0   entry7b.o
         0          0          0          0          0          0   entry8b.o
         8          4          0          0          0          0   entry9a.o
        12          6          0          4          0         68   errno.o
        30          0          0          0          0          0   handlers.o
        36          8          0          0          0         68   init.o
         0          0          0          0          0          0   iusefp.o
        30          0          0          0          0         68   llshl.o
        36          0          0          0          0         68   llsshr.o
        32          0          0          0          0         68   llushr.o
        36          0          0          0          0         68   memcpya.o
        48          0          0          0          0         68   cdrcmple.o
        56          0          0          0          0         88   d2f.o
       334          0          0          0          0        148   dadd.o
       222          0          0          0          0        100   ddiv.o
       186          0          0          0          0        176   depilogue.o
        34          0          0          0          0         76   dflti.o
       228          0          0          0          0         96   dmul.o
       162          0          0          0          0        100   dsqrt.o
        38          0          0          0          0         68   f2d.o
       110          0          0          0          0        168   fepilogue.o

    ----------------------------------------------------------------------
      4522        302        240          4          0       3636   Library Totals
         6          0          0          0          0          0   (incl. Padding)

    ----------------------------------------------------------------------

      Code (inc. data)   RO Data    RW Data    ZI Data      Debug   Library Name

      2780        280        240          0          0       2140   m_wm.l
       318         22          0          4          0        408   mc_w.l
      1418          0          0          0          0       1088   mf_w.l

    ----------------------------------------------------------------------
      4522        302        240          4          0       3636   Library Totals

    ----------------------------------------------------------------------

==============================================================================


      Code (inc. data)   RO Data    RW Data    ZI Data      Debug   

     24172       1920        692       1620       3924     754004   Grand Totals
     24172       1920        692        236       3924     754004   ELF Image Totals (compressed)
     24172       1920        692        236          0          0   ROM Totals

==============================================================================

    Total RO  Size (Code + RO Data)                24864 (  24.28kB)
    Total RW  Size (RW Data + ZI Data)              5544 (   5.41kB)
    Total ROM Size (Code + RO Data + RW Data)      25100 (  24.51kB)

==============================================================================

