<html>
<body>
<pre>
<h1>礦ision Build Log</h1>
<h2>Tool Versions:</h2>
IDE-Version: μVision V5.21.1.0
Copyright (C) 2016 ARM Ltd and ARM Germany GmbH. All rights reserved.
License Information: 成明乐 admin, 长安大学, LIC=0VRHL-0KQ16-KTE3H-WK4ZE-VHYE5-3Q8TT
 
Tool Versions:
Toolchain:       MDK-ARM Professional  Version: 5.21a
Toolchain Path:  D:\ARM\ARMCC\Bin
C Compiler:      Armcc.exe V5.06 update 3 (build 300)
Assembler:       Armasm.exe V5.06 update 3 (build 300)
Linker/Locator:  ArmLink.exe V5.06 update 3 (build 300)
Library Manager: ArmAr.exe V5.06 update 3 (build 300)
Hex Converter:   FromElf.exe V5.06 update 3 (build 300)
CPU DLL:         SARMCM3.DLL V5.21a
Dialog DLL:      DCM.DLL V1.13.8.0
Target DLL:      Segger\JL2CM3.dll V2.99.23.0
Dialog DLL:      TCM.DLL V1.14.14.0
 
<h2>Project:</h2>
C:\Users\admin\Desktop\zh工程车整体完整形态有定位5.16备\RM战车2.0新主控板标准库版\RM战车.uvprojx
Project File Date:  05/14/2019

<h2>Output:</h2>
*** Using Compiler 'V5.06 update 3 (build 300)', folder: 'D:\ARM\ARMCC\Bin'
Build target 'Target 1'
compiling main.c...
compiling delay.c...
compiling led.c...
compiling timer.c...
compiling usart3.c...
compiling usart1.c...
compiling flash.c...
compiling gun.c...
compiling can1.c...
BSP\can1.c(148): warning:  #177-D: variable "n" was declared but never referenced
  					int n;//转??圈??
BSP\can1.c(158): warning:  #177-D: variable "n" was declared but never referenced
  					int n;//转??圈??
BSP\can1.c(168): warning:  #177-D: variable "n" was declared but never referenced
  					int n;//转??圈??
BSP\can1.c(178): warning:  #177-D: variable "n" was declared but never referenced
  					int n;//转??圈??
BSP\can1.c: 4 warnings, 0 errors
compiling bsp.c...
BSP\bsp.c(31): warning:  #223-D: function "Exti_Configuration" declared implicitly
  	Exti_Configuration();
BSP\bsp.c: 1 warning, 0 errors
compiling encoder.c...
compiling spi.c...
compiling can2.c...
"no source": Error:  #5: cannot open source input file "..\..\..\..\zh宸ョ▼杞﹀姞鐢电闃�\RM鎴樿溅2.0鏂颁富鎺ф澘鏍囧噯搴撶増\BSP\can2.c": No such file or directory
..\..\..\..\zh工程车加电磁阀\RM战车2.0新主控板标准库版\BSP\can2.c: 0 warnings, 1 error
compiling usart2.c...
BSP\usart2.c(66): warning:  #177-D: variable "ca" was declared but never referenced
  	u8 ca;
BSP\usart2.c: 1 warning, 0 errors
compiling exti.c...
compiling system_stm32f4xx.c...
compiling stm32f4xx_usart.c...
compiling stm32f4xx_syscfg.c...
compiling stm32f4xx_tim.c...
compiling stm32f4xx_sdio.c...
compiling stm32f4xx_i2c.c...
compiling stm32f4xx_rcc.c...
compiling stm32f4xx_gpio.c...
compiling stm32f4xx_exti.c...
compiling stm32f4xx_flash.c...
compiling stm32f4xx_crc.c...
compiling stm32f4xx_dma.c...
compiling stm32f4xx_can.c...
compiling misc.c...
compiling stm32f4xx_adc.c...
compiling stm32f4xx_it.c...
assembling startup_stm32f4xx.s...
compiling stm32f4xx_spi.c...
compiling imu.c...
MPU6050\imu.c(49): warning:  #177-D: variable "hz" was declared but never referenced
  	int16_t hx,hy,hz;
MPU6050\imu.c: 1 warning, 0 errors
compiling mpu6500_interrupt.c...
compiling test_imu.c...
compiling CanBusTask.c...
Task\CanBusTask.c(31): warning:  #177-D: variable "i" was declared but never referenced
  	int i=0;
Task\CanBusTask.c(32): warning:  #177-D: variable "temp_sum" was declared but never referenced
  	int32_t temp_sum = 0;    
Task\CanBusTask.c: 2 warnings, 0 errors
compiling ControlTask.c...
compiling IOTask.c...
compiling RemoteTask.c...
Task\RemoteTask.c(177): warning:  #174-D: expression has no effect
  				(1000); 
Task\RemoteTask.c: 1 warning, 0 errors
compiling SuperviseTask.c...
compiling PID.c...
Task\PID.c(52): warning:  #550-D: parameter "i" was set but never used
  		void xxx(int i)
Task\PID.c: 1 warning, 0 errors
compiling lost_counter.c...
compiling Ramp.c...
compiling Protocol.c...
compiling door.c...
HARDWARE\door.c(69): warning:  #1-D: last line of file ends without a newline
  }
HARDWARE\door.c: 1 warning, 0 errors
linking...
Program Size: Code=17548 RO-data=448 RW-data=2156 ZI-data=3708  
FromELF: creating hex file...
".\Objects\RM战车.axf" - 0 Error(s), 12 Warning(s).

<h2>Software Packages used:</h2>

Package Vendor: ARM
                http://www.keil.com/pack/ARM.CMSIS.4.5.0.pack
                ARM::CMSIS:CORE:4.3.0
                CMSIS (Cortex Microcontroller Software Interface Standard)
   * Component: CORE Version: 4.3.0

<h2>Collection of Component include folders:</h2>
  C:\Users\admin\Desktop\zh工程车整体完整形态有定位5.16备\RM战车2.0新主控板标准库版\RTE
  D:\ARM\CMSIS\4.5.0\CMSIS\Include
  D:\Keil\STM32F4xx_DFP\2.9.0\Drivers\CMSIS\Device\ST\STM32F4xx\Include

<h2>Collection of Component Files used:</h2>

   * Component: ARM::CMSIS:CORE:4.3.0
Build Time Elapsed:  00:02:27
</pre>
</body>
</html>
