<html>
<body>
<pre>
<h1>礦ision Build Log</h1>
<h2>Tool Versions:</h2>
IDE-Version: μVision V5.20.0.39
Copyright (C) 2016 ARM Ltd and ARM Germany GmbH. All rights reserved.
License Information: venom 毒液, shura, LIC=RC912-9BLSB-MLKCI-TZBQ4-F58IV-57T1Y
 
Tool Versions:
Toolchain:       MDK-ARM Plus  Version: 5.14.0.0
Toolchain Path:  C:\Keil_v5\ARM\ARMCC\Bin
C Compiler:      Armcc.exe V5.05 update 1 (build 106)
Assembler:       Armasm.exe V5.05 update 1 (build 106)
Linker/Locator:  ArmLink.exe V5.05 update 1 (build 106)
Library Manager: ArmAr.exe V5.05 update 1 (build 106)
Hex Converter:   FromElf.exe V5.05 update 1 (build 106)
CPU DLL:         SARMCM3.DLL V5.14.0.0
Dialog DLL:      DCM.DLL V1.13.1.0
Target DLL:      Segger\JL2CM3.dll V2.99.13.0
Dialog DLL:      TCM.DLL V1.14.4.0
 
<h2>Project:</h2>
C:\Users\毒液\Desktop\rrtry\F4带光电门\RM战车2.0新主控板标准库版\RM战车.uvprojx
Project File Date:  05/04/2019

<h2>Output:</h2>
*** Using Compiler 'V5.05 update 1 (build 106)', folder: 'C:\Keil_v5\ARM\ARMCC\Bin'
Rebuild target 'Target 1'
compiling timer.c...
compiling usart1.c...
compiling delay.c...
compiling usart3.c...
compiling can1.c...
BSP\can1.c(195): warning:  #177-D: variable "n" was declared but never referenced
  					int n;//转子圈数
BSP\can1.c: 1 warning, 0 errors
compiling led.c...
compiling main.c...
USER\main.c(94): warning:  #940-D: missing return statement at end of non-void function "self_static"
  }
USER\main.c(68): warning:  #177-D: variable "stable" was declared but never referenced
  	int stable;
USER\main.c(73): warning:  #550-D: variable "output" was set but never used
  	int16_t output;
USER\main.c(185): warning:  #1-D: last line of file ends without a newline
  }
USER\main.c(105): warning:  #177-D: variable "mix1" was declared but never referenced
    int16_t mix1=0x00;	
USER\main.c(106): warning:  #177-D: variable "mix2" was declared but never referenced
  	int16_t mix2=0x00;
USER\main.c(107): warning:  #177-D: variable "mix3" was declared but never referenced
  	int16_t mix3=0x00;	
USER\main.c(108): warning:  #177-D: variable "nub" was declared but never referenced
  	u8 nub=0;
USER\main.c(109): warning:  #177-D: variable "time" was declared but never referenced
  	u16 time=0;
USER\main.c: 9 warnings, 0 errors
compiling flash.c...
compiling gun.c...
compiling bsp.c...
BSP\bsp.c(24): warning:  #223-D: function "Exti_Configuration" declared implicitly
  	Exti_Configuration();
BSP\bsp.c: 1 warning, 0 errors
compiling encoder.c...
compiling spi.c...
compiling usart2.c...
compiling oscilloscope.c...
compiling system_stm32f4xx.c...
compiling stm32f4xx_syscfg.c...
compiling stm32f4xx_usart.c...
compiling exti.c...
compiling stm32f4xx_sdio.c...
compiling stm32f4xx_tim.c...
compiling stm32f4xx_rcc.c...
compiling stm32f4xx_gpio.c...
compiling stm32f4xx_exti.c...
compiling stm32f4xx_i2c.c...
compiling stm32f4xx_flash.c...
compiling stm32f4xx_crc.c...
compiling stm32f4xx_dma.c...
assembling startup_stm32f4xx.s...
compiling stm32f4xx_can.c...
compiling stm32f4xx_it.c...
compiling misc.c...
compiling stm32f4xx_spi.c...
compiling stm32f4xx_adc.c...
compiling mpu6500_interrupt.c...
compiling imu.c...
MPU6050\imu.c(49): warning:  #177-D: variable "hz" was declared but never referenced
  	int16_t hx,hy,hz;
MPU6050\imu.c(388): warning:  #550-D: variable "ob" was set but never used
  	float ob=0.0;
MPU6050\imu.c: 2 warnings, 0 errors
compiling test_imu.c...
compiling CanBusTask.c...
compiling ControlTask.c...
compiling IOTask.c...
compiling RemoteTask.c...
compiling PID.c...
Task\PID.c(22): warning:  #550-D: parameter "i" was set but never used
  		void xxx(int i)
Task\PID.c: 1 warning, 0 errors
compiling SuperviseTask.c...
compiling lost_counter.c...
compiling Ramp.c...
compiling LBpid.c...
compiling Protocol.c...
linking...
Program Size: Code=46072 RO-data=736 RW-data=1812 ZI-data=4884  
FromELF: creating hex file...
".\Objects\RM战车.axf" - 0 Error(s), 14 Warning(s).

<h2>Software Packages used:</h2>

Package Vendor: ARM
                http://www.keil.com/pack/ARM.CMSIS.4.2.0.pack
                ARM::CMSIS:CORE:3.40.0
                CMSIS (Cortex Microcontroller Software Interface Standard)
   * Component: CORE Version: 3.40.0

<h2>Collection of Component include folders:</h2>
  C:\Users\毒液\Desktop\rrtry\F4带光电门\RM战车2.0新主控板标准库版\RTE
  C:\Keil_v5\ARM\PACK\ARM\CMSIS\4.2.0\CMSIS\Include
  C:\Keil_v5\ARM\PACK\Keil\STM32F4xx_DFP\2.9.0\Drivers\CMSIS\Device\ST\STM32F4xx\Include

<h2>Collection of Component Files used:</h2>

   * Component: ARM::CMSIS:CORE:3.40.0
      Source file:   CMSIS\UserCodeTemplates\ARM\ITM_Retarget.c
Build Time Elapsed:  00:00:12
</pre>
</body>
</html>
