<html>
<body>
<pre>
<h1>礦ision Build Log</h1>
<h2>Tool Versions:</h2>
IDE-Version: μVision V5.18.0.0
Copyright (C) 2016 ARM Ltd and ARM Germany GmbH. All rights reserved.
License Information: Sephirex Thomas-X, Mircosoft, LIC=Z3C63-A6MGG-MS1YP-MWV9U-USX4A-5UYDA
 
Tool Versions:
Toolchain:       MDK-ARM Professional  Version: 5.18
Toolchain Path:  F:\Sephirex\Keil 5 MDK\ARM\ARMCC\Bin
C Compiler:      Armcc.exe V5.06 update 1 (build 61)
Assembler:       Armasm.exe V5.06 update 1 (build 61)
Linker/Locator:  ArmLink.exe V5.06 update 1 (build 61)
Library Manager: ArmAr.exe V5.06 update 1 (build 61)
Hex Converter:   FromElf.exe V5.06 update 1 (build 61)
CPU DLL:         SARMCM3.DLL V5.18
Dialog DLL:      DCM.DLL V1.13.6.0
Target DLL:      Segger\JL2CM3.dll V2.99.18.0
Dialog DLL:      TCM.DLL V1.14.8.0
 
<h2>Project:</h2>
D:\Computer doucment\桌面\程序\同转速\RM战车.uvprojx
Project File Date:  11/10/2019

<h2>Output:</h2>
*** Using Compiler 'V5.06 update 1 (build 61)', folder: 'F:\Sephirex\Keil 5 MDK\ARM\ARMCC\Bin'
Rebuild target 'Target 1'
compiling delay.c...
compiling usart3.c...
compiling usart1.c...
compiling led.c...
compiling can1.c...
BSP\can1.c(169): warning:  #1035-D: single-precision operand implicitly converted to double-precision
  				shiji_current[Std-0x201]=current/16384.0*20.0;
BSP\can1.c(172): warning:  #1035-D: single-precision operand implicitly converted to double-precision
  			power_fdb=dianliu*24.0;
BSP\can1.c(254): warning:  #177-D: variable "n" was declared but never referenced
  					int n;//转??圈??
BSP\can1.c: 3 warnings, 0 errors
compiling timer.c...
compiling main.c...
USER\main.c(55): warning:  #1035-D: single-precision operand implicitly converted to double-precision
  	if(power>30.0) //超功??
USER\main.c(64): warning:  #177-D: variable "manifold_x_old" was declared but never referenced
  		float manifold_x_old=0;
USER\main.c: 2 warnings, 0 errors
compiling flash.c...
compiling bsp.c...
compiling encoder.c...
compiling oscilloscope.c...
compiling usart2.c...
compiling gun.c...
compiling spi.c...
compiling system_stm32f4xx.c...
compiling stm32f4xx_syscfg.c...
compiling stm32f4xx_sdio.c...
compiling stm32f4xx_rcc.c...
compiling stm32f4xx_tim.c...
compiling stm32f4xx_usart.c...
compiling stm32f4xx_i2c.c...
compiling stm32f4xx_gpio.c...
compiling stm32f4xx_exti.c...
compiling stm32f4xx_dma.c...
compiling stm32f4xx_flash.c...
compiling stm32f4xx_adc.c...
compiling misc.c...
compiling stm32f4xx_crc.c...
compiling stm32f4xx_can.c...
assembling startup_stm32f4xx.s...
compiling stm32f4xx_spi.c...
compiling stm32f4xx_it.c...
compiling CanBusTask.c...
compiling test_imu.c...
compiling ControlTask.c...
Task\ControlTask.c(482): warning:  #177-D: variable "control" was declared but never referenced
  { int control;
Task\ControlTask.c(939): warning:  #1035-D: single-precision operand implicitly converted to double-precision
  	Key_mouse.ch3=RC_CH3 + Key_Ctl_CH3 * Forward_Backword_Value/0.8;			//ch3
Task\ControlTask.c: 2 warnings, 0 errors
compiling imu.c...
MPU6050\imu.c(49): warning:  #177-D: variable "hz" was declared but never referenced
  	int16_t hx,hy,hz;
MPU6050\imu.c: 1 warning, 0 errors
compiling mpu6500_interrupt.c...
compiling RemoteTask.c...
compiling IOTask.c...
compiling PID.c...
Task\PID.c(65): warning:  #550-D: parameter "i" was set but never used
  		void xxx(int i)
Task\PID.c: 1 warning, 0 errors
compiling SuperviseTask.c...
compiling Ramp.c...
compiling lost_counter.c...
compiling Protocol.c...
compiling LBpid.c...
linking...
Program Size: Code=19196 RO-data=448 RW-data=1968 ZI-data=3728  
FromELF: creating hex file...
".\Objects\RM战车.axf" - 0 Error(s), 9 Warning(s).

<h2>Software Packages used:</h2>

Package Vendor: ARM
                http://www.keil.com/pack/ARM.CMSIS.4.5.0.pack
                ARM::CMSIS:CORE:4.3.0
                CMSIS (Cortex Microcontroller Software Interface Standard)
   * Component: CORE Version: 4.3.0

<h2>Collection of Component include folders:</h2>
  D:\Computer doucment\桌面\程序\同转速\RTE
  F:\Sephirex\Keil 5 MDK\ARM\PACK\ARM\CMSIS\4.5.0\CMSIS\Include
  F:\Sephirex\Keil 5 MDK\ARM\PACK\Keil\STM32F4xx_DFP\2.9.0\Drivers\CMSIS\Device\ST\STM32F4xx\Include

<h2>Collection of Component Files used:</h2>

   * Component: ARM::CMSIS:CORE:4.3.0
Build Time Elapsed:  00:00:17
</pre>
</body>
</html>
